Archive member included to satisfy reference by file (symbol)

/home/dl0/Documents/Stage_Recherche/Prog_/c-uart_stm32_integ/c-uart-interface_scheduler__/testing__/atomthreads_custom/ports/cortex-m/libopencm3/lib/libopencm3_stm32f4.a(gpio_common_all.o)
                              /home/dl0/Documents/Stage_Recherche/Prog_/c-uart_stm32_integ/c-uart-interface_scheduler__/testing__/atomthreads_custom/ports/cortex-m/build/board_setup.o (gpio_set)
/home/dl0/Documents/Stage_Recherche/Prog_/c-uart_stm32_integ/c-uart-interface_scheduler__/testing__/atomthreads_custom/ports/cortex-m/libopencm3/lib/libopencm3_stm32f4.a(gpio_common_f0234.o)
                              /home/dl0/Documents/Stage_Recherche/Prog_/c-uart_stm32_integ/c-uart-interface_scheduler__/testing__/atomthreads_custom/ports/cortex-m/build/board_setup.o (gpio_mode_setup)
/home/dl0/Documents/Stage_Recherche/Prog_/c-uart_stm32_integ/c-uart-interface_scheduler__/testing__/atomthreads_custom/ports/cortex-m/libopencm3/lib/libopencm3_stm32f4.a(usart_common_all.o)
                              /home/dl0/Documents/Stage_Recherche/Prog_/c-uart_stm32_integ/c-uart-interface_scheduler__/testing__/atomthreads_custom/ports/cortex-m/build/board_setup.o (usart_set_baudrate)
/home/dl0/Documents/Stage_Recherche/Prog_/c-uart_stm32_integ/c-uart-interface_scheduler__/testing__/atomthreads_custom/ports/cortex-m/libopencm3/lib/libopencm3_stm32f4.a(usart_common_f124.o)
                              /home/dl0/Documents/Stage_Recherche/Prog_/c-uart_stm32_integ/c-uart-interface_scheduler__/testing__/atomthreads_custom/ports/cortex-m/libopencm3/lib/libopencm3_stm32f4.a(usart_common_all.o) (usart_send)
/home/dl0/Documents/Stage_Recherche/Prog_/c-uart_stm32_integ/c-uart-interface_scheduler__/testing__/atomthreads_custom/ports/cortex-m/libopencm3/lib/libopencm3_stm32f4.a(rcc_common_all.o)
                              /home/dl0/Documents/Stage_Recherche/Prog_/c-uart_stm32_integ/c-uart-interface_scheduler__/testing__/atomthreads_custom/ports/cortex-m/build/board_setup.o (rcc_periph_clock_enable)
/home/dl0/Documents/Stage_Recherche/Prog_/c-uart_stm32_integ/c-uart-interface_scheduler__/testing__/atomthreads_custom/ports/cortex-m/libopencm3/lib/libopencm3_stm32f4.a(vector.o)
                              (reset_handler)
/home/dl0/Documents/Stage_Recherche/Prog_/c-uart_stm32_integ/c-uart-interface_scheduler__/testing__/atomthreads_custom/ports/cortex-m/libopencm3/lib/libopencm3_stm32f4.a(systick.o)
                              /home/dl0/Documents/Stage_Recherche/Prog_/c-uart_stm32_integ/c-uart-interface_scheduler__/testing__/atomthreads_custom/ports/cortex-m/build/board_setup.o (systick_set_reload)
/home/dl0/Documents/Stage_Recherche/Prog_/c-uart_stm32_integ/c-uart-interface_scheduler__/testing__/atomthreads_custom/ports/cortex-m/libopencm3/lib/libopencm3_stm32f4.a(nvic.o)
                              /home/dl0/Documents/Stage_Recherche/Prog_/c-uart_stm32_integ/c-uart-interface_scheduler__/testing__/atomthreads_custom/ports/cortex-m/build/board_setup.o (nvic_set_priority)
/home/dl0/Documents/Stage_Recherche/Prog_/c-uart_stm32_integ/c-uart-interface_scheduler__/testing__/atomthreads_custom/ports/cortex-m/libopencm3/lib/libopencm3_stm32f4.a(sync.o)
                              /home/dl0/Documents/Stage_Recherche/Prog_/c-uart_stm32_integ/c-uart-interface_scheduler__/testing__/atomthreads_custom/ports/cortex-m/build/atomport.o (__dmb)
/home/dl0/Documents/Stage_Recherche/Prog_/c-uart_stm32_integ/c-uart-interface_scheduler__/testing__/atomthreads_custom/ports/cortex-m/libopencm3/lib/libopencm3_stm32f4.a(rcc.o)
                              /home/dl0/Documents/Stage_Recherche/Prog_/c-uart_stm32_integ/c-uart-interface_scheduler__/testing__/atomthreads_custom/ports/cortex-m/libopencm3/lib/libopencm3_stm32f4.a(usart_common_all.o) (rcc_apb2_frequency)
/home/dl0/Documents/Stage_Recherche/Prog_/c-uart_stm32_integ/c-uart-interface_scheduler__/testing__/atomthreads_custom/ports/cortex-m/libopencm3/lib/libopencm3_stm32f4.a(flash_common_f234.o)
                              /home/dl0/Documents/Stage_Recherche/Prog_/c-uart_stm32_integ/c-uart-interface_scheduler__/testing__/atomthreads_custom/ports/cortex-m/libopencm3/lib/libopencm3_stm32f4.a(rcc.o) (flash_set_ws)
/home/dl0/Documents/Stage_Recherche/Prog_/c-uart_stm32_integ/c-uart-interface_scheduler__/testing__/atomthreads_custom/ports/cortex-m/libopencm3/lib/libopencm3_stm32f4.a(assert.o)
                              /home/dl0/Documents/Stage_Recherche/Prog_/c-uart_stm32_integ/c-uart-interface_scheduler__/testing__/atomthreads_custom/ports/cortex-m/libopencm3/lib/libopencm3_stm32f4.a(rcc.o) (cm3_assert_failed)
/home/dl0/Documents/Stage_Recherche/Prog_/c-uart_stm32_integ/c-uart-interface_scheduler__/testing__/atomthreads_custom/ports/cortex-m/libopencm3/lib/libopencm3_stm32f4.a(pwr.o)
[...]
Memory Configuration

Name             Origin             Length             Attributes
rom              0x0000000008000000 0x0000000000100000 xr
ram              0x0000000020000000 0x0000000000020000 xrw
*default*        0x0000000000000000 0xffffffffffffffff

Linker script and memory map

LOAD /home/dl0/Documents/Stage_Recherche/Prog_/c-uart_stm32_integ/c-uart-interface_scheduler__/testing__/atomthreads_custom/ports/cortex-m/build/tests-main.o
LOAD /home/dl0/Documents/Stage_Recherche/Prog_/c-uart_stm32_integ/c-uart-interface_scheduler__/testing__/atomthreads_custom/ports/cortex-m/build/board_setup.o
LOAD /home/dl0/Documents/Stage_Recherche/Prog_/c-uart_stm32_integ/c-uart-interface_scheduler__/testing__/atomthreads_custom/ports/cortex-m/build/stubs.o
LOAD /home/dl0/Documents/Stage_Recherche/Prog_/c-uart_stm32_integ/c-uart-interface_scheduler__/testing__/atomthreads_custom/ports/cortex-m/build/stm32_con.o
LOAD /home/dl0/Documents/Stage_Recherche/Prog_/c-uart_stm32_integ/c-uart-interface_scheduler__/testing__/atomthreads_custom/ports/cortex-m/build/atomport.o
LOAD /home/dl0/Documents/Stage_Recherche/Prog_/c-uart_stm32_integ/c-uart-interface_scheduler__/testing__/atomthreads_custom/ports/cortex-m/build/atomport-asm.o
LOAD /home/dl0/Documents/Stage_Recherche/Prog_/c-uart_stm32_integ/c-uart-interface_scheduler__/testing__/atomthreads_custom/ports/cortex-m/build/atomkernel.o
LOAD /home/dl0/Documents/Stage_Recherche/Prog_/c-uart_stm32_integ/c-uart-interface_scheduler__/testing__/atomthreads_custom/ports/cortex-m/build/atomsem.o
LOAD /home/dl0/Documents/Stage_Recherche/Prog_/c-uart_stm32_integ/c-uart-interface_scheduler__/testing__/atomthreads_custom/ports/cortex-m/build/atommutex.o
LOAD /home/dl0/Documents/Stage_Recherche/Prog_/c-uart_stm32_integ/c-uart-interface_scheduler__/testing__/atomthreads_custom/ports/cortex-m/build/atomtimer.o
LOAD /home/dl0/Documents/Stage_Recherche/Prog_/c-uart_stm32_integ/c-uart-interface_scheduler__/testing__/atomthreads_custom/ports/cortex-m/build/atomqueue.o
LOAD /home/dl0/Documents/Stage_Recherche/Prog_/c-uart_stm32_integ/c-uart-interface_scheduler__/testing__/atomthreads_custom/ports/cortex-m/build/mutex4.o
LOAD /home/dl0/Documents/Stage_Recherche/Prog_/c-uart_stm32_integ/c-uart-interface_scheduler__/testing__/atomthreads_custom/ports/cortex-m/libopencm3/lib/libopencm3_stm32f4.a
START GROUP
LOAD /home/dl0/sat/lib/gcc/arm-none-eabi/5.3.0/../../../../arm-none-eabi/lib/thumb/cortex-m4/float-abi-hard/fpuv4-sp-d16/libc.a
LOAD /home/dl0/sat/lib/gcc/arm-none-eabi/5.3.0/thumb/cortex-m4/float-abi-hard/fpuv4-sp-d16/libgcc.a
END GROUP
START GROUP
LOAD /home/dl0/sat/lib/gcc/arm-none-eabi/5.3.0/thumb/cortex-m4/float-abi-hard/fpuv4-sp-d16/libgcc.a
LOAD /home/dl0/sat/lib/gcc/arm-none-eabi/5.3.0/../../../../arm-none-eabi/lib/thumb/cortex-m4/float-abi-hard/fpuv4-sp-d16/libc.a
END GROUP

.text           0x0000000008000000     0x7de0
 *(.vectors)
 .vectors       0x0000000008000000      0x1ac /home/dl0/Documents/Stage_Recherche/Prog_/c-uart_stm32_integ/c-uart-interface_scheduler__/testing__/atomthreads_custom/ports/cortex-m/libopencm3/lib/libopencm3_stm32f4.a(vector.o)
                0x0000000008000000                vector_table
 *(.text*)
 .text.main_thread_func
                0x00000000080001ac       0x58 /home/dl0/Documents/Stage_Recherche/Prog_/c-uart_stm32_integ/c-uart-interface_scheduler__/testing__/atomthreads_custom/ports/cortex-m/build/tests-main.o
 .text.startup.main
                0x0000000008000204       0x54 /home/dl0/Documents/Stage_Recherche/Prog_/c-uart_stm32_integ/c-uart-interface_scheduler__/testing__/atomthreads_custom/ports/cortex-m/build/tests-main.o
                0x0000000008000204                main
 .text.test_led_toggle
                0x0000000008000258       0x20 /home/dl0/Documents/Stage_Recherche/Prog_/c-uart_stm32_integ/c-uart-interface_scheduler__/testing__/atomthreads_custom/ports/cortex-m/build/board_setup.o
                0x0000000008000258                test_led_toggle
 .text.board_setup
                0x0000000008000278       0xec /home/dl0/Documents/Stage_Recherche/Prog_/c-uart_stm32_integ/c-uart-interface_scheduler__/testing__/atomthreads_custom/ports/cortex-m/build/board_setup.o
                0x0000000008000278                board_setup
 .text._sbrk    0x0000000008000364       0x48 /home/dl0/Documents/Stage_Recherche/Prog_/c-uart_stm32_integ/c-uart-interface_scheduler__/testing__/atomthreads_custom/ports/cortex-m/build/stubs.o
                0x0000000008000364                _sbrk
 .text._close   0x00000000080003ac        0x6 /home/dl0/Documents/Stage_Recherche/Prog_/c-uart_stm32_integ/c-uart-interface_scheduler__/testing__/atomthreads_custom/ports/cortex-m/build/stubs.o
                0x00000000080003ac                _close
 .text._fstat   0x00000000080003b2        0xa /home/dl0/Documents/Stage_Recherche/Prog_/c-uart_stm32_integ/c-uart-interface_scheduler__/testing__/atomthreads_custom/ports/cortex-m/build/stubs.o
                0x00000000080003b2                _fstat
 .text._isatty  0x00000000080003bc        0x4 /home/dl0/Documents/Stage_Recherche/Prog_/c-uart_stm32_integ/c-uart-interface_scheduler__/testing__/atomthreads_custom/ports/cortex-m/build/stubs.o
                0x00000000080003bc                _isatty
 .text._lseek   0x00000000080003c0        0x4 /home/dl0/Documents/Stage_Recherche/Prog_/c-uart_stm32_integ/c-uart-interface_scheduler__/testing__/atomthreads_custom/ports/cortex-m/build/stubs.o
                0x00000000080003c0                _lseek
 .text._read    0x00000000080003c4       0x38 /home/dl0/Documents/Stage_Recherche/Prog_/c-uart_stm32_integ/c-uart-interface_scheduler__/testing__/atomthreads_custom/ports/cortex-m/build/stm32_con.o
                0x00000000080003c4                _read
 .text._write   0x00000000080003fc       0x40 /home/dl0/Documents/Stage_Recherche/Prog_/c-uart_stm32_integ/c-uart-interface_scheduler__/testing__/atomthreads_custom/ports/cortex-m/build/stm32_con.o
                0x00000000080003fc                _write
 .text.thread_shell
                0x000000000800043c       0x16 /home/dl0/Documents/Stage_Recherche/Prog_/c-uart_stm32_integ/c-uart-interface_scheduler__/testing__/atomthreads_custom/ports/cortex-m/build/atomport.o
 *fill*         0x0000000008000452        0x2 
 .text.archFirstThreadRestore
                0x0000000008000454       0x20 /home/dl0/Documents/Stage_Recherche/Prog_/c-uart_stm32_integ/c-uart-interface_scheduler__/testing__/atomthreads_custom/ports/cortex-m/build/atomport.o
                0x0000000008000454                archFirstThreadRestore
 .text.archContextSwitch
                0x0000000008000474       0x24 /home/dl0/Documents/Stage_Recherche/Prog_/c-uart_stm32_integ/c-uart-interface_scheduler__/testing__/atomthreads_custom/ports/cortex-m/build/atomport.o
                0x0000000008000474                archContextSwitch
 .text.sys_tick_handler
                0x0000000008000498       0x14 /home/dl0/Documents/Stage_Recherche/Prog_/c-uart_stm32_integ/c-uart-interface_scheduler__/testing__/atomthreads_custom/ports/cortex-m/build/atomport.o
                0x0000000008000498                sys_tick_handler
 .text.nmi_handler
                0x00000000080004ac        0x2 /home/dl0/Documents/Stage_Recherche/Prog_/c-uart_stm32_integ/c-uart-interface_scheduler__/testing__/atomthreads_custom/ports/cortex-m/build/atomport.o
                0x00000000080004ac                nmi_handler
 .text.hard_fault_handler
                0x00000000080004ae        0x2 /home/dl0/Documents/Stage_Recherche/Prog_/c-uart_stm32_integ/c-uart-interface_scheduler__/testing__/atomthreads_custom/ports/cortex-m/build/atomport.o
                0x00000000080004ae                hard_fault_handler
 .text.archThreadContextInit
                0x00000000080004b0      0x100 /home/dl0/Documents/Stage_Recherche/Prog_/c-uart_stm32_integ/c-uart-interface_scheduler__/testing__/atomthreads_custom/ports/cortex-m/build/atomport.o
                0x00000000080004b0                archThreadContextInit
 .text          0x00000000080005b0       0xc4 /home/dl0/Documents/Stage_Recherche/Prog_/c-uart_stm32_integ/c-uart-interface_scheduler__/testing__/atomthreads_custom/ports/cortex-m/build/atomport-asm.o
                0x00000000080005b0                _archFirstThreadRestore
                0x0000000008000612                pend_sv_handler
 .text.atomIdleThread
                0x0000000008000674        0x2 /home/dl0/Documents/Stage_Recherche/Prog_/c-uart_stm32_integ/c-uart-interface_scheduler__/testing__/atomthreads_custom/ports/cortex-m/build/atomkernel.o
 *fill*         0x0000000008000676        0x2 
 .text.atomIntEnter
                0x0000000008000678       0x10 /home/dl0/Documents/Stage_Recherche/Prog_/c-uart_stm32_integ/c-uart-interface_scheduler__/testing__/atomthreads_custom/ports/cortex-m/build/atomkernel.o
                0x0000000008000678                atomIntEnter
 .text.atomCurrentContext
                0x0000000008000688       0x18 /home/dl0/Documents/Stage_Recherche/Prog_/c-uart_stm32_integ/c-uart-interface_scheduler__/testing__/atomthreads_custom/ports/cortex-m/build/atomkernel.o
                0x0000000008000688                atomCurrentContext
 .text.tcbEnqueuePriority
                0x00000000080006a0       0x60 /home/dl0/Documents/Stage_Recherche/Prog_/c-uart_stm32_integ/c-uart-interface_scheduler__/testing__/atomthreads_custom/ports/cortex-m/build/atomkernel.o
                0x00000000080006a0                tcbEnqueuePriority
 .text.tcbDequeueHead
                0x0000000008000700       0x24 /home/dl0/Documents/Stage_Recherche/Prog_/c-uart_stm32_integ/c-uart-interface_scheduler__/testing__/atomthreads_custom/ports/cortex-m/build/atomkernel.o
                0x0000000008000700                tcbDequeueHead
 .text.tcbDequeueEntry
                0x0000000008000724       0x58 /home/dl0/Documents/Stage_Recherche/Prog_/c-uart_stm32_integ/c-uart-interface_scheduler__/testing__/atomthreads_custom/ports/cortex-m/build/atomkernel.o
                0x0000000008000724                tcbDequeueEntry
 .text.tcbDequeuePriority
                0x000000000800077c       0x2c /home/dl0/Documents/Stage_Recherche/Prog_/c-uart_stm32_integ/c-uart-interface_scheduler__/testing__/atomthreads_custom/ports/cortex-m/build/atomkernel.o
                0x000000000800077c                tcbDequeuePriority
 .text.atomSched
                0x00000000080007a8       0x88 /home/dl0/Documents/Stage_Recherche/Prog_/c-uart_stm32_integ/c-uart-interface_scheduler__/testing__/atomthreads_custom/ports/cortex-m/build/atomkernel.o
                0x00000000080007a8                atomSched
 .text.atomThreadCreate
                0x0000000008000830       0x90 /home/dl0/Documents/Stage_Recherche/Prog_/c-uart_stm32_integ/c-uart-interface_scheduler__/testing__/atomthreads_custom/ports/cortex-m/build/atomkernel.o
                0x0000000008000830                atomThreadCreate
 .text.atomOSInit
                0x00000000080008c0       0x38 /home/dl0/Documents/Stage_Recherche/Prog_/c-uart_stm32_integ/c-uart-interface_scheduler__/testing__/atomthreads_custom/ports/cortex-m/build/atomkernel.o
                0x00000000080008c0                atomOSInit
 .text.atomIntExit
                0x00000000080008f8       0x10 /home/dl0/Documents/Stage_Recherche/Prog_/c-uart_stm32_integ/c-uart-interface_scheduler__/testing__/atomthreads_custom/ports/cortex-m/build/atomkernel.o
                0x00000000080008f8                atomIntExit
 .text.atomOSStart
                0x0000000008000908       0x2c /home/dl0/Documents/Stage_Recherche/Prog_/c-uart_stm32_integ/c-uart-interface_scheduler__/testing__/atomthreads_custom/ports/cortex-m/build/atomkernel.o
                0x0000000008000908                atomOSStart
 .text.atomSemTimerCallback
                0x0000000008000934       0x3c /home/dl0/Documents/Stage_Recherche/Prog_/c-uart_stm32_integ/c-uart-interface_scheduler__/testing__/atomthreads_custom/ports/cortex-m/build/atomsem.o
 .text.atomSemCreate
                0x0000000008000970       0x10 /home/dl0/Documents/Stage_Recherche/Prog_/c-uart_stm32_integ/c-uart-interface_scheduler__/testing__/atomthreads_custom/ports/cortex-m/build/atomsem.o
                0x0000000008000970                atomSemCreate
 .text.atomSemDelete
                0x0000000008000980       0x8c /home/dl0/Documents/Stage_Recherche/Prog_/c-uart_stm32_integ/c-uart-interface_scheduler__/testing__/atomthreads_custom/ports/cortex-m/build/atomsem.o
                0x0000000008000980                atomSemDelete
 .text.atomSemGet
                0x0000000008000a0c       0xc8 /home/dl0/Documents/Stage_Recherche/Prog_/c-uart_stm32_integ/c-uart-interface_scheduler__/testing__/atomthreads_custom/ports/cortex-m/build/atomsem.o
                0x0000000008000a0c                atomSemGet
 .text.atomSemPut
                0x0000000008000ad4       0x84 /home/dl0/Documents/Stage_Recherche/Prog_/c-uart_stm32_integ/c-uart-interface_scheduler__/testing__/atomthreads_custom/ports/cortex-m/build/atomsem.o
                0x0000000008000ad4                atomSemPut
 .text.atomMutexTimerCallback
                0x0000000008000b58       0x3c /home/dl0/Documents/Stage_Recherche/Prog_/c-uart_stm32_integ/c-uart-interface_scheduler__/testing__/atomthreads_custom/ports/cortex-m/build/atommutex.o
 .text.atomMutexCreate
                0x0000000008000b94       0x12 /home/dl0/Documents/Stage_Recherche/Prog_/c-uart_stm32_integ/c-uart-interface_scheduler__/testing__/atomthreads_custom/ports/cortex-m/build/atommutex.o
                0x0000000008000b94                atomMutexCreate
 *fill*         0x0000000008000ba6        0x2 
 .text.atomMutexDelete
                0x0000000008000ba8       0x8c /home/dl0/Documents/Stage_Recherche/Prog_/c-uart_stm32_integ/c-uart-interface_scheduler__/testing__/atomthreads_custom/ports/cortex-m/build/atommutex.o
                0x0000000008000ba8                atomMutexDelete
 .text.atomMutexGet
                0x0000000008000c34       0xe4 /home/dl0/Documents/Stage_Recherche/Prog_/c-uart_stm32_integ/c-uart-interface_scheduler__/testing__/atomthreads_custom/ports/cortex-m/build/atommutex.o
                0x0000000008000c34                atomMutexGet
 .text.atomMutexPut
                0x0000000008000d18       0xa4 /home/dl0/Documents/Stage_Recherche/Prog_/c-uart_stm32_integ/c-uart-interface_scheduler__/testing__/atomthreads_custom/ports/cortex-m/build/atommutex.o
                0x0000000008000d18                atomMutexPut
 .text.atomTimerDelayCallback
                0x0000000008000dbc       0x24 /home/dl0/Documents/Stage_Recherche/Prog_/c-uart_stm32_integ/c-uart-interface_scheduler__/testing__/atomthreads_custom/ports/cortex-m/build/atomtimer.o
 .text.atomTimerRegister
                0x0000000008000de0       0x30 /home/dl0/Documents/Stage_Recherche/Prog_/c-uart_stm32_integ/c-uart-interface_scheduler__/testing__/atomthreads_custom/ports/cortex-m/build/atomtimer.o
                0x0000000008000de0                atomTimerRegister
 .text.atomTimerCancel
                0x0000000008000e10       0x44 /home/dl0/Documents/Stage_Recherche/Prog_/c-uart_stm32_integ/c-uart-interface_scheduler__/testing__/atomthreads_custom/ports/cortex-m/build/atomtimer.o
                0x0000000008000e10                atomTimerCancel
 .text.atomTimerTick
                0x0000000008000e54       0x70 /home/dl0/Documents/Stage_Recherche/Prog_/c-uart_stm32_integ/c-uart-interface_scheduler__/testing__/atomthreads_custom/ports/cortex-m/build/atomtimer.o
                0x0000000008000e54                atomTimerTick
 .text.atomTimerDelay
                0x0000000008000ec4       0x64 /home/dl0/Documents/Stage_Recherche/Prog_/c-uart_stm32_integ/c-uart-interface_scheduler__/testing__/atomthreads_custom/ports/cortex-m/build/atomtimer.o
                0x0000000008000ec4                atomTimerDelay
 .text.test_thread_func
                0x0000000008000f28       0x90 /home/dl0/Documents/Stage_Recherche/Prog_/c-uart_stm32_integ/c-uart-interface_scheduler__/testing__/atomthreads_custom/ports/cortex-m/build/mutex4.o
 .text.test_start
                0x0000000008000fb8      0x1e8 /home/dl0/Documents/Stage_Recherche/Prog_/c-uart_stm32_integ/c-uart-interface_scheduler__/testing__/atomthreads_custom/ports/cortex-m/build/mutex4.o
                0x0000000008000fb8                test_start
 .text.gpio_set
                0x00000000080011a0        0x4 /home/dl0/Documents/Stage_Recherche/Prog_/c-uart_stm32_integ/c-uart-interface_scheduler__/testing__/atomthreads_custom/ports/cortex-m/libopencm3/lib/libopencm3_stm32f4.a(gpio_common_all.o)
                0x00000000080011a0                gpio_set
 .text.gpio_toggle
                0x00000000080011a4       0x10 /home/dl0/Documents/Stage_Recherche/Prog_/c-uart_stm32_integ/c-uart-interface_scheduler__/testing__/atomthreads_custom/ports/cortex-m/libopencm3/lib/libopencm3_stm32f4.a(gpio_common_all.o)
                0x00000000080011a4                gpio_toggle
 .text.gpio_mode_setup
                0x00000000080011b4       0x44 /home/dl0/Documents/Stage_Recherche/Prog_/c-uart_stm32_integ/c-uart-interface_scheduler__/testing__/atomthreads_custom/ports/cortex-m/libopencm3/lib/libopencm3_stm32f4.a(gpio_common_f0234.o)
                0x00000000080011b4                gpio_mode_setup
 .text.gpio_set_af
                0x00000000080011f8       0x50 /home/dl0/Documents/Stage_Recherche/Prog_/c-uart_stm32_integ/c-uart-interface_scheduler__/testing__/atomthreads_custom/ports/cortex-m/libopencm3/lib/libopencm3_stm32f4.a(gpio_common_f0234.o)
                0x00000000080011f8                gpio_set_af
 .text.usart_set_baudrate
                0x0000000008001248       0x30 /home/dl0/Documents/Stage_Recherche/Prog_/c-uart_stm32_integ/c-uart-interface_scheduler__/testing__/atomthreads_custom/ports/cortex-m/libopencm3/lib/libopencm3_stm32f4.a(usart_common_all.o)
                0x0000000008001248                usart_set_baudrate
 .text.usart_set_databits
                0x0000000008001278       0x12 /home/dl0/Documents/Stage_Recherche/Prog_/c-uart_stm32_integ/c-uart-interface_scheduler__/testing__/atomthreads_custom/ports/cortex-m/libopencm3/lib/libopencm3_stm32f4.a(usart_common_all.o)
                0x0000000008001278                usart_set_databits
 .text.usart_set_stopbits
                0x000000000800128a        0xc /home/dl0/Documents/Stage_Recherche/Prog_/c-uart_stm32_integ/c-uart-interface_scheduler__/testing__/atomthreads_custom/ports/cortex-m/libopencm3/lib/libopencm3_stm32f4.a(usart_common_all.o)
                0x000000000800128a                usart_set_stopbits
 .text.usart_set_parity
                0x0000000008001296        0xc /home/dl0/Documents/Stage_Recherche/Prog_/c-uart_stm32_integ/c-uart-interface_scheduler__/testing__/atomthreads_custom/ports/cortex-m/libopencm3/lib/libopencm3_stm32f4.a(usart_common_all.o)
                0x0000000008001296                usart_set_parity
 .text.usart_set_mode
                0x00000000080012a2        0xc /home/dl0/Documents/Stage_Recherche/Prog_/c-uart_stm32_integ/c-uart-interface_scheduler__/testing__/atomthreads_custom/ports/cortex-m/libopencm3/lib/libopencm3_stm32f4.a(usart_common_all.o)
                0x00000000080012a2                usart_set_mode
 .text.usart_set_flow_control
                0x00000000080012ae        0xc /home/dl0/Documents/Stage_Recherche/Prog_/c-uart_stm32_integ/c-uart-interface_scheduler__/testing__/atomthreads_custom/ports/cortex-m/libopencm3/lib/libopencm3_stm32f4.a(usart_common_all.o)
                0x00000000080012ae                usart_set_flow_control
 .text.usart_enable
                0x00000000080012ba        0xa /home/dl0/Documents/Stage_Recherche/Prog_/c-uart_stm32_integ/c-uart-interface_scheduler__/testing__/atomthreads_custom/ports/cortex-m/libopencm3/lib/libopencm3_stm32f4.a(usart_common_all.o)
                0x00000000080012ba                usart_enable
 .text.usart_disable
                0x00000000080012c4        0xa /home/dl0/Documents/Stage_Recherche/Prog_/c-uart_stm32_integ/c-uart-interface_scheduler__/testing__/atomthreads_custom/ports/cortex-m/libopencm3/lib/libopencm3_stm32f4.a(usart_common_all.o)
                0x00000000080012c4                usart_disable
 .text.usart_send_blocking
                0x00000000080012ce       0x16 /home/dl0/Documents/Stage_Recherche/Prog_/c-uart_stm32_integ/c-uart-interface_scheduler__/testing__/atomthreads_custom/ports/cortex-m/libopencm3/lib/libopencm3_stm32f4.a(usart_common_all.o)
                0x00000000080012ce                usart_send_blocking
 .text.usart_recv_blocking
                0x00000000080012e4       0x12 /home/dl0/Documents/Stage_Recherche/Prog_/c-uart_stm32_integ/c-uart-interface_scheduler__/testing__/atomthreads_custom/ports/cortex-m/libopencm3/lib/libopencm3_stm32f4.a(usart_common_all.o)
                0x00000000080012e4                usart_recv_blocking
 .text.usart_send
                0x00000000080012f6        0x8 /home/dl0/Documents/Stage_Recherche/Prog_/c-uart_stm32_integ/c-uart-interface_scheduler__/testing__/atomthreads_custom/ports/cortex-m/libopencm3/lib/libopencm3_stm32f4.a(usart_common_f124.o)
                0x00000000080012f6                usart_send
 .text.usart_recv
                0x00000000080012fe        0x8 /home/dl0/Documents/Stage_Recherche/Prog_/c-uart_stm32_integ/c-uart-interface_scheduler__/testing__/atomthreads_custom/ports/cortex-m/libopencm3/lib/libopencm3_stm32f4.a(usart_common_f124.o)
                0x00000000080012fe                usart_recv
 .text.usart_wait_send_ready
                0x0000000008001306        0x8 /home/dl0/Documents/Stage_Recherche/Prog_/c-uart_stm32_integ/c-uart-interface_scheduler__/testing__/atomthreads_custom/ports/cortex-m/libopencm3/lib/libopencm3_stm32f4.a(usart_common_f124.o)
                0x0000000008001306                usart_wait_send_ready
 .text.usart_wait_recv_ready
                0x000000000800130e        0x8 /home/dl0/Documents/Stage_Recherche/Prog_/c-uart_stm32_integ/c-uart-interface_scheduler__/testing__/atomthreads_custom/ports/cortex-m/libopencm3/lib/libopencm3_stm32f4.a(usart_common_f124.o)
                0x000000000800130e                usart_wait_recv_ready
 .text.rcc_periph_clock_enable
                0x0000000008001316       0x1c /home/dl0/Documents/Stage_Recherche/Prog_/c-uart_stm32_integ/c-uart-interface_scheduler__/testing__/atomthreads_custom/ports/cortex-m/libopencm3/lib/libopencm3_stm32f4.a(rcc_common_all.o)
                0x0000000008001316                rcc_periph_clock_enable
 .text.blocking_handler
                0x0000000008001332        0x2 /home/dl0/Documents/Stage_Recherche/Prog_/c-uart_stm32_integ/c-uart-interface_scheduler__/testing__/atomthreads_custom/ports/cortex-m/libopencm3/lib/libopencm3_stm32f4.a(vector.o)
                0x0000000008001332                dma2_stream1_isr
                0x0000000008001332                tim8_brk_tim12_isr
                0x0000000008001332                dma1_stream7_isr
                0x0000000008001332                usart3_isr
                0x0000000008001332                tim7_isr
                0x0000000008001332                dma2d_isr
                0x0000000008001332                uart8_isr
                0x0000000008001332                dma1_stream2_isr
                0x0000000008001332                otg_hs_isr
                0x0000000008001332                blocking_handler
                0x0000000008001332                tim5_isr
                0x0000000008001332                rtc_wkup_isr
                0x0000000008001332                otg_fs_isr
                0x0000000008001332                spi1_isr
                0x0000000008001332                i2c3_er_isr
                0x0000000008001332                exti2_isr
                0x0000000008001332                spi5_isr
                0x0000000008001332                usb_fs_wkup_isr
                0x0000000008001332                tamp_stamp_isr
                0x0000000008001332                can1_rx1_isr
                0x0000000008001332                dma2_stream0_isr
                0x0000000008001332                usart1_isr
                0x0000000008001332                i2c3_ev_isr
                0x0000000008001332                usage_fault_handler
                0x0000000008001332                can2_rx0_isr
                0x0000000008001332                dma1_stream6_isr
                0x0000000008001332                can2_rx1_isr
                0x0000000008001332                can1_sce_isr
                0x0000000008001332                tim1_cc_isr
                0x0000000008001332                can1_tx_isr
                0x0000000008001332                tim1_up_tim10_isr
                0x0000000008001332                sdio_isr
                0x0000000008001332                eth_isr
                0x0000000008001332                spi6_isr
                0x0000000008001332                dma2_stream5_isr
                0x0000000008001332                pvd_isr
                0x0000000008001332                can1_rx0_isr
                0x0000000008001332                rcc_isr
                0x0000000008001332                dma2_stream3_isr
                0x0000000008001332                flash_isr
                0x0000000008001332                uart4_isr
                0x0000000008001332                lcd_tft_isr
                0x0000000008001332                rtc_alarm_isr
                0x0000000008001332                exti15_10_isr
                0x0000000008001332                hash_rng_isr
                0x0000000008001332                tim1_trg_com_tim11_isr
                0x0000000008001332                exti1_isr
                0x0000000008001332                i2c1_ev_isr
                0x0000000008001332                usart6_isr
                0x0000000008001332                spi2_isr
                0x0000000008001332                cryp_isr
                0x0000000008001332                nvic_wwdg_isr
                0x0000000008001332                dma1_stream1_isr
                0x0000000008001332                dma2_stream4_isr
                0x0000000008001332                exti3_isr
                0x0000000008001332                tim3_isr
                0x0000000008001332                usart2_isr
                0x0000000008001332                sai1_isr
                0x0000000008001332                fpu_isr
                0x0000000008001332                dma1_stream4_isr
                0x0000000008001332                i2c2_er_isr
                0x0000000008001332                i2c2_ev_isr
                0x0000000008001332                uart5_isr
                0x0000000008001332                dma2_stream6_isr
                0x0000000008001332                spi4_isr
                0x0000000008001332                adc_isr
                0x0000000008001332                dma2_stream7_isr
                0x0000000008001332                tim8_up_tim13_isr
                0x0000000008001332                fsmc_isr
                0x0000000008001332                exti4_isr
                0x0000000008001332                tim6_dac_isr
                0x0000000008001332                dma1_stream3_isr
                0x0000000008001332                tim8_trg_com_tim14_isr
                0x0000000008001332                mem_manage_handler
                0x0000000008001332                lcd_tft_err_isr
                0x0000000008001332                can2_tx_isr
                0x0000000008001332                exti9_5_isr
                0x0000000008001332                tim1_brk_tim9_isr
                0x0000000008001332                uart7_isr
                0x0000000008001332                can2_sce_isr
                0x0000000008001332                tim4_isr
                0x0000000008001332                otg_hs_wkup_isr
                0x0000000008001332                i2c1_er_isr
                0x0000000008001332                dma1_stream0_isr
                0x0000000008001332                tim8_cc_isr
                0x0000000008001332                dcmi_isr
                0x0000000008001332                dma2_stream2_isr
                0x0000000008001332                eth_wkup_isr
                0x0000000008001332                bus_fault_handler
                0x0000000008001332                otg_hs_ep1_out_isr
                0x0000000008001332                spi3_isr
                0x0000000008001332                dma1_stream5_isr
                0x0000000008001332                otg_hs_ep1_in_isr
                0x0000000008001332                tim2_isr
                0x0000000008001332                exti0_isr
 .text.null_handler
                0x0000000008001334        0x2 /home/dl0/Documents/Stage_Recherche/Prog_/c-uart_stm32_integ/c-uart-interface_scheduler__/testing__/atomthreads_custom/ports/cortex-m/libopencm3/lib/libopencm3_stm32f4.a(vector.o)
                0x0000000008001334                null_handler
                0x0000000008001334                sv_call_handler
                0x0000000008001334                debug_monitor_handler
 *fill*         0x0000000008001336        0x2 
 .text.reset_handler
                0x0000000008001338       0x98 /home/dl0/Documents/Stage_Recherche/Prog_/c-uart_stm32_integ/c-uart-interface_scheduler__/testing__/atomthreads_custom/ports/cortex-m/libopencm3/lib/libopencm3_stm32f4.a(vector.o)
                0x0000000008001338                reset_handler
 .text.systick_set_reload
                0x00000000080013d0       0x10 /home/dl0/Documents/Stage_Recherche/Prog_/c-uart_stm32_integ/c-uart-interface_scheduler__/testing__/atomthreads_custom/ports/cortex-m/libopencm3/lib/libopencm3_stm32f4.a(systick.o)
                0x00000000080013d0                systick_set_reload
 .text.systick_set_clocksource
                0x00000000080013e0       0x18 /home/dl0/Documents/Stage_Recherche/Prog_/c-uart_stm32_integ/c-uart-interface_scheduler__/testing__/atomthreads_custom/ports/cortex-m/libopencm3/lib/libopencm3_stm32f4.a(systick.o)
                0x00000000080013e0                systick_set_clocksource
 .text.systick_interrupt_enable
                0x00000000080013f8       0x10 /home/dl0/Documents/Stage_Recherche/Prog_/c-uart_stm32_integ/c-uart-interface_scheduler__/testing__/atomthreads_custom/ports/cortex-m/libopencm3/lib/libopencm3_stm32f4.a(systick.o)
                0x00000000080013f8                systick_interrupt_enable
 .text.systick_counter_enable
                0x0000000008001408       0x10 /home/dl0/Documents/Stage_Recherche/Prog_/c-uart_stm32_integ/c-uart-interface_scheduler__/testing__/atomthreads_custom/ports/cortex-m/libopencm3/lib/libopencm3_stm32f4.a(systick.o)
                0x0000000008001408                systick_counter_enable
 .text.nvic_set_priority
                0x0000000008001418       0x20 /home/dl0/Documents/Stage_Recherche/Prog_/c-uart_stm32_integ/c-uart-interface_scheduler__/testing__/atomthreads_custom/ports/cortex-m/libopencm3/lib/libopencm3_stm32f4.a(nvic.o)
                0x0000000008001418                nvic_set_priority
 .text.__dmb    0x0000000008001438        0x6 /home/dl0/Documents/Stage_Recherche/Prog_/c-uart_stm32_integ/c-uart-interface_scheduler__/testing__/atomthreads_custom/ports/cortex-m/libopencm3/lib/libopencm3_stm32f4.a(sync.o)
                0x0000000008001438                __dmb
 *fill*         0x000000000800143e        0x2 
 .text          0x0000000008001440        0xc /home/dl0/sat/lib/gcc/arm-none-eabi/5.3.0/../../../../arm-none-eabi/lib/thumb/cortex-m4/float-abi-hard/fpuv4-sp-d16/libc.a(lib_a-errno.o)
                0x0000000008001440                __errno
 .text          0x000000000800144c      0x134 /home/dl0/sat/lib/gcc/arm-none-eabi/5.3.0/../../../../arm-none-eabi/lib/thumb/cortex-m4/float-abi-hard/fpuv4-sp-d16/libc.a(lib_a-memcpy.o)
                0x000000000800144c                memcpy
 .text          0x0000000008001580       0x9c /home/dl0/sat/lib/gcc/arm-none-eabi/5.3.0/../../../../arm-none-eabi/lib/thumb/cortex-m4/float-abi-hard/fpuv4-sp-d16/libc.a(lib_a-memset.o)
                0x0000000008001580                memset
 .text          0x000000000800161c       0x48 /home/dl0/sat/lib/gcc/arm-none-eabi/5.3.0/../../../../arm-none-eabi/lib/thumb/cortex-m4/float-abi-hard/fpuv4-sp-d16/libc.a(lib_a-printf.o)
                0x000000000800161c                _printf_r
                0x000000000800163c                printf
 .text          0x0000000008001664       0x6c /home/dl0/sat/lib/gcc/arm-none-eabi/5.3.0/../../../../arm-none-eabi/lib/thumb/cortex-m4/float-abi-hard/fpuv4-sp-d16/libc.a(lib_a-puts.o)
                0x0000000008001664                _puts_r
                0x00000000080016c0                puts
 .text          0x00000000080016d0       0x5c /home/dl0/sat/lib/gcc/arm-none-eabi/5.3.0/../../../../arm-none-eabi/lib/thumb/cortex-m4/float-abi-hard/fpuv4-sp-d16/libc.a(lib_a-strlen.o)
                0x00000000080016d0                strlen
 *fill*         0x000000000800172c        0x4 
 .text          0x0000000008001730     0x160c /home/dl0/sat/lib/gcc/arm-none-eabi/5.3.0/../../../../arm-none-eabi/lib/thumb/cortex-m4/float-abi-hard/fpuv4-sp-d16/libc.a(lib_a-vfprintf.o)
                0x0000000008001730                _vfprintf_r
                0x0000000008002cb8                vfprintf
 .text          0x0000000008002d3c       0xc4 /home/dl0/sat/lib/gcc/arm-none-eabi/5.3.0/../../../../arm-none-eabi/lib/thumb/cortex-m4/float-abi-hard/fpuv4-sp-d16/libc.a(lib_a-wsetup.o)
                0x0000000008002d3c                __swsetup_r
 .text          0x0000000008002e00      0xf5c /home/dl0/sat/lib/gcc/arm-none-eabi/5.3.0/../../../../arm-none-eabi/lib/thumb/cortex-m4/float-abi-hard/fpuv4-sp-d16/libc.a(lib_a-dtoa.o)
                0x0000000008002f28                _dtoa_r
 .text          0x0000000008003d5c      0x198 /home/dl0/sat/lib/gcc/arm-none-eabi/5.3.0/../../../../arm-none-eabi/lib/thumb/cortex-m4/float-abi-hard/fpuv4-sp-d16/libc.a(lib_a-fflush.o)
                0x0000000008003d5c                __sflush_r
                0x0000000008003ea4                _fflush_r
                0x0000000008003ed0                fflush
 .text          0x0000000008003ef4      0x210 /home/dl0/sat/lib/gcc/arm-none-eabi/5.3.0/../../../../arm-none-eabi/lib/thumb/cortex-m4/float-abi-hard/fpuv4-sp-d16/libc.a(lib_a-findfp.o)
                0x0000000008003ef8                _cleanup_r
                0x0000000008003ff8                __sfmoreglue
                0x0000000008004028                __sfp
                0x00000000080040b0                _cleanup
                0x00000000080040c4                __sinit
                0x00000000080040cc                __sfp_lock_acquire
                0x00000000080040d0                __sfp_lock_release
                0x00000000080040d4                __sinit_lock_acquire
                0x00000000080040d8                __sinit_lock_release
                0x00000000080040dc                __fp_lock_all
                0x00000000080040f0                __fp_unlock_all
 .text          0x0000000008004104      0x26c /home/dl0/sat/lib/gcc/arm-none-eabi/5.3.0/../../../../arm-none-eabi/lib/thumb/cortex-m4/float-abi-hard/fpuv4-sp-d16/libc.a(lib_a-freer.o)
                0x0000000008004104                _malloc_trim_r
                0x00000000080041a0                _free_r
 .text          0x0000000008004370      0x300 /home/dl0/sat/lib/gcc/arm-none-eabi/5.3.0/../../../../arm-none-eabi/lib/thumb/cortex-m4/float-abi-hard/fpuv4-sp-d16/libc.a(lib_a-fvwrite.o)
                0x0000000008004370                __sfvwrite_r
 .text          0x0000000008004670       0xa0 /home/dl0/sat/lib/gcc/arm-none-eabi/5.3.0/../../../../arm-none-eabi/lib/thumb/cortex-m4/float-abi-hard/fpuv4-sp-d16/libc.a(lib_a-fwalk.o)
                0x0000000008004670                _fwalk
                0x00000000080046bc                _fwalk_reent
 .text          0x0000000008004710       0x80 /home/dl0/sat/lib/gcc/arm-none-eabi/5.3.0/../../../../arm-none-eabi/lib/thumb/cortex-m4/float-abi-hard/fpuv4-sp-d16/libc.a(lib_a-locale.o)
                0x0000000008004710                _setlocale_r
                0x0000000008004750                __locale_charset
                0x0000000008004758                __locale_mb_cur_max
                0x0000000008004764                __locale_msgcharset
                0x000000000800476c                __locale_cjk_lang
                0x0000000008004770                _localeconv_r
                0x0000000008004778                setlocale
                0x0000000008004788                localeconv
 .text          0x0000000008004790       0xe0 /home/dl0/sat/lib/gcc/arm-none-eabi/5.3.0/../../../../arm-none-eabi/lib/thumb/cortex-m4/float-abi-hard/fpuv4-sp-d16/libc.a(lib_a-makebuf.o)
                0x0000000008004790                __smakebuf_r
 .text          0x0000000008004870      0x56c /home/dl0/sat/lib/gcc/arm-none-eabi/5.3.0/../../../../arm-none-eabi/lib/thumb/cortex-m4/float-abi-hard/fpuv4-sp-d16/libc.a(lib_a-mallocr.o)
                0x0000000008004870                _malloc_r
 .text          0x0000000008004ddc       0x88 /home/dl0/sat/lib/gcc/arm-none-eabi/5.3.0/../../../../arm-none-eabi/lib/thumb/cortex-m4/float-abi-hard/fpuv4-sp-d16/libc.a(lib_a-memchr.o)
                0x0000000008004ddc                memchr
 .text          0x0000000008004e64       0xc8 /home/dl0/sat/lib/gcc/arm-none-eabi/5.3.0/../../../../arm-none-eabi/lib/thumb/cortex-m4/float-abi-hard/fpuv4-sp-d16/libc.a(lib_a-memmove.o)
                0x0000000008004e64                memmove
 .text          0x0000000008004f2c        0x8 /home/dl0/sat/lib/gcc/arm-none-eabi/5.3.0/../../../../arm-none-eabi/lib/thumb/cortex-m4/float-abi-hard/fpuv4-sp-d16/libc.a(lib_a-mlock.o)
                0x0000000008004f2c                __malloc_lock
                0x0000000008004f30                __malloc_unlock
 .text          0x0000000008004f34      0x920 /home/dl0/sat/lib/gcc/arm-none-eabi/5.3.0/../../../../arm-none-eabi/lib/thumb/cortex-m4/float-abi-hard/fpuv4-sp-d16/libc.a(lib_a-mprec.o)
                0x0000000008004f34                _Balloc
                0x0000000008004f80                _Bfree
                0x0000000008004f94                __multadd
                0x0000000008005014                __s2b
                0x00000000080050ac                __hi0bits
                0x00000000080050ec                __lo0bits
                0x0000000008005148                __i2b
                0x000000000800515c                __multiply
                0x000000000800528c                __pow5mult
                0x000000000800532c                __lshift
                0x00000000080053dc                __mcmp
                0x0000000008005420                __mdiff
                0x0000000008005534                __ulp
                0x0000000008005588                __b2d
                0x0000000008005658                __d2b
                0x0000000008005714                __ratio
                0x0000000008005774                _mprec_log10
                0x00000000080057ac                __copybits
                0x00000000080057f4                __any_on
 .text          0x0000000008005854      0x3e0 /home/dl0/sat/lib/gcc/arm-none-eabi/5.3.0/../../../../arm-none-eabi/lib/thumb/cortex-m4/float-abi-hard/fpuv4-sp-d16/libc.a(lib_a-reallocr.o)
                0x0000000008005854                _realloc_r
 .text          0x0000000008005c34       0x24 /home/dl0/sat/lib/gcc/arm-none-eabi/5.3.0/../../../../arm-none-eabi/lib/thumb/cortex-m4/float-abi-hard/fpuv4-sp-d16/libc.a(lib_a-sbrkr.o)
                0x0000000008005c34                _sbrk_r
 .text          0x0000000008005c58       0x5c /home/dl0/sat/lib/gcc/arm-none-eabi/5.3.0/../../../../arm-none-eabi/lib/thumb/cortex-m4/float-abi-hard/fpuv4-sp-d16/libc.a(lib_a-s_fpclassify.o)
                0x0000000008005c58                __fpclassifyd
 .text          0x0000000008005cb4       0x88 /home/dl0/sat/lib/gcc/arm-none-eabi/5.3.0/../../../../arm-none-eabi/lib/thumb/cortex-m4/float-abi-hard/fpuv4-sp-d16/libc.a(lib_a-stdio.o)
                0x0000000008005cb4                __sread
                0x0000000008005cd8                __seofread
                0x0000000008005cdc                __swrite
                0x0000000008005d14                __sseek
                0x0000000008005d34                __sclose
 *fill*         0x0000000008005d3c        0x4 
 .text          0x0000000008005d40      0x2dc /home/dl0/sat/lib/gcc/arm-none-eabi/5.3.0/../../../../arm-none-eabi/lib/thumb/cortex-m4/float-abi-hard/fpuv4-sp-d16/libc.a(lib_a-strcmp.o)
                0x0000000008005d48                strcmp
 .text          0x000000000800601c      0xd7c /home/dl0/sat/lib/gcc/arm-none-eabi/5.3.0/../../../../arm-none-eabi/lib/thumb/cortex-m4/float-abi-hard/fpuv4-sp-d16/libc.a(lib_a-vfiprintf.o)
                0x0000000008006094                __sprint_r
                0x00000000080060a8                _vfiprintf_r
                0x0000000008006d14                vfiprintf
 .text          0x0000000008006d98       0x2c /home/dl0/sat/lib/gcc/arm-none-eabi/5.3.0/../../../../arm-none-eabi/lib/thumb/cortex-m4/float-abi-hard/fpuv4-sp-d16/libc.a(lib_a-writer.o)
                0x0000000008006d98                _write_r
 .text          0x0000000008006dc4       0x60 /home/dl0/sat/lib/gcc/arm-none-eabi/5.3.0/../../../../arm-none-eabi/lib/thumb/cortex-m4/float-abi-hard/fpuv4-sp-d16/libc.a(lib_a-callocr.o)
                0x0000000008006dc4                _calloc_r
 .text          0x0000000008006e24       0x24 /home/dl0/sat/lib/gcc/arm-none-eabi/5.3.0/../../../../arm-none-eabi/lib/thumb/cortex-m4/float-abi-hard/fpuv4-sp-d16/libc.a(lib_a-closer.o)
                0x0000000008006e24                _close_r
 .text          0x0000000008006e48       0x94 /home/dl0/sat/lib/gcc/arm-none-eabi/5.3.0/../../../../arm-none-eabi/lib/thumb/cortex-m4/float-abi-hard/fpuv4-sp-d16/libc.a(lib_a-fclose.o)
                0x0000000008006e48                _fclose_r
                0x0000000008006ecc                fclose
 .text          0x0000000008006edc      0x114 /home/dl0/sat/lib/gcc/arm-none-eabi/5.3.0/../../../../arm-none-eabi/lib/thumb/cortex-m4/float-abi-hard/fpuv4-sp-d16/libc.a(lib_a-fputwc.o)
                0x0000000008006edc                __fputwc
                0x0000000008006f8c                _fputwc_r
                0x0000000008006fb0                fputwc
 .text          0x0000000008006ff0       0x28 /home/dl0/sat/lib/gcc/arm-none-eabi/5.3.0/../../../../arm-none-eabi/lib/thumb/cortex-m4/float-abi-hard/fpuv4-sp-d16/libc.a(lib_a-fstatr.o)
                0x0000000008006ff0                _fstat_r
 .text          0x0000000008007018       0x24 /home/dl0/sat/lib/gcc/arm-none-eabi/5.3.0/../../../../arm-none-eabi/lib/thumb/cortex-m4/float-abi-hard/fpuv4-sp-d16/libc.a(lib_a-isattyr.o)
                0x0000000008007018                _isatty_r
 .text          0x000000000800703c       0x2c /home/dl0/sat/lib/gcc/arm-none-eabi/5.3.0/../../../../arm-none-eabi/lib/thumb/cortex-m4/float-abi-hard/fpuv4-sp-d16/libc.a(lib_a-lseekr.o)
                0x000000000800703c                _lseek_r
 .text          0x0000000008007068       0x2c /home/dl0/sat/lib/gcc/arm-none-eabi/5.3.0/../../../../arm-none-eabi/lib/thumb/cortex-m4/float-abi-hard/fpuv4-sp-d16/libc.a(lib_a-readr.o)
                0x0000000008007068                _read_r
 .text          0x0000000008007094       0xb8 /home/dl0/sat/lib/gcc/arm-none-eabi/5.3.0/../../../../arm-none-eabi/lib/thumb/cortex-m4/float-abi-hard/fpuv4-sp-d16/libc.a(lib_a-wbuf.o)
                0x0000000008007094                __swbuf_r
                0x000000000800713c                __swbuf
 .text          0x000000000800714c       0xac /home/dl0/sat/lib/gcc/arm-none-eabi/5.3.0/../../../../arm-none-eabi/lib/thumb/cortex-m4/float-abi-hard/fpuv4-sp-d16/libc.a(lib_a-wcrtomb.o)
                0x000000000800714c                _wcrtomb_r
                0x00000000080071a0                wcrtomb
 .text          0x00000000080071f8       0x4c /home/dl0/sat/lib/gcc/arm-none-eabi/5.3.0/../../../../arm-none-eabi/lib/thumb/cortex-m4/float-abi-hard/fpuv4-sp-d16/libc.a(lib_a-wctomb_r.o)
                0x00000000080071f8                __ascii_wctomb
                0x0000000008007214                _wctomb_r
 .text          0x0000000008007244      0x370 /home/dl0/sat/lib/gcc/arm-none-eabi/5.3.0/thumb/cortex-m4/float-abi-hard/fpuv4-sp-d16/libgcc.a(_arm_addsubdf3.o)
                0x0000000008007244                __aeabi_drsub
                0x000000000800724c                __aeabi_dsub
                0x000000000800724c                __subdf3
                0x0000000008007250                __adddf3
                0x0000000008007250                __aeabi_dadd
                0x00000000080074c8                __aeabi_ui2d
                0x00000000080074c8                __floatunsidf
                0x00000000080074e8                __floatsidf
                0x00000000080074e8                __aeabi_i2d
                0x000000000800750c                __extendsfdf2
                0x000000000800750c                __aeabi_f2d
                0x0000000008007548                __aeabi_ul2d
                0x0000000008007548                __floatundidf
                0x0000000008007558                __floatdidf
                0x0000000008007558                __aeabi_l2d
 .text          0x00000000080075b4      0x424 /home/dl0/sat/lib/gcc/arm-none-eabi/5.3.0/thumb/cortex-m4/float-abi-hard/fpuv4-sp-d16/libgcc.a(_arm_muldivdf3.o)
                0x00000000080075b4                __aeabi_dmul
                0x00000000080075b4                __muldf3
                0x0000000008007808                __aeabi_ddiv
                0x0000000008007808                __divdf3
 .text          0x00000000080079d8      0x110 /home/dl0/sat/lib/gcc/arm-none-eabi/5.3.0/thumb/cortex-m4/float-abi-hard/fpuv4-sp-d16/libgcc.a(_arm_cmpdf2.o)
                0x00000000080079d8                __gtdf2
                0x00000000080079d8                __gedf2
                0x00000000080079e0                __ltdf2
                0x00000000080079e0                __ledf2
                0x00000000080079e8                __cmpdf2
                0x00000000080079e8                __eqdf2
                0x00000000080079e8                __nedf2
                0x0000000008007a64                __aeabi_cdrcmple
                0x0000000008007a74                __aeabi_cdcmple
                0x0000000008007a74                __aeabi_cdcmpeq
                0x0000000008007a84                __aeabi_dcmpeq
                0x0000000008007a98                __aeabi_dcmplt
                0x0000000008007aac                __aeabi_dcmple
                0x0000000008007ac0                __aeabi_dcmpge
                0x0000000008007ad4                __aeabi_dcmpgt
 .text          0x0000000008007ae8       0x50 /home/dl0/sat/lib/gcc/arm-none-eabi/5.3.0/thumb/cortex-m4/float-abi-hard/fpuv4-sp-d16/libgcc.a(_arm_fixdfsi.o)
                0x0000000008007ae8                __fixdfsi
                0x0000000008007ae8                __aeabi_d2iz
                0x0000000008007b38                . = ALIGN (0x4)
 *(.rodata*)
 .rodata.str1.1
                0x0000000008007b38       0x3c /home/dl0/Documents/Stage_Recherche/Prog_/c-uart_stm32_integ/c-uart-interface_scheduler__/testing__/atomthreads_custom/ports/cortex-m/build/tests-main.o
 .rodata.str1.1
                0x0000000008007b74        0x2 /home/dl0/Documents/Stage_Recherche/Prog_/c-uart_stm32_integ/c-uart-interface_scheduler__/testing__/atomthreads_custom/ports/cortex-m/build/atomport.o
 .rodata.str1.1
                0x0000000008007b76       0x8f /home/dl0/Documents/Stage_Recherche/Prog_/c-uart_stm32_integ/c-uart-interface_scheduler__/testing__/atomthreads_custom/ports/cortex-m/build/mutex4.o
 *fill*         0x0000000008007c05        0x3 
 .rodata        0x0000000008007c08        0x4 /home/dl0/sat/lib/gcc/arm-none-eabi/5.3.0/../../../../arm-none-eabi/lib/thumb/cortex-m4/float-abi-hard/fpuv4-sp-d16/libc.a(lib_a-impure.o)
                0x0000000008007c08                _global_impure_ptr
 .rodata.str1.4
                0x0000000008007c0c        0x2 /home/dl0/sat/lib/gcc/arm-none-eabi/5.3.0/../../../../arm-none-eabi/lib/thumb/cortex-m4/float-abi-hard/fpuv4-sp-d16/libc.a(lib_a-impure.o)
 *fill*         0x0000000008007c0e        0x2 
 .rodata.str1.4
                0x0000000008007c10        0x2 /home/dl0/sat/lib/gcc/arm-none-eabi/5.3.0/../../../../arm-none-eabi/lib/thumb/cortex-m4/float-abi-hard/fpuv4-sp-d16/libc.a(lib_a-puts.o)
 *fill*         0x0000000008007c12        0x2 
 .rodata        0x0000000008007c14       0x20 /home/dl0/sat/lib/gcc/arm-none-eabi/5.3.0/../../../../arm-none-eabi/lib/thumb/cortex-m4/float-abi-hard/fpuv4-sp-d16/libc.a(lib_a-vfprintf.o)
 .rodata.str1.4
                0x0000000008007c34       0x42 /home/dl0/sat/lib/gcc/arm-none-eabi/5.3.0/../../../../arm-none-eabi/lib/thumb/cortex-m4/float-abi-hard/fpuv4-sp-d16/libc.a(lib_a-vfprintf.o)
 *fill*         0x0000000008007c76        0x2 
 .rodata.str1.4
                0x0000000008007c78       0x10 /home/dl0/sat/lib/gcc/arm-none-eabi/5.3.0/../../../../arm-none-eabi/lib/thumb/cortex-m4/float-abi-hard/fpuv4-sp-d16/libc.a(lib_a-dtoa.o)
                                         0x12 (size before relaxing)
 .rodata.str1.4
                0x0000000008007c88        0xc /home/dl0/sat/lib/gcc/arm-none-eabi/5.3.0/../../../../arm-none-eabi/lib/thumb/cortex-m4/float-abi-hard/fpuv4-sp-d16/libc.a(lib_a-locale.o)
                                         0x12 (size before relaxing)
 *fill*         0x0000000008007c94        0x4 
 .rodata        0x0000000008007c98      0x128 /home/dl0/sat/lib/gcc/arm-none-eabi/5.3.0/../../../../arm-none-eabi/lib/thumb/cortex-m4/float-abi-hard/fpuv4-sp-d16/libc.a(lib_a-mprec.o)
                0x0000000008007ca8                __mprec_tens
                0x0000000008007d70                __mprec_tinytens
                0x0000000008007d98                __mprec_bigtens
 .rodata        0x0000000008007dc0       0x20 /home/dl0/sat/lib/gcc/arm-none-eabi/5.3.0/../../../../arm-none-eabi/lib/thumb/cortex-m4/float-abi-hard/fpuv4-sp-d16/libc.a(lib_a-vfiprintf.o)
 .rodata.str1.4
                0x0000000008007de0       0x2f /home/dl0/sat/lib/gcc/arm-none-eabi/5.3.0/../../../../arm-none-eabi/lib/thumb/cortex-m4/float-abi-hard/fpuv4-sp-d16/libc.a(lib_a-vfiprintf.o)
                0x0000000008007e10                . = ALIGN (0x4)

.glue_7         0x0000000008007de0        0x0
 .glue_7        0x0000000008007de0        0x0 linker stubs

.glue_7t        0x0000000008007de0        0x0
 .glue_7t       0x0000000008007de0        0x0 linker stubs

.vfp11_veneer   0x0000000008007de0        0x0
 .vfp11_veneer  0x0000000008007de0        0x0 linker stubs

.v4_bx          0x0000000008007de0        0x0
 .v4_bx         0x0000000008007de0        0x0 linker stubs

.iplt           0x0000000008007de0        0x0
 .iplt          0x0000000008007de0        0x0 /home/dl0/Documents/Stage_Recherche/Prog_/c-uart_stm32_integ/c-uart-interface_scheduler__/testing__/atomthreads_custom/ports/cortex-m/build/tests-main.o

.rel.dyn        0x0000000008007de0        0x0
 .rel.iplt      0x0000000008007de0        0x0 /home/dl0/Documents/Stage_Recherche/Prog_/c-uart_stm32_integ/c-uart-interface_scheduler__/testing__/atomthreads_custom/ports/cortex-m/build/tests-main.o

.preinit_array  0x0000000008007de0        0x0
                0x0000000008007de0                . = ALIGN (0x4)
                0x0000000008007de0                __preinit_array_start = .
 *(.preinit_array)
                0x0000000008007de0                __preinit_array_end = .

.init_array     0x0000000008007de0        0x0
                0x0000000008007de0                . = ALIGN (0x4)
                0x0000000008007de0                __init_array_start = .
 *(SORT(.init_array.*))
 *(.init_array)
                0x0000000008007de0                __init_array_end = .

.fini_array     0x0000000008007de0        0x0
                0x0000000008007de0                . = ALIGN (0x4)
                0x0000000008007de0                __fini_array_start = .
 *(.fini_array)
 *(SORT(.fini_array.*))
                0x0000000008007de0                __fini_array_end = .

.ARM.extab
 *(.ARM.extab*)

.ARM.exidx      0x0000000008007de0        0x0
                0x0000000008007de0                __exidx_start = .
 *(.ARM.exidx*)
                0x0000000008007de0                __exidx_end = .
                0x0000000008007de0                . = ALIGN (0x4)
                0x0000000008007de0                _etext = .

.data           0x0000000020000000      0x8c8 load address 0x0000000008007de0
                0x0000000020000000                _data = .
 *(.data*)
 .data.rcc_apb1_frequency
                0x0000000020000000        0x4 /home/dl0/Documents/Stage_Recherche/Prog_/c-uart_stm32_integ/c-uart-interface_scheduler__/testing__/atomthreads_custom/ports/cortex-m/libopencm3/lib/libopencm3_stm32f4.a(rcc.o)
                0x0000000020000000                rcc_apb1_frequency
 .data.rcc_apb2_frequency
                0x0000000020000004        0x4 /home/dl0/Documents/Stage_Recherche/Prog_/c-uart_stm32_integ/c-uart-interface_scheduler__/testing__/atomthreads_custom/ports/cortex-m/libopencm3/lib/libopencm3_stm32f4.a(rcc.o)
                0x0000000020000004                rcc_apb2_frequency
 .data          0x0000000020000008      0x430 /home/dl0/sat/lib/gcc/arm-none-eabi/5.3.0/../../../../arm-none-eabi/lib/thumb/cortex-m4/float-abi-hard/fpuv4-sp-d16/libc.a(lib_a-impure.o)
                0x0000000020000008                _impure_ptr
 .data          0x0000000020000438       0x7c /home/dl0/sat/lib/gcc/arm-none-eabi/5.3.0/../../../../arm-none-eabi/lib/thumb/cortex-m4/float-abi-hard/fpuv4-sp-d16/libc.a(lib_a-locale.o)
                0x0000000020000458                __mb_cur_max
 .data          0x00000000200004b4      0x410 /home/dl0/sat/lib/gcc/arm-none-eabi/5.3.0/../../../../arm-none-eabi/lib/thumb/cortex-m4/float-abi-hard/fpuv4-sp-d16/libc.a(lib_a-mallocr.o)
                0x00000000200004b4                __malloc_av_
                0x00000000200008bc                __malloc_sbrk_base
                0x00000000200008c0                __malloc_trim_threshold
 .data          0x00000000200008c4        0x4 /home/dl0/sat/lib/gcc/arm-none-eabi/5.3.0/../../../../arm-none-eabi/lib/thumb/cortex-m4/float-abi-hard/fpuv4-sp-d16/libc.a(lib_a-wctomb_r.o)
                0x00000000200008c4                __wctomb
                0x00000000200008c8                . = ALIGN (0x4)
                0x00000000200008c8                _edata = .
                0x0000000008007de0                _data_loadaddr = LOADADDR (.data)

.igot.plt       0x00000000200008c8        0x0 load address 0x00000000080086a8
 .igot.plt      0x00000000200008c8        0x0 /home/dl0/Documents/Stage_Recherche/Prog_/c-uart_stm32_integ/c-uart-interface_scheduler__/testing__/atomthreads_custom/ports/cortex-m/build/tests-main.o

.bss            0x00000000200008c8     0x3058 load address 0x00000000080086a8
 *(.bss*)
 .bss.main_thread_stack
                0x00000000200008c8      0x400 /home/dl0/Documents/Stage_Recherche/Prog_/c-uart_stm32_integ/c-uart-interface_scheduler__/testing__/atomthreads_custom/ports/cortex-m/build/tests-main.o
 .bss.idle_thread_stack
                0x0000000020000cc8      0x200 /home/dl0/Documents/Stage_Recherche/Prog_/c-uart_stm32_integ/c-uart-interface_scheduler__/testing__/atomthreads_custom/ports/cortex-m/build/tests-main.o
 .bss.main_tcb  0x0000000020000ec8      0x450 /home/dl0/Documents/Stage_Recherche/Prog_/c-uart_stm32_integ/c-uart-interface_scheduler__/testing__/atomthreads_custom/ports/cortex-m/build/tests-main.o
 .bss.heap_end  0x0000000020001318        0x4 /home/dl0/Documents/Stage_Recherche/Prog_/c-uart_stm32_integ/c-uart-interface_scheduler__/testing__/atomthreads_custom/ports/cortex-m/build/stubs.o
 .bss.CTX_SW_NFO
                0x000000002000131c        0xc /home/dl0/Documents/Stage_Recherche/Prog_/c-uart_stm32_integ/c-uart-interface_scheduler__/testing__/atomthreads_custom/ports/cortex-m/build/atomport.o
                0x000000002000131c                CTX_SW_NFO
 .bss.tcbReadyQ
                0x0000000020001328        0x4 /home/dl0/Documents/Stage_Recherche/Prog_/c-uart_stm32_integ/c-uart-interface_scheduler__/testing__/atomthreads_custom/ports/cortex-m/build/atomkernel.o
                0x0000000020001328                tcbReadyQ
 .bss.atomOSStarted
                0x000000002000132c        0x1 /home/dl0/Documents/Stage_Recherche/Prog_/c-uart_stm32_integ/c-uart-interface_scheduler__/testing__/atomthreads_custom/ports/cortex-m/build/atomkernel.o
                0x000000002000132c                atomOSStarted
 *fill*         0x000000002000132d        0x3 
 .bss.idle_tcb  0x0000000020001330      0x450 /home/dl0/Documents/Stage_Recherche/Prog_/c-uart_stm32_integ/c-uart-interface_scheduler__/testing__/atomthreads_custom/ports/cortex-m/build/atomkernel.o
 .bss.atomIntCnt
                0x0000000020001780        0x4 /home/dl0/Documents/Stage_Recherche/Prog_/c-uart_stm32_integ/c-uart-interface_scheduler__/testing__/atomthreads_custom/ports/cortex-m/build/atomkernel.o
 .bss.curr_tcb  0x0000000020001784        0x4 /home/dl0/Documents/Stage_Recherche/Prog_/c-uart_stm32_integ/c-uart-interface_scheduler__/testing__/atomthreads_custom/ports/cortex-m/build/atomkernel.o
 .bss.timer_queue
                0x0000000020001788        0x4 /home/dl0/Documents/Stage_Recherche/Prog_/c-uart_stm32_integ/c-uart-interface_scheduler__/testing__/atomthreads_custom/ports/cortex-m/build/atomtimer.o
 .bss.system_ticks
                0x000000002000178c        0x4 /home/dl0/Documents/Stage_Recherche/Prog_/c-uart_stm32_integ/c-uart-interface_scheduler__/testing__/atomthreads_custom/ports/cortex-m/build/atomtimer.o
 .bss.tcb       0x0000000020001790     0x1140 /home/dl0/Documents/Stage_Recherche/Prog_/c-uart_stm32_integ/c-uart-interface_scheduler__/testing__/atomthreads_custom/ports/cortex-m/build/mutex4.o
 .bss.mutex1    0x00000000200028d0        0xc /home/dl0/Documents/Stage_Recherche/Prog_/c-uart_stm32_integ/c-uart-interface_scheduler__/testing__/atomthreads_custom/ports/cortex-m/build/mutex4.o
 .bss.g_failures
                0x00000000200028dc        0x4 /home/dl0/Documents/Stage_Recherche/Prog_/c-uart_stm32_integ/c-uart-interface_scheduler__/testing__/atomthreads_custom/ports/cortex-m/build/mutex4.o
 .bss.test_thread_stack
                0x00000000200028e0     0x1000 /home/dl0/Documents/Stage_Recherche/Prog_/c-uart_stm32_integ/c-uart-interface_scheduler__/testing__/atomthreads_custom/ports/cortex-m/build/mutex4.o
 .bss.sem1      0x00000000200038e0        0x8 /home/dl0/Documents/Stage_Recherche/Prog_/c-uart_stm32_integ/c-uart-interface_scheduler__/testing__/atomthreads_custom/ports/cortex-m/build/mutex4.o
 .bss           0x00000000200038e8       0x34 /home/dl0/sat/lib/gcc/arm-none-eabi/5.3.0/../../../../arm-none-eabi/lib/thumb/cortex-m4/float-abi-hard/fpuv4-sp-d16/libc.a(lib_a-mallocr.o)
                0x00000000200038e8                __malloc_top_pad
                0x00000000200038ec                __malloc_current_mallinfo
                0x0000000020003914                __malloc_max_sbrked_mem
                0x0000000020003918                __malloc_max_total_mem
 *(COMMON)
 COMMON         0x000000002000391c        0x4 /home/dl0/sat/lib/gcc/arm-none-eabi/5.3.0/../../../../arm-none-eabi/lib/thumb/cortex-m4/float-abi-hard/fpuv4-sp-d16/libc.a(lib_a-reent.o)
                0x000000002000391c                errno
                0x0000000020003920                . = ALIGN (0x4)
                0x0000000020003920                _ebss = .

/DISCARD/
 *(.eh_frame)
                0x0000000020003920                . = ALIGN (0x4)
                0x0000000020003920                end = .
                0x0000000020020000                PROVIDE (_stack, (ORIGIN (ram) + LENGTH (ram)))
OUTPUT(/home/dl0/Documents/Stage_Recherche/Prog_/c-uart_stm32_integ/c-uart-interface_scheduler__/testing__/atomthreads_custom/ports/cortex-m/build/mutex4.elf elf32-littlearm)

.debug_info     0x0000000000000000    0x233ca
 .debug_info    0x0000000000000000      0xc44 /home/dl0/Documents/Stage_Recherche/Prog_/c-uart_stm32_integ/c-uart-interface_scheduler__/testing__/atomthreads_custom/ports/cortex-m/build/tests-main.o
 .debug_info    0x0000000000000c44      0x8b0 /home/dl0/Documents/Stage_Recherche/Prog_/c-uart_stm32_integ/c-uart-interface_scheduler__/testing__/atomthreads_custom/ports/cortex-m/build/board_setup.o
 .debug_info    0x00000000000014f4      0x4fe /home/dl0/Documents/Stage_Recherche/Prog_/c-uart_stm32_integ/c-uart-interface_scheduler__/testing__/atomthreads_custom/ports/cortex-m/build/stubs.o
 .debug_info    0x00000000000019f2      0x1d8 /home/dl0/Documents/Stage_Recherche/Prog_/c-uart_stm32_integ/c-uart-interface_scheduler__/testing__/atomthreads_custom/ports/cortex-m/build/stm32_con.o
 .debug_info    0x0000000000001bca      0xce2 /home/dl0/Documents/Stage_Recherche/Prog_/c-uart_stm32_integ/c-uart-interface_scheduler__/testing__/atomthreads_custom/ports/cortex-m/build/atomport.o
 .debug_info    0x00000000000028ac      0x141 /home/dl0/Documents/Stage_Recherche/Prog_/c-uart_stm32_integ/c-uart-interface_scheduler__/testing__/atomthreads_custom/ports/cortex-m/build/atomport-asm.o
 .debug_info    0x00000000000029ed     0x1196 /home/dl0/Documents/Stage_Recherche/Prog_/c-uart_stm32_integ/c-uart-interface_scheduler__/testing__/atomthreads_custom/ports/cortex-m/build/atomkernel.o
 .debug_info    0x0000000000003b83     0x10e4 /home/dl0/Documents/Stage_Recherche/Prog_/c-uart_stm32_integ/c-uart-interface_scheduler__/testing__/atomthreads_custom/ports/cortex-m/build/atomsem.o
 .debug_info    0x0000000000004c67     0x1104 /home/dl0/Documents/Stage_Recherche/Prog_/c-uart_stm32_integ/c-uart-interface_scheduler__/testing__/atomthreads_custom/ports/cortex-m/build/atommutex.o
 .debug_info    0x0000000000005d6b      0xebc /home/dl0/Documents/Stage_Recherche/Prog_/c-uart_stm32_integ/c-uart-interface_scheduler__/testing__/atomthreads_custom/ports/cortex-m/build/atomtimer.o
 .debug_info    0x0000000000006c27     0x1188 /home/dl0/Documents/Stage_Recherche/Prog_/c-uart_stm32_integ/c-uart-interface_scheduler__/testing__/atomthreads_custom/ports/cortex-m/build/mutex4.o
 .debug_info    0x0000000000007daf      0x22c /home/dl0/Documents/Stage_Recherche/Prog_/c-uart_stm32_integ/c-uart-interface_scheduler__/testing__/atomthreads_custom/ports/cortex-m/libopencm3/lib/libopencm3_stm32f4.a(gpio_common_all.o)
 .debug_info    0x0000000000007fdb      0x1eb /home/dl0/Documents/Stage_Recherche/Prog_/c-uart_stm32_integ/c-uart-interface_scheduler__/testing__/atomthreads_custom/ports/cortex-m/libopencm3/lib/libopencm3_stm32f4.a(gpio_common_f0234.o)
 .debug_info    0x00000000000081c6      0x4cf /home/dl0/Documents/Stage_Recherche/Prog_/c-uart_stm32_integ/c-uart-interface_scheduler__/testing__/atomthreads_custom/ports/cortex-m/libopencm3/lib/libopencm3_stm32f4.a(usart_common_all.o)
 .debug_info    0x0000000000008695      0x1bb /home/dl0/Documents/Stage_Recherche/Prog_/c-uart_stm32_integ/c-uart-interface_scheduler__/testing__/atomthreads_custom/ports/cortex-m/libopencm3/lib/libopencm3_stm32f4.a(usart_common_f124.o)
 .debug_info    0x0000000000008850      0x7cc /home/dl0/Documents/Stage_Recherche/Prog_/c-uart_stm32_integ/c-uart-interface_scheduler__/testing__/atomthreads_custom/ports/cortex-m/libopencm3/lib/libopencm3_stm32f4.a(rcc_common_all.o)
 .debug_info    0x000000000000901c      0x2b3 /home/dl0/Documents/Stage_Recherche/Prog_/c-uart_stm32_integ/c-uart-interface_scheduler__/testing__/atomthreads_custom/ports/cortex-m/libopencm3/lib/libopencm3_stm32f4.a(vector.o)
 .debug_info    0x00000000000092cf      0x255 /home/dl0/Documents/Stage_Recherche/Prog_/c-uart_stm32_integ/c-uart-interface_scheduler__/testing__/atomthreads_custom/ports/cortex-m/libopencm3/lib/libopencm3_stm32f4.a(systick.o)
 .debug_info    0x0000000000009524      0x214 /home/dl0/Documents/Stage_Recherche/Prog_/c-uart_stm32_integ/c-uart-interface_scheduler__/testing__/atomthreads_custom/ports/cortex-m/libopencm3/lib/libopencm3_stm32f4.a(nvic.o)
 .debug_info    0x0000000000009738      0x26e /home/dl0/Documents/Stage_Recherche/Prog_/c-uart_stm32_integ/c-uart-interface_scheduler__/testing__/atomthreads_custom/ports/cortex-m/libopencm3/lib/libopencm3_stm32f4.a(sync.o)
 .debug_info    0x00000000000099a6      0x7fd /home/dl0/Documents/Stage_Recherche/Prog_/c-uart_stm32_integ/c-uart-interface_scheduler__/testing__/atomthreads_custom/ports/cortex-m/libopencm3/lib/libopencm3_stm32f4.a(rcc.o)
 .debug_info    0x000000000000a1a3      0x890 /home/dl0/sat/lib/gcc/arm-none-eabi/5.3.0/../../../../arm-none-eabi/lib/thumb/cortex-m4/float-abi-hard/fpuv4-sp-d16/libc.a(lib_a-errno.o)
 .debug_info    0x000000000000aa33      0x89b /home/dl0/sat/lib/gcc/arm-none-eabi/5.3.0/../../../../arm-none-eabi/lib/thumb/cortex-m4/float-abi-hard/fpuv4-sp-d16/libc.a(lib_a-impure.o)
 .debug_info    0x000000000000b2ce       0xf4 /home/dl0/sat/lib/gcc/arm-none-eabi/5.3.0/../../../../arm-none-eabi/lib/thumb/cortex-m4/float-abi-hard/fpuv4-sp-d16/libc.a(lib_a-memcpy.o)
 .debug_info    0x000000000000b3c2      0x11e /home/dl0/sat/lib/gcc/arm-none-eabi/5.3.0/../../../../arm-none-eabi/lib/thumb/cortex-m4/float-abi-hard/fpuv4-sp-d16/libc.a(lib_a-memset.o)
 .debug_info    0x000000000000b4e0      0x98d /home/dl0/sat/lib/gcc/arm-none-eabi/5.3.0/../../../../arm-none-eabi/lib/thumb/cortex-m4/float-abi-hard/fpuv4-sp-d16/libc.a(lib_a-printf.o)
 .debug_info    0x000000000000be6d      0x9f5 /home/dl0/sat/lib/gcc/arm-none-eabi/5.3.0/../../../../arm-none-eabi/lib/thumb/cortex-m4/float-abi-hard/fpuv4-sp-d16/libc.a(lib_a-puts.o)
 .debug_info    0x000000000000c862       0xbc /home/dl0/sat/lib/gcc/arm-none-eabi/5.3.0/../../../../arm-none-eabi/lib/thumb/cortex-m4/float-abi-hard/fpuv4-sp-d16/libc.a(lib_a-strlen.o)
 .debug_info    0x000000000000c91e     0x1706 /home/dl0/sat/lib/gcc/arm-none-eabi/5.3.0/../../../../arm-none-eabi/lib/thumb/cortex-m4/float-abi-hard/fpuv4-sp-d16/libc.a(lib_a-vfprintf.o)
 .debug_info    0x000000000000e024      0x92a /home/dl0/sat/lib/gcc/arm-none-eabi/5.3.0/../../../../arm-none-eabi/lib/thumb/cortex-m4/float-abi-hard/fpuv4-sp-d16/libc.a(lib_a-wsetup.o)
 .debug_info    0x000000000000e94e     0x126e /home/dl0/sat/lib/gcc/arm-none-eabi/5.3.0/../../../../arm-none-eabi/lib/thumb/cortex-m4/float-abi-hard/fpuv4-sp-d16/libc.a(lib_a-dtoa.o)
 .debug_info    0x000000000000fbbc      0xa84 /home/dl0/sat/lib/gcc/arm-none-eabi/5.3.0/../../../../arm-none-eabi/lib/thumb/cortex-m4/float-abi-hard/fpuv4-sp-d16/libc.a(lib_a-fflush.o)
 .debug_info    0x0000000000010640      0xd40 /home/dl0/sat/lib/gcc/arm-none-eabi/5.3.0/../../../../arm-none-eabi/lib/thumb/cortex-m4/float-abi-hard/fpuv4-sp-d16/libc.a(lib_a-findfp.o)
 .debug_info    0x0000000000011380      0xc01 /home/dl0/sat/lib/gcc/arm-none-eabi/5.3.0/../../../../arm-none-eabi/lib/thumb/cortex-m4/float-abi-hard/fpuv4-sp-d16/libc.a(lib_a-freer.o)
 .debug_info    0x0000000000011f81      0xbed /home/dl0/sat/lib/gcc/arm-none-eabi/5.3.0/../../../../arm-none-eabi/lib/thumb/cortex-m4/float-abi-hard/fpuv4-sp-d16/libc.a(lib_a-fvwrite.o)
 .debug_info    0x0000000000012b6e      0x9a5 /home/dl0/sat/lib/gcc/arm-none-eabi/5.3.0/../../../../arm-none-eabi/lib/thumb/cortex-m4/float-abi-hard/fpuv4-sp-d16/libc.a(lib_a-fwalk.o)
 .debug_info    0x0000000000013513      0xc1c /home/dl0/sat/lib/gcc/arm-none-eabi/5.3.0/../../../../arm-none-eabi/lib/thumb/cortex-m4/float-abi-hard/fpuv4-sp-d16/libc.a(lib_a-locale.o)
 .debug_info    0x000000000001412f      0xab9 /home/dl0/sat/lib/gcc/arm-none-eabi/5.3.0/../../../../arm-none-eabi/lib/thumb/cortex-m4/float-abi-hard/fpuv4-sp-d16/libc.a(lib_a-makebuf.o)
 .debug_info    0x0000000000014be8      0xd61 /home/dl0/sat/lib/gcc/arm-none-eabi/5.3.0/../../../../arm-none-eabi/lib/thumb/cortex-m4/float-abi-hard/fpuv4-sp-d16/libc.a(lib_a-mallocr.o)
 .debug_info    0x0000000000015949      0x130 /home/dl0/sat/lib/gcc/arm-none-eabi/5.3.0/../../../../arm-none-eabi/lib/thumb/cortex-m4/float-abi-hard/fpuv4-sp-d16/libc.a(lib_a-memchr.o)
 .debug_info    0x0000000000015a79      0x138 /home/dl0/sat/lib/gcc/arm-none-eabi/5.3.0/../../../../arm-none-eabi/lib/thumb/cortex-m4/float-abi-hard/fpuv4-sp-d16/libc.a(lib_a-memmove.o)
 .debug_info    0x0000000000015bb1      0x8a8 /home/dl0/sat/lib/gcc/arm-none-eabi/5.3.0/../../../../arm-none-eabi/lib/thumb/cortex-m4/float-abi-hard/fpuv4-sp-d16/libc.a(lib_a-mlock.o)
 .debug_info    0x0000000000016459     0x16b6 /home/dl0/sat/lib/gcc/arm-none-eabi/5.3.0/../../../../arm-none-eabi/lib/thumb/cortex-m4/float-abi-hard/fpuv4-sp-d16/libc.a(lib_a-mprec.o)
 .debug_info    0x0000000000017b0f      0xc86 /home/dl0/sat/lib/gcc/arm-none-eabi/5.3.0/../../../../arm-none-eabi/lib/thumb/cortex-m4/float-abi-hard/fpuv4-sp-d16/libc.a(lib_a-reallocr.o)
 .debug_info    0x0000000000018795      0x8f5 /home/dl0/sat/lib/gcc/arm-none-eabi/5.3.0/../../../../arm-none-eabi/lib/thumb/cortex-m4/float-abi-hard/fpuv4-sp-d16/libc.a(lib_a-sbrkr.o)
 .debug_info    0x000000000001908a       0xde /home/dl0/sat/lib/gcc/arm-none-eabi/5.3.0/../../../../arm-none-eabi/lib/thumb/cortex-m4/float-abi-hard/fpuv4-sp-d16/libc.a(lib_a-s_fpclassify.o)
 .debug_info    0x0000000000019168      0xb29 /home/dl0/sat/lib/gcc/arm-none-eabi/5.3.0/../../../../arm-none-eabi/lib/thumb/cortex-m4/float-abi-hard/fpuv4-sp-d16/libc.a(lib_a-stdio.o)
 .debug_info    0x0000000000019c91       0xf3 /home/dl0/sat/lib/gcc/arm-none-eabi/5.3.0/../../../../arm-none-eabi/lib/thumb/cortex-m4/float-abi-hard/fpuv4-sp-d16/libc.a(lib_a-strcmp.o)
 .debug_info    0x0000000000019d84     0x14ac /home/dl0/sat/lib/gcc/arm-none-eabi/5.3.0/../../../../arm-none-eabi/lib/thumb/cortex-m4/float-abi-hard/fpuv4-sp-d16/libc.a(lib_a-vfiprintf.o)
 .debug_info    0x000000000001b230      0x933 /home/dl0/sat/lib/gcc/arm-none-eabi/5.3.0/../../../../arm-none-eabi/lib/thumb/cortex-m4/float-abi-hard/fpuv4-sp-d16/libc.a(lib_a-writer.o)
 .debug_info    0x000000000001bb63      0x9c8 /home/dl0/sat/lib/gcc/arm-none-eabi/5.3.0/../../../../arm-none-eabi/lib/thumb/cortex-m4/float-abi-hard/fpuv4-sp-d16/libc.a(lib_a-callocr.o)
 .debug_info    0x000000000001c52b      0x8eb /home/dl0/sat/lib/gcc/arm-none-eabi/5.3.0/../../../../arm-none-eabi/lib/thumb/cortex-m4/float-abi-hard/fpuv4-sp-d16/libc.a(lib_a-closer.o)
 .debug_info    0x000000000001ce16      0xa17 /home/dl0/sat/lib/gcc/arm-none-eabi/5.3.0/../../../../arm-none-eabi/lib/thumb/cortex-m4/float-abi-hard/fpuv4-sp-d16/libc.a(lib_a-fclose.o)
 .debug_info    0x000000000001d82d      0xad3 /home/dl0/sat/lib/gcc/arm-none-eabi/5.3.0/../../../../arm-none-eabi/lib/thumb/cortex-m4/float-abi-hard/fpuv4-sp-d16/libc.a(lib_a-fputwc.o)
 .debug_info    0x000000000001e300      0xa69 /home/dl0/sat/lib/gcc/arm-none-eabi/5.3.0/../../../../arm-none-eabi/lib/thumb/cortex-m4/float-abi-hard/fpuv4-sp-d16/libc.a(lib_a-fstatr.o)
 .debug_info    0x000000000001ed69      0x8eb /home/dl0/sat/lib/gcc/arm-none-eabi/5.3.0/../../../../arm-none-eabi/lib/thumb/cortex-m4/float-abi-hard/fpuv4-sp-d16/libc.a(lib_a-isattyr.o)
 .debug_info    0x000000000001f654      0x916 /home/dl0/sat/lib/gcc/arm-none-eabi/5.3.0/../../../../arm-none-eabi/lib/thumb/cortex-m4/float-abi-hard/fpuv4-sp-d16/libc.a(lib_a-lseekr.o)
 .debug_info    0x000000000001ff6a      0x92c /home/dl0/sat/lib/gcc/arm-none-eabi/5.3.0/../../../../arm-none-eabi/lib/thumb/cortex-m4/float-abi-hard/fpuv4-sp-d16/libc.a(lib_a-readr.o)
 .debug_info    0x0000000000020896      0x9fb /home/dl0/sat/lib/gcc/arm-none-eabi/5.3.0/../../../../arm-none-eabi/lib/thumb/cortex-m4/float-abi-hard/fpuv4-sp-d16/libc.a(lib_a-reent.o)
 .debug_info    0x0000000000021291      0x9b3 /home/dl0/sat/lib/gcc/arm-none-eabi/5.3.0/../../../../arm-none-eabi/lib/thumb/cortex-m4/float-abi-hard/fpuv4-sp-d16/libc.a(lib_a-wbuf.o)
 .debug_info    0x0000000000021c44      0xa86 /home/dl0/sat/lib/gcc/arm-none-eabi/5.3.0/../../../../arm-none-eabi/lib/thumb/cortex-m4/float-abi-hard/fpuv4-sp-d16/libc.a(lib_a-wcrtomb.o)
 .debug_info    0x00000000000226ca      0x9bc /home/dl0/sat/lib/gcc/arm-none-eabi/5.3.0/../../../../arm-none-eabi/lib/thumb/cortex-m4/float-abi-hard/fpuv4-sp-d16/libc.a(lib_a-wctomb_r.o)
 .debug_info    0x0000000000023086       0xd1 /home/dl0/sat/lib/gcc/arm-none-eabi/5.3.0/thumb/cortex-m4/float-abi-hard/fpuv4-sp-d16/libgcc.a(_arm_addsubdf3.o)
 .debug_info    0x0000000000023157       0xd1 /home/dl0/sat/lib/gcc/arm-none-eabi/5.3.0/thumb/cortex-m4/float-abi-hard/fpuv4-sp-d16/libgcc.a(_arm_muldivdf3.o)
 .debug_info    0x0000000000023228       0xd1 /home/dl0/sat/lib/gcc/arm-none-eabi/5.3.0/thumb/cortex-m4/float-abi-hard/fpuv4-sp-d16/libgcc.a(_arm_cmpdf2.o)
 .debug_info    0x00000000000232f9       0xd1 /home/dl0/sat/lib/gcc/arm-none-eabi/5.3.0/thumb/cortex-m4/float-abi-hard/fpuv4-sp-d16/libgcc.a(_arm_fixdfsi.o)

.debug_abbrev   0x0000000000000000     0x7566
 .debug_abbrev  0x0000000000000000      0x236 /home/dl0/Documents/Stage_Recherche/Prog_/c-uart_stm32_integ/c-uart-interface_scheduler__/testing__/atomthreads_custom/ports/cortex-m/build/tests-main.o
 .debug_abbrev  0x0000000000000236      0x16c /home/dl0/Documents/Stage_Recherche/Prog_/c-uart_stm32_integ/c-uart-interface_scheduler__/testing__/atomthreads_custom/ports/cortex-m/build/board_setup.o
 .debug_abbrev  0x00000000000003a2      0x19d /home/dl0/Documents/Stage_Recherche/Prog_/c-uart_stm32_integ/c-uart-interface_scheduler__/testing__/atomthreads_custom/ports/cortex-m/build/stubs.o
 .debug_abbrev  0x000000000000053f       0xe4 /home/dl0/Documents/Stage_Recherche/Prog_/c-uart_stm32_integ/c-uart-interface_scheduler__/testing__/atomthreads_custom/ports/cortex-m/build/stm32_con.o
 .debug_abbrev  0x0000000000000623      0x235 /home/dl0/Documents/Stage_Recherche/Prog_/c-uart_stm32_integ/c-uart-interface_scheduler__/testing__/atomthreads_custom/ports/cortex-m/build/atomport.o
 .debug_abbrev  0x0000000000000858       0x14 /home/dl0/Documents/Stage_Recherche/Prog_/c-uart_stm32_integ/c-uart-interface_scheduler__/testing__/atomthreads_custom/ports/cortex-m/build/atomport-asm.o
 .debug_abbrev  0x000000000000086c      0x3a5 /home/dl0/Documents/Stage_Recherche/Prog_/c-uart_stm32_integ/c-uart-interface_scheduler__/testing__/atomthreads_custom/ports/cortex-m/build/atomkernel.o
 .debug_abbrev  0x0000000000000c11      0x327 /home/dl0/Documents/Stage_Recherche/Prog_/c-uart_stm32_integ/c-uart-interface_scheduler__/testing__/atomthreads_custom/ports/cortex-m/build/atomsem.o
 .debug_abbrev  0x0000000000000f38      0x2fa /home/dl0/Documents/Stage_Recherche/Prog_/c-uart_stm32_integ/c-uart-interface_scheduler__/testing__/atomthreads_custom/ports/cortex-m/build/atommutex.o
 .debug_abbrev  0x0000000000001232      0x3a7 /home/dl0/Documents/Stage_Recherche/Prog_/c-uart_stm32_integ/c-uart-interface_scheduler__/testing__/atomthreads_custom/ports/cortex-m/build/atomtimer.o
 .debug_abbrev  0x00000000000015d9      0x2b6 /home/dl0/Documents/Stage_Recherche/Prog_/c-uart_stm32_integ/c-uart-interface_scheduler__/testing__/atomthreads_custom/ports/cortex-m/build/mutex4.o
 .debug_abbrev  0x000000000000188f      0x10e /home/dl0/Documents/Stage_Recherche/Prog_/c-uart_stm32_integ/c-uart-interface_scheduler__/testing__/atomthreads_custom/ports/cortex-m/libopencm3/lib/libopencm3_stm32f4.a(gpio_common_all.o)
 .debug_abbrev  0x000000000000199d       0xb7 /home/dl0/Documents/Stage_Recherche/Prog_/c-uart_stm32_integ/c-uart-interface_scheduler__/testing__/atomthreads_custom/ports/cortex-m/libopencm3/lib/libopencm3_stm32f4.a(gpio_common_f0234.o)
 .debug_abbrev  0x0000000000001a54      0x12b /home/dl0/Documents/Stage_Recherche/Prog_/c-uart_stm32_integ/c-uart-interface_scheduler__/testing__/atomthreads_custom/ports/cortex-m/libopencm3/lib/libopencm3_stm32f4.a(usart_common_all.o)
 .debug_abbrev  0x0000000000001b7f       0xb7 /home/dl0/Documents/Stage_Recherche/Prog_/c-uart_stm32_integ/c-uart-interface_scheduler__/testing__/atomthreads_custom/ports/cortex-m/libopencm3/lib/libopencm3_stm32f4.a(usart_common_f124.o)
 .debug_abbrev  0x0000000000001c36       0xc1 /home/dl0/Documents/Stage_Recherche/Prog_/c-uart_stm32_integ/c-uart-interface_scheduler__/testing__/atomthreads_custom/ports/cortex-m/libopencm3/lib/libopencm3_stm32f4.a(rcc_common_all.o)
 .debug_abbrev  0x0000000000001cf7      0x13a /home/dl0/Documents/Stage_Recherche/Prog_/c-uart_stm32_integ/c-uart-interface_scheduler__/testing__/atomthreads_custom/ports/cortex-m/libopencm3/lib/libopencm3_stm32f4.a(vector.o)
 .debug_abbrev  0x0000000000001e31      0x132 /home/dl0/Documents/Stage_Recherche/Prog_/c-uart_stm32_integ/c-uart-interface_scheduler__/testing__/atomthreads_custom/ports/cortex-m/libopencm3/lib/libopencm3_stm32f4.a(systick.o)
 .debug_abbrev  0x0000000000001f63       0xa6 /home/dl0/Documents/Stage_Recherche/Prog_/c-uart_stm32_integ/c-uart-interface_scheduler__/testing__/atomthreads_custom/ports/cortex-m/libopencm3/lib/libopencm3_stm32f4.a(nvic.o)
 .debug_abbrev  0x0000000000002009      0x198 /home/dl0/Documents/Stage_Recherche/Prog_/c-uart_stm32_integ/c-uart-interface_scheduler__/testing__/atomthreads_custom/ports/cortex-m/libopencm3/lib/libopencm3_stm32f4.a(sync.o)
 .debug_abbrev  0x00000000000021a1      0x260 /home/dl0/Documents/Stage_Recherche/Prog_/c-uart_stm32_integ/c-uart-interface_scheduler__/testing__/atomthreads_custom/ports/cortex-m/libopencm3/lib/libopencm3_stm32f4.a(rcc.o)
 .debug_abbrev  0x0000000000002401      0x18f /home/dl0/sat/lib/gcc/arm-none-eabi/5.3.0/../../../../arm-none-eabi/lib/thumb/cortex-m4/float-abi-hard/fpuv4-sp-d16/libc.a(lib_a-errno.o)
 .debug_abbrev  0x0000000000002590      0x180 /home/dl0/sat/lib/gcc/arm-none-eabi/5.3.0/../../../../arm-none-eabi/lib/thumb/cortex-m4/float-abi-hard/fpuv4-sp-d16/libc.a(lib_a-impure.o)
 .debug_abbrev  0x0000000000002710       0x14 /home/dl0/sat/lib/gcc/arm-none-eabi/5.3.0/../../../../arm-none-eabi/lib/thumb/cortex-m4/float-abi-hard/fpuv4-sp-d16/libc.a(lib_a-memcpy.o)
 .debug_abbrev  0x0000000000002724       0x9f /home/dl0/sat/lib/gcc/arm-none-eabi/5.3.0/../../../../arm-none-eabi/lib/thumb/cortex-m4/float-abi-hard/fpuv4-sp-d16/libc.a(lib_a-memset.o)
 .debug_abbrev  0x00000000000027c3      0x22a /home/dl0/sat/lib/gcc/arm-none-eabi/5.3.0/../../../../arm-none-eabi/lib/thumb/cortex-m4/float-abi-hard/fpuv4-sp-d16/libc.a(lib_a-printf.o)
 .debug_abbrev  0x00000000000029ed      0x22f /home/dl0/sat/lib/gcc/arm-none-eabi/5.3.0/../../../../arm-none-eabi/lib/thumb/cortex-m4/float-abi-hard/fpuv4-sp-d16/libc.a(lib_a-puts.o)
 .debug_abbrev  0x0000000000002c1c       0x70 /home/dl0/sat/lib/gcc/arm-none-eabi/5.3.0/../../../../arm-none-eabi/lib/thumb/cortex-m4/float-abi-hard/fpuv4-sp-d16/libc.a(lib_a-strlen.o)
 .debug_abbrev  0x0000000000002c8c      0x3a9 /home/dl0/sat/lib/gcc/arm-none-eabi/5.3.0/../../../../arm-none-eabi/lib/thumb/cortex-m4/float-abi-hard/fpuv4-sp-d16/libc.a(lib_a-vfprintf.o)
 .debug_abbrev  0x0000000000003035      0x1f8 /home/dl0/sat/lib/gcc/arm-none-eabi/5.3.0/../../../../arm-none-eabi/lib/thumb/cortex-m4/float-abi-hard/fpuv4-sp-d16/libc.a(lib_a-wsetup.o)
 .debug_abbrev  0x000000000000322d      0x29e /home/dl0/sat/lib/gcc/arm-none-eabi/5.3.0/../../../../arm-none-eabi/lib/thumb/cortex-m4/float-abi-hard/fpuv4-sp-d16/libc.a(lib_a-dtoa.o)
 .debug_abbrev  0x00000000000034cb      0x281 /home/dl0/sat/lib/gcc/arm-none-eabi/5.3.0/../../../../arm-none-eabi/lib/thumb/cortex-m4/float-abi-hard/fpuv4-sp-d16/libc.a(lib_a-fflush.o)
 .debug_abbrev  0x000000000000374c      0x347 /home/dl0/sat/lib/gcc/arm-none-eabi/5.3.0/../../../../arm-none-eabi/lib/thumb/cortex-m4/float-abi-hard/fpuv4-sp-d16/libc.a(lib_a-findfp.o)
 .debug_abbrev  0x0000000000003a93      0x264 /home/dl0/sat/lib/gcc/arm-none-eabi/5.3.0/../../../../arm-none-eabi/lib/thumb/cortex-m4/float-abi-hard/fpuv4-sp-d16/libc.a(lib_a-freer.o)
 .debug_abbrev  0x0000000000003cf7      0x21c /home/dl0/sat/lib/gcc/arm-none-eabi/5.3.0/../../../../arm-none-eabi/lib/thumb/cortex-m4/float-abi-hard/fpuv4-sp-d16/libc.a(lib_a-fvwrite.o)
 .debug_abbrev  0x0000000000003f13      0x1c2 /home/dl0/sat/lib/gcc/arm-none-eabi/5.3.0/../../../../arm-none-eabi/lib/thumb/cortex-m4/float-abi-hard/fpuv4-sp-d16/libc.a(lib_a-fwalk.o)
 .debug_abbrev  0x00000000000040d5      0x2a8 /home/dl0/sat/lib/gcc/arm-none-eabi/5.3.0/../../../../arm-none-eabi/lib/thumb/cortex-m4/float-abi-hard/fpuv4-sp-d16/libc.a(lib_a-locale.o)
 .debug_abbrev  0x000000000000437d      0x1ef /home/dl0/sat/lib/gcc/arm-none-eabi/5.3.0/../../../../arm-none-eabi/lib/thumb/cortex-m4/float-abi-hard/fpuv4-sp-d16/libc.a(lib_a-makebuf.o)
 .debug_abbrev  0x000000000000456c      0x29d /home/dl0/sat/lib/gcc/arm-none-eabi/5.3.0/../../../../arm-none-eabi/lib/thumb/cortex-m4/float-abi-hard/fpuv4-sp-d16/libc.a(lib_a-mallocr.o)
 .debug_abbrev  0x0000000000004809       0xba /home/dl0/sat/lib/gcc/arm-none-eabi/5.3.0/../../../../arm-none-eabi/lib/thumb/cortex-m4/float-abi-hard/fpuv4-sp-d16/libc.a(lib_a-memchr.o)
 .debug_abbrev  0x00000000000048c3       0xab /home/dl0/sat/lib/gcc/arm-none-eabi/5.3.0/../../../../arm-none-eabi/lib/thumb/cortex-m4/float-abi-hard/fpuv4-sp-d16/libc.a(lib_a-memmove.o)
 .debug_abbrev  0x000000000000496e      0x1ac /home/dl0/sat/lib/gcc/arm-none-eabi/5.3.0/../../../../arm-none-eabi/lib/thumb/cortex-m4/float-abi-hard/fpuv4-sp-d16/libc.a(lib_a-mlock.o)
 .debug_abbrev  0x0000000000004b1a      0x388 /home/dl0/sat/lib/gcc/arm-none-eabi/5.3.0/../../../../arm-none-eabi/lib/thumb/cortex-m4/float-abi-hard/fpuv4-sp-d16/libc.a(lib_a-mprec.o)
 .debug_abbrev  0x0000000000004ea2      0x231 /home/dl0/sat/lib/gcc/arm-none-eabi/5.3.0/../../../../arm-none-eabi/lib/thumb/cortex-m4/float-abi-hard/fpuv4-sp-d16/libc.a(lib_a-reallocr.o)
 .debug_abbrev  0x00000000000050d3      0x1fb /home/dl0/sat/lib/gcc/arm-none-eabi/5.3.0/../../../../arm-none-eabi/lib/thumb/cortex-m4/float-abi-hard/fpuv4-sp-d16/libc.a(lib_a-sbrkr.o)
 .debug_abbrev  0x00000000000052ce       0x6f /home/dl0/sat/lib/gcc/arm-none-eabi/5.3.0/../../../../arm-none-eabi/lib/thumb/cortex-m4/float-abi-hard/fpuv4-sp-d16/libc.a(lib_a-s_fpclassify.o)
 .debug_abbrev  0x000000000000533d      0x22a /home/dl0/sat/lib/gcc/arm-none-eabi/5.3.0/../../../../arm-none-eabi/lib/thumb/cortex-m4/float-abi-hard/fpuv4-sp-d16/libc.a(lib_a-stdio.o)
 .debug_abbrev  0x0000000000005567       0x14 /home/dl0/sat/lib/gcc/arm-none-eabi/5.3.0/../../../../arm-none-eabi/lib/thumb/cortex-m4/float-abi-hard/fpuv4-sp-d16/libc.a(lib_a-strcmp.o)
 .debug_abbrev  0x000000000000557b      0x396 /home/dl0/sat/lib/gcc/arm-none-eabi/5.3.0/../../../../arm-none-eabi/lib/thumb/cortex-m4/float-abi-hard/fpuv4-sp-d16/libc.a(lib_a-vfiprintf.o)
 .debug_abbrev  0x0000000000005911      0x1fb /home/dl0/sat/lib/gcc/arm-none-eabi/5.3.0/../../../../arm-none-eabi/lib/thumb/cortex-m4/float-abi-hard/fpuv4-sp-d16/libc.a(lib_a-writer.o)
 .debug_abbrev  0x0000000000005b0c      0x1fc /home/dl0/sat/lib/gcc/arm-none-eabi/5.3.0/../../../../arm-none-eabi/lib/thumb/cortex-m4/float-abi-hard/fpuv4-sp-d16/libc.a(lib_a-callocr.o)
 .debug_abbrev  0x0000000000005d08      0x1f6 /home/dl0/sat/lib/gcc/arm-none-eabi/5.3.0/../../../../arm-none-eabi/lib/thumb/cortex-m4/float-abi-hard/fpuv4-sp-d16/libc.a(lib_a-closer.o)
 .debug_abbrev  0x0000000000005efe      0x293 /home/dl0/sat/lib/gcc/arm-none-eabi/5.3.0/../../../../arm-none-eabi/lib/thumb/cortex-m4/float-abi-hard/fpuv4-sp-d16/libc.a(lib_a-fclose.o)
 .debug_abbrev  0x0000000000006191      0x2ba /home/dl0/sat/lib/gcc/arm-none-eabi/5.3.0/../../../../arm-none-eabi/lib/thumb/cortex-m4/float-abi-hard/fpuv4-sp-d16/libc.a(lib_a-fputwc.o)
 .debug_abbrev  0x000000000000644b      0x205 /home/dl0/sat/lib/gcc/arm-none-eabi/5.3.0/../../../../arm-none-eabi/lib/thumb/cortex-m4/float-abi-hard/fpuv4-sp-d16/libc.a(lib_a-fstatr.o)
 .debug_abbrev  0x0000000000006650      0x1f6 /home/dl0/sat/lib/gcc/arm-none-eabi/5.3.0/../../../../arm-none-eabi/lib/thumb/cortex-m4/float-abi-hard/fpuv4-sp-d16/libc.a(lib_a-isattyr.o)
 .debug_abbrev  0x0000000000006846      0x205 /home/dl0/sat/lib/gcc/arm-none-eabi/5.3.0/../../../../arm-none-eabi/lib/thumb/cortex-m4/float-abi-hard/fpuv4-sp-d16/libc.a(lib_a-lseekr.o)
 .debug_abbrev  0x0000000000006a4b      0x1f6 /home/dl0/sat/lib/gcc/arm-none-eabi/5.3.0/../../../../arm-none-eabi/lib/thumb/cortex-m4/float-abi-hard/fpuv4-sp-d16/libc.a(lib_a-readr.o)
 .debug_abbrev  0x0000000000006c41      0x25c /home/dl0/sat/lib/gcc/arm-none-eabi/5.3.0/../../../../arm-none-eabi/lib/thumb/cortex-m4/float-abi-hard/fpuv4-sp-d16/libc.a(lib_a-reent.o)
 .debug_abbrev  0x0000000000006e9d      0x242 /home/dl0/sat/lib/gcc/arm-none-eabi/5.3.0/../../../../arm-none-eabi/lib/thumb/cortex-m4/float-abi-hard/fpuv4-sp-d16/libc.a(lib_a-wbuf.o)
 .debug_abbrev  0x00000000000070df      0x227 /home/dl0/sat/lib/gcc/arm-none-eabi/5.3.0/../../../../arm-none-eabi/lib/thumb/cortex-m4/float-abi-hard/fpuv4-sp-d16/libc.a(lib_a-wcrtomb.o)
 .debug_abbrev  0x0000000000007306      0x210 /home/dl0/sat/lib/gcc/arm-none-eabi/5.3.0/../../../../arm-none-eabi/lib/thumb/cortex-m4/float-abi-hard/fpuv4-sp-d16/libc.a(lib_a-wctomb_r.o)
 .debug_abbrev  0x0000000000007516       0x14 /home/dl0/sat/lib/gcc/arm-none-eabi/5.3.0/thumb/cortex-m4/float-abi-hard/fpuv4-sp-d16/libgcc.a(_arm_addsubdf3.o)
 .debug_abbrev  0x000000000000752a       0x14 /home/dl0/sat/lib/gcc/arm-none-eabi/5.3.0/thumb/cortex-m4/float-abi-hard/fpuv4-sp-d16/libgcc.a(_arm_muldivdf3.o)
 .debug_abbrev  0x000000000000753e       0x14 /home/dl0/sat/lib/gcc/arm-none-eabi/5.3.0/thumb/cortex-m4/float-abi-hard/fpuv4-sp-d16/libgcc.a(_arm_cmpdf2.o)
 .debug_abbrev  0x0000000000007552       0x14 /home/dl0/sat/lib/gcc/arm-none-eabi/5.3.0/thumb/cortex-m4/float-abi-hard/fpuv4-sp-d16/libgcc.a(_arm_fixdfsi.o)

.debug_loc      0x0000000000000000    0x10a7e
 .debug_loc     0x0000000000000000       0xe1 /home/dl0/Documents/Stage_Recherche/Prog_/c-uart_stm32_integ/c-uart-interface_scheduler__/testing__/atomthreads_custom/ports/cortex-m/build/tests-main.o
 .debug_loc     0x00000000000000e1       0x2a /home/dl0/Documents/Stage_Recherche/Prog_/c-uart_stm32_integ/c-uart-interface_scheduler__/testing__/atomthreads_custom/ports/cortex-m/build/board_setup.o
 .debug_loc     0x000000000000010b      0x11f /home/dl0/Documents/Stage_Recherche/Prog_/c-uart_stm32_integ/c-uart-interface_scheduler__/testing__/atomthreads_custom/ports/cortex-m/build/stubs.o
 .debug_loc     0x000000000000022a      0x20b /home/dl0/Documents/Stage_Recherche/Prog_/c-uart_stm32_integ/c-uart-interface_scheduler__/testing__/atomthreads_custom/ports/cortex-m/build/stm32_con.o
 .debug_loc     0x0000000000000435      0x1e8 /home/dl0/Documents/Stage_Recherche/Prog_/c-uart_stm32_integ/c-uart-interface_scheduler__/testing__/atomthreads_custom/ports/cortex-m/build/atomport.o
 .debug_loc     0x000000000000061d      0x7dc /home/dl0/Documents/Stage_Recherche/Prog_/c-uart_stm32_integ/c-uart-interface_scheduler__/testing__/atomthreads_custom/ports/cortex-m/build/atomkernel.o
 .debug_loc     0x0000000000000df9      0x587 /home/dl0/Documents/Stage_Recherche/Prog_/c-uart_stm32_integ/c-uart-interface_scheduler__/testing__/atomthreads_custom/ports/cortex-m/build/atomsem.o
 .debug_loc     0x0000000000001380      0x550 /home/dl0/Documents/Stage_Recherche/Prog_/c-uart_stm32_integ/c-uart-interface_scheduler__/testing__/atomthreads_custom/ports/cortex-m/build/atommutex.o
 .debug_loc     0x00000000000018d0      0x3cd /home/dl0/Documents/Stage_Recherche/Prog_/c-uart_stm32_integ/c-uart-interface_scheduler__/testing__/atomthreads_custom/ports/cortex-m/build/atomtimer.o
 .debug_loc     0x0000000000001c9d      0x13a /home/dl0/Documents/Stage_Recherche/Prog_/c-uart_stm32_integ/c-uart-interface_scheduler__/testing__/atomthreads_custom/ports/cortex-m/build/mutex4.o
 .debug_loc     0x0000000000001dd7       0x76 /home/dl0/Documents/Stage_Recherche/Prog_/c-uart_stm32_integ/c-uart-interface_scheduler__/testing__/atomthreads_custom/ports/cortex-m/libopencm3/lib/libopencm3_stm32f4.a(gpio_common_all.o)
 .debug_loc     0x0000000000001e4d      0x111 /home/dl0/Documents/Stage_Recherche/Prog_/c-uart_stm32_integ/c-uart-interface_scheduler__/testing__/atomthreads_custom/ports/cortex-m/libopencm3/lib/libopencm3_stm32f4.a(gpio_common_f0234.o)
 .debug_loc     0x0000000000001f5e      0x1ca /home/dl0/Documents/Stage_Recherche/Prog_/c-uart_stm32_integ/c-uart-interface_scheduler__/testing__/atomthreads_custom/ports/cortex-m/libopencm3/lib/libopencm3_stm32f4.a(usart_common_all.o)
 .debug_loc     0x0000000000002128       0xd4 /home/dl0/Documents/Stage_Recherche/Prog_/c-uart_stm32_integ/c-uart-interface_scheduler__/testing__/atomthreads_custom/ports/cortex-m/libopencm3/lib/libopencm3_stm32f4.a(usart_common_f124.o)
 .debug_loc     0x00000000000021fc      0x14a /home/dl0/Documents/Stage_Recherche/Prog_/c-uart_stm32_integ/c-uart-interface_scheduler__/testing__/atomthreads_custom/ports/cortex-m/libopencm3/lib/libopencm3_stm32f4.a(rcc_common_all.o)
 .debug_loc     0x0000000000002346       0xf5 /home/dl0/Documents/Stage_Recherche/Prog_/c-uart_stm32_integ/c-uart-interface_scheduler__/testing__/atomthreads_custom/ports/cortex-m/libopencm3/lib/libopencm3_stm32f4.a(vector.o)
 .debug_loc     0x000000000000243b      0x192 /home/dl0/Documents/Stage_Recherche/Prog_/c-uart_stm32_integ/c-uart-interface_scheduler__/testing__/atomthreads_custom/ports/cortex-m/libopencm3/lib/libopencm3_stm32f4.a(systick.o)
 .debug_loc     0x00000000000025cd      0x142 /home/dl0/Documents/Stage_Recherche/Prog_/c-uart_stm32_integ/c-uart-interface_scheduler__/testing__/atomthreads_custom/ports/cortex-m/libopencm3/lib/libopencm3_stm32f4.a(nvic.o)
 .debug_loc     0x000000000000270f      0x104 /home/dl0/Documents/Stage_Recherche/Prog_/c-uart_stm32_integ/c-uart-interface_scheduler__/testing__/atomthreads_custom/ports/cortex-m/libopencm3/lib/libopencm3_stm32f4.a(sync.o)
 .debug_loc     0x0000000000002813      0x372 /home/dl0/Documents/Stage_Recherche/Prog_/c-uart_stm32_integ/c-uart-interface_scheduler__/testing__/atomthreads_custom/ports/cortex-m/libopencm3/lib/libopencm3_stm32f4.a(rcc.o)
 .debug_loc     0x0000000000002b85      0x1ae /home/dl0/sat/lib/gcc/arm-none-eabi/5.3.0/../../../../arm-none-eabi/lib/thumb/cortex-m4/float-abi-hard/fpuv4-sp-d16/libc.a(lib_a-memset.o)
 .debug_loc     0x0000000000002d33       0x34 /home/dl0/sat/lib/gcc/arm-none-eabi/5.3.0/../../../../arm-none-eabi/lib/thumb/cortex-m4/float-abi-hard/fpuv4-sp-d16/libc.a(lib_a-printf.o)
 .debug_loc     0x0000000000002d67       0xc2 /home/dl0/sat/lib/gcc/arm-none-eabi/5.3.0/../../../../arm-none-eabi/lib/thumb/cortex-m4/float-abi-hard/fpuv4-sp-d16/libc.a(lib_a-puts.o)
 .debug_loc     0x0000000000002e29       0x21 /home/dl0/sat/lib/gcc/arm-none-eabi/5.3.0/../../../../arm-none-eabi/lib/thumb/cortex-m4/float-abi-hard/fpuv4-sp-d16/libc.a(lib_a-strlen.o)
 .debug_loc     0x0000000000002e4a     0x2c16 /home/dl0/sat/lib/gcc/arm-none-eabi/5.3.0/../../../../arm-none-eabi/lib/thumb/cortex-m4/float-abi-hard/fpuv4-sp-d16/libc.a(lib_a-vfprintf.o)
 .debug_loc     0x0000000000005a60       0xa2 /home/dl0/sat/lib/gcc/arm-none-eabi/5.3.0/../../../../arm-none-eabi/lib/thumb/cortex-m4/float-abi-hard/fpuv4-sp-d16/libc.a(lib_a-wsetup.o)
 .debug_loc     0x0000000000005b02     0x29da /home/dl0/sat/lib/gcc/arm-none-eabi/5.3.0/../../../../arm-none-eabi/lib/thumb/cortex-m4/float-abi-hard/fpuv4-sp-d16/libc.a(lib_a-dtoa.o)
 .debug_loc     0x00000000000084dc      0x2ac /home/dl0/sat/lib/gcc/arm-none-eabi/5.3.0/../../../../arm-none-eabi/lib/thumb/cortex-m4/float-abi-hard/fpuv4-sp-d16/libc.a(lib_a-fflush.o)
 .debug_loc     0x0000000000008788      0x2f4 /home/dl0/sat/lib/gcc/arm-none-eabi/5.3.0/../../../../arm-none-eabi/lib/thumb/cortex-m4/float-abi-hard/fpuv4-sp-d16/libc.a(lib_a-findfp.o)
 .debug_loc     0x0000000000008a7c      0x525 /home/dl0/sat/lib/gcc/arm-none-eabi/5.3.0/../../../../arm-none-eabi/lib/thumb/cortex-m4/float-abi-hard/fpuv4-sp-d16/libc.a(lib_a-freer.o)
 .debug_loc     0x0000000000008fa1      0x6af /home/dl0/sat/lib/gcc/arm-none-eabi/5.3.0/../../../../arm-none-eabi/lib/thumb/cortex-m4/float-abi-hard/fpuv4-sp-d16/libc.a(lib_a-fvwrite.o)
 .debug_loc     0x0000000000009650      0x207 /home/dl0/sat/lib/gcc/arm-none-eabi/5.3.0/../../../../arm-none-eabi/lib/thumb/cortex-m4/float-abi-hard/fpuv4-sp-d16/libc.a(lib_a-fwalk.o)
 .debug_loc     0x0000000000009857      0x147 /home/dl0/sat/lib/gcc/arm-none-eabi/5.3.0/../../../../arm-none-eabi/lib/thumb/cortex-m4/float-abi-hard/fpuv4-sp-d16/libc.a(lib_a-locale.o)
 .debug_loc     0x000000000000999e      0x10c /home/dl0/sat/lib/gcc/arm-none-eabi/5.3.0/../../../../arm-none-eabi/lib/thumb/cortex-m4/float-abi-hard/fpuv4-sp-d16/libc.a(lib_a-makebuf.o)
 .debug_loc     0x0000000000009aaa      0xcdf /home/dl0/sat/lib/gcc/arm-none-eabi/5.3.0/../../../../arm-none-eabi/lib/thumb/cortex-m4/float-abi-hard/fpuv4-sp-d16/libc.a(lib_a-mallocr.o)
 .debug_loc     0x000000000000a789      0x15c /home/dl0/sat/lib/gcc/arm-none-eabi/5.3.0/../../../../arm-none-eabi/lib/thumb/cortex-m4/float-abi-hard/fpuv4-sp-d16/libc.a(lib_a-memchr.o)
 .debug_loc     0x000000000000a8e5      0x292 /home/dl0/sat/lib/gcc/arm-none-eabi/5.3.0/../../../../arm-none-eabi/lib/thumb/cortex-m4/float-abi-hard/fpuv4-sp-d16/libc.a(lib_a-memmove.o)
 .debug_loc     0x000000000000ab77     0x1f33 /home/dl0/sat/lib/gcc/arm-none-eabi/5.3.0/../../../../arm-none-eabi/lib/thumb/cortex-m4/float-abi-hard/fpuv4-sp-d16/libc.a(lib_a-mprec.o)
 .debug_loc     0x000000000000caaa     0x1201 /home/dl0/sat/lib/gcc/arm-none-eabi/5.3.0/../../../../arm-none-eabi/lib/thumb/cortex-m4/float-abi-hard/fpuv4-sp-d16/libc.a(lib_a-reallocr.o)
 .debug_loc     0x000000000000dcab       0x4d /home/dl0/sat/lib/gcc/arm-none-eabi/5.3.0/../../../../arm-none-eabi/lib/thumb/cortex-m4/float-abi-hard/fpuv4-sp-d16/libc.a(lib_a-sbrkr.o)
 .debug_loc     0x000000000000dcf8      0x2bf /home/dl0/sat/lib/gcc/arm-none-eabi/5.3.0/../../../../arm-none-eabi/lib/thumb/cortex-m4/float-abi-hard/fpuv4-sp-d16/libc.a(lib_a-stdio.o)
 .debug_loc     0x000000000000dfb7     0x1ba8 /home/dl0/sat/lib/gcc/arm-none-eabi/5.3.0/../../../../arm-none-eabi/lib/thumb/cortex-m4/float-abi-hard/fpuv4-sp-d16/libc.a(lib_a-vfiprintf.o)
 .debug_loc     0x000000000000fb5f       0xb0 /home/dl0/sat/lib/gcc/arm-none-eabi/5.3.0/../../../../arm-none-eabi/lib/thumb/cortex-m4/float-abi-hard/fpuv4-sp-d16/libc.a(lib_a-writer.o)
 .debug_loc     0x000000000000fc0f      0x291 /home/dl0/sat/lib/gcc/arm-none-eabi/5.3.0/../../../../arm-none-eabi/lib/thumb/cortex-m4/float-abi-hard/fpuv4-sp-d16/libc.a(lib_a-callocr.o)