Archive member included to satisfy reference by file (symbol)

/home/dl0/Documents/Stage_Recherche/Prog_/c-uart_stm32_integ/c-uart-interface_scheduler__/testing__/atomthreads_custom/ports/cortex-m/libopencm3/lib/libopencm3_stm32f4.a(gpio_common_all.o)
                              /home/dl0/Documents/Stage_Recherche/Prog_/c-uart_stm32_integ/c-uart-interface_scheduler__/testing__/atomthreads_custom/ports/cortex-m/build/board_setup.o (gpio_set)
/home/dl0/Documents/Stage_Recherche/Prog_/c-uart_stm32_integ/c-uart-interface_scheduler__/testing__/atomthreads_custom/ports/cortex-m/libopencm3/lib/libopencm3_stm32f4.a(gpio_common_f0234.o)
                              /home/dl0/Documents/Stage_Recherche/Prog_/c-uart_stm32_integ/c-uart-interface_scheduler__/testing__/atomthreads_custom/ports/cortex-m/build/board_setup.o (gpio_mode_setup)
/home/dl0/Documents/Stage_Recherche/Prog_/c-uart_stm32_integ/c-uart-interface_scheduler__/testing__/atomthreads_custom/ports/cortex-m/libopencm3/lib/libopencm3_stm32f4.a(usart_common_all.o)
                              /home/dl0/Documents/Stage_Recherche/Prog_/c-uart_stm32_integ/c-uart-interface_scheduler__/testing__/atomthreads_custom/ports/cortex-m/build/board_setup.o (usart_set_baudrate)
/home/dl0/Documents/Stage_Recherche/Prog_/c-uart_stm32_integ/c-uart-interface_scheduler__/testing__/atomthreads_custom/ports/cortex-m/libopencm3/lib/libopencm3_stm32f4.a(usart_common_f124.o)
                              /home/dl0/Documents/Stage_Recherche/Prog_/c-uart_stm32_integ/c-uart-interface_scheduler__/testing__/atomthreads_custom/ports/cortex-m/libopencm3/lib/libopencm3_stm32f4.a(usart_common_all.o) (usart_send)
/home/dl0/Documents/Stage_Recherche/Prog_/c-uart_stm32_integ/c-uart-interface_scheduler__/testing__/atomthreads_custom/ports/cortex-m/libopencm3/lib/libopencm3_stm32f4.a(rcc_common_all.o)
                              /home/dl0/Documents/Stage_Recherche/Prog_/c-uart_stm32_integ/c-uart-interface_scheduler__/testing__/atomthreads_custom/ports/cortex-m/build/board_setup.o (rcc_periph_clock_enable)
/home/dl0/Documents/Stage_Recherche/Prog_/c-uart_stm32_integ/c-uart-interface_scheduler__/testing__/atomthreads_custom/ports/cortex-m/libopencm3/lib/libopencm3_stm32f4.a(vector.o)
                              (reset_handler)
/home/dl0/Documents/Stage_Recherche/Prog_/c-uart_stm32_integ/c-uart-interface_scheduler__/testing__/atomthreads_custom/ports/cortex-m/libopencm3/lib/libopencm3_stm32f4.a(systick.o)
                              /home/dl0/Documents/Stage_Recherche/Prog_/c-uart_stm32_integ/c-uart-interface_scheduler__/testing__/atomthreads_custom/ports/cortex-m/build/board_setup.o (systick_set_reload)
/home/dl0/Documents/Stage_Recherche/Prog_/c-uart_stm32_integ/c-uart-interface_scheduler__/testing__/atomthreads_custom/ports/cortex-m/libopencm3/lib/libopencm3_stm32f4.a(nvic.o)
                              /home/dl0/Documents/Stage_Recherche/Prog_/c-uart_stm32_integ/c-uart-interface_scheduler__/testing__/atomthreads_custom/ports/cortex-m/build/board_setup.o (nvic_set_priority)
/home/dl0/Documents/Stage_Recherche/Prog_/c-uart_stm32_integ/c-uart-interface_scheduler__/testing__/atomthreads_custom/ports/cortex-m/libopencm3/lib/libopencm3_stm32f4.a(sync.o)
                              /home/dl0/Documents/Stage_Recherche/Prog_/c-uart_stm32_integ/c-uart-interface_scheduler__/testing__/atomthreads_custom/ports/cortex-m/build/atomport.o (__dmb)
/home/dl0/Documents/Stage_Recherche/Prog_/c-uart_stm32_integ/c-uart-interface_scheduler__/testing__/atomthreads_custom/ports/cortex-m/libopencm3/lib/libopencm3_stm32f4.a(rcc.o)
                              /home/dl0/Documents/Stage_Recherche/Prog_/c-uart_stm32_integ/c-uart-interface_scheduler__/testing__/atomthreads_custom/ports/cortex-m/libopencm3/lib/libopencm3_stm32f4.a(usart_common_all.o) (rcc_apb2_frequency)
/home/dl0/Documents/Stage_Recherche/Prog_/c-uart_stm32_integ/c-uart-interface_scheduler__/testing__/atomthreads_custom/ports/cortex-m/libopencm3/lib/libopencm3_stm32f4.a(flash_common_f234.o)
                              /home/dl0/Documents/Stage_Recherche/Prog_/c-uart_stm32_integ/c-uart-interface_scheduler__/testing__/atomthreads_custom/ports/cortex-m/libopencm3/lib/libopencm3_stm32f4.a(rcc.o) (flash_set_ws)
/home/dl0/Documents/Stage_Recherche/Prog_/c-uart_stm32_integ/c-uart-interface_scheduler__/testing__/atomthreads_custom/ports/cortex-m/libopencm3/lib/libopencm3_stm32f4.a(assert.o)
                              /home/dl0/Documents/Stage_Recherche/Prog_/c-uart_stm32_integ/c-uart-interface_scheduler__/testing__/atomthreads_custom/ports/cortex-m/libopencm3/lib/libopencm3_stm32f4.a(rcc.o) (cm3_assert_failed)
/home/dl0/Documents/Stage_Recherche/Prog_/c-uart_stm32_integ/c-uart-interface_scheduler__/testing__/atomthreads_custom/ports/cortex-m/libopencm3/lib/libopencm3_stm32f4.a(pwr.o)
[...]
Memory Configuration

Name             Origin             Length             Attributes
rom              0x0000000008000000 0x0000000000100000 xr
ram              0x0000000020000000 0x0000000000020000 xrw
*default*        0x0000000000000000 0xffffffffffffffff

Linker script and memory map

LOAD /home/dl0/Documents/Stage_Recherche/Prog_/c-uart_stm32_integ/c-uart-interface_scheduler__/testing__/atomthreads_custom/ports/cortex-m/build/tests-main.o
LOAD /home/dl0/Documents/Stage_Recherche/Prog_/c-uart_stm32_integ/c-uart-interface_scheduler__/testing__/atomthreads_custom/ports/cortex-m/build/board_setup.o
LOAD /home/dl0/Documents/Stage_Recherche/Prog_/c-uart_stm32_integ/c-uart-interface_scheduler__/testing__/atomthreads_custom/ports/cortex-m/build/stubs.o
LOAD /home/dl0/Documents/Stage_Recherche/Prog_/c-uart_stm32_integ/c-uart-interface_scheduler__/testing__/atomthreads_custom/ports/cortex-m/build/stm32_con.o
LOAD /home/dl0/Documents/Stage_Recherche/Prog_/c-uart_stm32_integ/c-uart-interface_scheduler__/testing__/atomthreads_custom/ports/cortex-m/build/atomport.o
LOAD /home/dl0/Documents/Stage_Recherche/Prog_/c-uart_stm32_integ/c-uart-interface_scheduler__/testing__/atomthreads_custom/ports/cortex-m/build/atomport-asm.o
LOAD /home/dl0/Documents/Stage_Recherche/Prog_/c-uart_stm32_integ/c-uart-interface_scheduler__/testing__/atomthreads_custom/ports/cortex-m/build/atomkernel.o
LOAD /home/dl0/Documents/Stage_Recherche/Prog_/c-uart_stm32_integ/c-uart-interface_scheduler__/testing__/atomthreads_custom/ports/cortex-m/build/atomsem.o
LOAD /home/dl0/Documents/Stage_Recherche/Prog_/c-uart_stm32_integ/c-uart-interface_scheduler__/testing__/atomthreads_custom/ports/cortex-m/build/atommutex.o
LOAD /home/dl0/Documents/Stage_Recherche/Prog_/c-uart_stm32_integ/c-uart-interface_scheduler__/testing__/atomthreads_custom/ports/cortex-m/build/atomtimer.o
LOAD /home/dl0/Documents/Stage_Recherche/Prog_/c-uart_stm32_integ/c-uart-interface_scheduler__/testing__/atomthreads_custom/ports/cortex-m/build/atomqueue.o
LOAD /home/dl0/Documents/Stage_Recherche/Prog_/c-uart_stm32_integ/c-uart-interface_scheduler__/testing__/atomthreads_custom/ports/cortex-m/build/queue8.o
LOAD /home/dl0/Documents/Stage_Recherche/Prog_/c-uart_stm32_integ/c-uart-interface_scheduler__/testing__/atomthreads_custom/ports/cortex-m/libopencm3/lib/libopencm3_stm32f4.a
START GROUP
LOAD /home/dl0/sat/lib/gcc/arm-none-eabi/5.3.0/../../../../arm-none-eabi/lib/thumb/cortex-m4/float-abi-hard/fpuv4-sp-d16/libc.a
LOAD /home/dl0/sat/lib/gcc/arm-none-eabi/5.3.0/thumb/cortex-m4/float-abi-hard/fpuv4-sp-d16/libgcc.a
END GROUP
START GROUP
LOAD /home/dl0/sat/lib/gcc/arm-none-eabi/5.3.0/thumb/cortex-m4/float-abi-hard/fpuv4-sp-d16/libgcc.a
LOAD /home/dl0/sat/lib/gcc/arm-none-eabi/5.3.0/../../../../arm-none-eabi/lib/thumb/cortex-m4/float-abi-hard/fpuv4-sp-d16/libc.a
END GROUP

.text           0x0000000008000000     0x7980
 *(.vectors)
 .vectors       0x0000000008000000      0x1ac /home/dl0/Documents/Stage_Recherche/Prog_/c-uart_stm32_integ/c-uart-interface_scheduler__/testing__/atomthreads_custom/ports/cortex-m/libopencm3/lib/libopencm3_stm32f4.a(vector.o)
                0x0000000008000000                vector_table
 *(.text*)
 .text.main_thread_func
                0x00000000080001ac       0x58 /home/dl0/Documents/Stage_Recherche/Prog_/c-uart_stm32_integ/c-uart-interface_scheduler__/testing__/atomthreads_custom/ports/cortex-m/build/tests-main.o
 .text.startup.main
                0x0000000008000204       0x54 /home/dl0/Documents/Stage_Recherche/Prog_/c-uart_stm32_integ/c-uart-interface_scheduler__/testing__/atomthreads_custom/ports/cortex-m/build/tests-main.o
                0x0000000008000204                main
 .text.test_led_toggle
                0x0000000008000258       0x20 /home/dl0/Documents/Stage_Recherche/Prog_/c-uart_stm32_integ/c-uart-interface_scheduler__/testing__/atomthreads_custom/ports/cortex-m/build/board_setup.o
                0x0000000008000258                test_led_toggle
 .text.board_setup
                0x0000000008000278       0xec /home/dl0/Documents/Stage_Recherche/Prog_/c-uart_stm32_integ/c-uart-interface_scheduler__/testing__/atomthreads_custom/ports/cortex-m/build/board_setup.o
                0x0000000008000278                board_setup
 .text._sbrk    0x0000000008000364       0x48 /home/dl0/Documents/Stage_Recherche/Prog_/c-uart_stm32_integ/c-uart-interface_scheduler__/testing__/atomthreads_custom/ports/cortex-m/build/stubs.o
                0x0000000008000364                _sbrk
 .text._close   0x00000000080003ac        0x6 /home/dl0/Documents/Stage_Recherche/Prog_/c-uart_stm32_integ/c-uart-interface_scheduler__/testing__/atomthreads_custom/ports/cortex-m/build/stubs.o
                0x00000000080003ac                _close
 .text._fstat   0x00000000080003b2        0xa /home/dl0/Documents/Stage_Recherche/Prog_/c-uart_stm32_integ/c-uart-interface_scheduler__/testing__/atomthreads_custom/ports/cortex-m/build/stubs.o
                0x00000000080003b2                _fstat
 .text._isatty  0x00000000080003bc        0x4 /home/dl0/Documents/Stage_Recherche/Prog_/c-uart_stm32_integ/c-uart-interface_scheduler__/testing__/atomthreads_custom/ports/cortex-m/build/stubs.o
                0x00000000080003bc                _isatty
 .text._lseek   0x00000000080003c0        0x4 /home/dl0/Documents/Stage_Recherche/Prog_/c-uart_stm32_integ/c-uart-interface_scheduler__/testing__/atomthreads_custom/ports/cortex-m/build/stubs.o
                0x00000000080003c0                _lseek
 .text._read    0x00000000080003c4       0x38 /home/dl0/Documents/Stage_Recherche/Prog_/c-uart_stm32_integ/c-uart-interface_scheduler__/testing__/atomthreads_custom/ports/cortex-m/build/stm32_con.o
                0x00000000080003c4                _read
 .text._write   0x00000000080003fc       0x40 /home/dl0/Documents/Stage_Recherche/Prog_/c-uart_stm32_integ/c-uart-interface_scheduler__/testing__/atomthreads_custom/ports/cortex-m/build/stm32_con.o
                0x00000000080003fc                _write
 .text.thread_shell
                0x000000000800043c       0x16 /home/dl0/Documents/Stage_Recherche/Prog_/c-uart_stm32_integ/c-uart-interface_scheduler__/testing__/atomthreads_custom/ports/cortex-m/build/atomport.o
 *fill*         0x0000000008000452        0x2 
 .text.archFirstThreadRestore
                0x0000000008000454       0x20 /home/dl0/Documents/Stage_Recherche/Prog_/c-uart_stm32_integ/c-uart-interface_scheduler__/testing__/atomthreads_custom/ports/cortex-m/build/atomport.o
                0x0000000008000454                archFirstThreadRestore
 .text.archContextSwitch
                0x0000000008000474       0x24 /home/dl0/Documents/Stage_Recherche/Prog_/c-uart_stm32_integ/c-uart-interface_scheduler__/testing__/atomthreads_custom/ports/cortex-m/build/atomport.o
                0x0000000008000474                archContextSwitch
 .text.sys_tick_handler
                0x0000000008000498       0x14 /home/dl0/Documents/Stage_Recherche/Prog_/c-uart_stm32_integ/c-uart-interface_scheduler__/testing__/atomthreads_custom/ports/cortex-m/build/atomport.o
                0x0000000008000498                sys_tick_handler
 .text.nmi_handler
                0x00000000080004ac        0x2 /home/dl0/Documents/Stage_Recherche/Prog_/c-uart_stm32_integ/c-uart-interface_scheduler__/testing__/atomthreads_custom/ports/cortex-m/build/atomport.o
                0x00000000080004ac                nmi_handler
 .text.hard_fault_handler
                0x00000000080004ae        0x2 /home/dl0/Documents/Stage_Recherche/Prog_/c-uart_stm32_integ/c-uart-interface_scheduler__/testing__/atomthreads_custom/ports/cortex-m/build/atomport.o
                0x00000000080004ae                hard_fault_handler
 .text.archThreadContextInit
                0x00000000080004b0      0x100 /home/dl0/Documents/Stage_Recherche/Prog_/c-uart_stm32_integ/c-uart-interface_scheduler__/testing__/atomthreads_custom/ports/cortex-m/build/atomport.o
                0x00000000080004b0                archThreadContextInit
 .text          0x00000000080005b0       0xc4 /home/dl0/Documents/Stage_Recherche/Prog_/c-uart_stm32_integ/c-uart-interface_scheduler__/testing__/atomthreads_custom/ports/cortex-m/build/atomport-asm.o
                0x00000000080005b0                _archFirstThreadRestore
                0x0000000008000612                pend_sv_handler
 .text.atomIdleThread
                0x0000000008000674        0x2 /home/dl0/Documents/Stage_Recherche/Prog_/c-uart_stm32_integ/c-uart-interface_scheduler__/testing__/atomthreads_custom/ports/cortex-m/build/atomkernel.o
 *fill*         0x0000000008000676        0x2 
 .text.atomIntEnter
                0x0000000008000678       0x10 /home/dl0/Documents/Stage_Recherche/Prog_/c-uart_stm32_integ/c-uart-interface_scheduler__/testing__/atomthreads_custom/ports/cortex-m/build/atomkernel.o
                0x0000000008000678                atomIntEnter
 .text.atomCurrentContext
                0x0000000008000688       0x18 /home/dl0/Documents/Stage_Recherche/Prog_/c-uart_stm32_integ/c-uart-interface_scheduler__/testing__/atomthreads_custom/ports/cortex-m/build/atomkernel.o
                0x0000000008000688                atomCurrentContext
 .text.tcbEnqueuePriority
                0x00000000080006a0       0x60 /home/dl0/Documents/Stage_Recherche/Prog_/c-uart_stm32_integ/c-uart-interface_scheduler__/testing__/atomthreads_custom/ports/cortex-m/build/atomkernel.o
                0x00000000080006a0                tcbEnqueuePriority
 .text.tcbDequeueHead
                0x0000000008000700       0x24 /home/dl0/Documents/Stage_Recherche/Prog_/c-uart_stm32_integ/c-uart-interface_scheduler__/testing__/atomthreads_custom/ports/cortex-m/build/atomkernel.o
                0x0000000008000700                tcbDequeueHead
 .text.tcbDequeueEntry
                0x0000000008000724       0x58 /home/dl0/Documents/Stage_Recherche/Prog_/c-uart_stm32_integ/c-uart-interface_scheduler__/testing__/atomthreads_custom/ports/cortex-m/build/atomkernel.o
                0x0000000008000724                tcbDequeueEntry
 .text.tcbDequeuePriority
                0x000000000800077c       0x2c /home/dl0/Documents/Stage_Recherche/Prog_/c-uart_stm32_integ/c-uart-interface_scheduler__/testing__/atomthreads_custom/ports/cortex-m/build/atomkernel.o
                0x000000000800077c                tcbDequeuePriority
 .text.atomSched
                0x00000000080007a8       0x88 /home/dl0/Documents/Stage_Recherche/Prog_/c-uart_stm32_integ/c-uart-interface_scheduler__/testing__/atomthreads_custom/ports/cortex-m/build/atomkernel.o
                0x00000000080007a8                atomSched
 .text.atomThreadCreate
                0x0000000008000830       0x90 /home/dl0/Documents/Stage_Recherche/Prog_/c-uart_stm32_integ/c-uart-interface_scheduler__/testing__/atomthreads_custom/ports/cortex-m/build/atomkernel.o
                0x0000000008000830                atomThreadCreate
 .text.atomOSInit
                0x00000000080008c0       0x38 /home/dl0/Documents/Stage_Recherche/Prog_/c-uart_stm32_integ/c-uart-interface_scheduler__/testing__/atomthreads_custom/ports/cortex-m/build/atomkernel.o
                0x00000000080008c0                atomOSInit
 .text.atomIntExit
                0x00000000080008f8       0x10 /home/dl0/Documents/Stage_Recherche/Prog_/c-uart_stm32_integ/c-uart-interface_scheduler__/testing__/atomthreads_custom/ports/cortex-m/build/atomkernel.o
                0x00000000080008f8                atomIntExit
 .text.atomOSStart
                0x0000000008000908       0x2c /home/dl0/Documents/Stage_Recherche/Prog_/c-uart_stm32_integ/c-uart-interface_scheduler__/testing__/atomthreads_custom/ports/cortex-m/build/atomkernel.o
                0x0000000008000908                atomOSStart
 .text.atomTimerDelayCallback
                0x0000000008000934       0x24 /home/dl0/Documents/Stage_Recherche/Prog_/c-uart_stm32_integ/c-uart-interface_scheduler__/testing__/atomthreads_custom/ports/cortex-m/build/atomtimer.o
 .text.atomTimerRegister
                0x0000000008000958       0x30 /home/dl0/Documents/Stage_Recherche/Prog_/c-uart_stm32_integ/c-uart-interface_scheduler__/testing__/atomthreads_custom/ports/cortex-m/build/atomtimer.o
                0x0000000008000958                atomTimerRegister
 .text.atomTimerCancel
                0x0000000008000988       0x44 /home/dl0/Documents/Stage_Recherche/Prog_/c-uart_stm32_integ/c-uart-interface_scheduler__/testing__/atomthreads_custom/ports/cortex-m/build/atomtimer.o
                0x0000000008000988                atomTimerCancel
 .text.atomTimeGet
                0x00000000080009cc        0xc /home/dl0/Documents/Stage_Recherche/Prog_/c-uart_stm32_integ/c-uart-interface_scheduler__/testing__/atomthreads_custom/ports/cortex-m/build/atomtimer.o
                0x00000000080009cc                atomTimeGet
 .text.atomTimerTick
                0x00000000080009d8       0x70 /home/dl0/Documents/Stage_Recherche/Prog_/c-uart_stm32_integ/c-uart-interface_scheduler__/testing__/atomthreads_custom/ports/cortex-m/build/atomtimer.o
                0x00000000080009d8                atomTimerTick
 .text.atomTimerDelay
                0x0000000008000a48       0x64 /home/dl0/Documents/Stage_Recherche/Prog_/c-uart_stm32_integ/c-uart-interface_scheduler__/testing__/atomthreads_custom/ports/cortex-m/build/atomtimer.o
                0x0000000008000a48                atomTimerDelay
 .text.atomQueueTimerCallback
                0x0000000008000aac       0x3c /home/dl0/Documents/Stage_Recherche/Prog_/c-uart_stm32_integ/c-uart-interface_scheduler__/testing__/atomthreads_custom/ports/cortex-m/build/atomqueue.o
 .text.queue_remove.part.0
                0x0000000008000ae8       0x6c /home/dl0/Documents/Stage_Recherche/Prog_/c-uart_stm32_integ/c-uart-interface_scheduler__/testing__/atomthreads_custom/ports/cortex-m/build/atomqueue.o
 .text.atomQueueCreate
                0x0000000008000b54       0x22 /home/dl0/Documents/Stage_Recherche/Prog_/c-uart_stm32_integ/c-uart-interface_scheduler__/testing__/atomthreads_custom/ports/cortex-m/build/atomqueue.o
                0x0000000008000b54                atomQueueCreate
 *fill*         0x0000000008000b76        0x2 
 .text.atomQueueDelete
                0x0000000008000b78       0x9c /home/dl0/Documents/Stage_Recherche/Prog_/c-uart_stm32_integ/c-uart-interface_scheduler__/testing__/atomthreads_custom/ports/cortex-m/build/atomqueue.o
                0x0000000008000b78                atomQueueDelete
 .text.atomQueueGet
                0x0000000008000c14      0x10c /home/dl0/Documents/Stage_Recherche/Prog_/c-uart_stm32_integ/c-uart-interface_scheduler__/testing__/atomthreads_custom/ports/cortex-m/build/atomqueue.o
                0x0000000008000c14                atomQueueGet
 .text.test_start
                0x0000000008000d20       0x84 /home/dl0/Documents/Stage_Recherche/Prog_/c-uart_stm32_integ/c-uart-interface_scheduler__/testing__/atomthreads_custom/ports/cortex-m/build/queue8.o
                0x0000000008000d20                test_start
 .text.gpio_set
                0x0000000008000da4        0x4 /home/dl0/Documents/Stage_Recherche/Prog_/c-uart_stm32_integ/c-uart-interface_scheduler__/testing__/atomthreads_custom/ports/cortex-m/libopencm3/lib/libopencm3_stm32f4.a(gpio_common_all.o)
                0x0000000008000da4                gpio_set
 .text.gpio_toggle
                0x0000000008000da8       0x10 /home/dl0/Documents/Stage_Recherche/Prog_/c-uart_stm32_integ/c-uart-interface_scheduler__/testing__/atomthreads_custom/ports/cortex-m/libopencm3/lib/libopencm3_stm32f4.a(gpio_common_all.o)
                0x0000000008000da8                gpio_toggle
 .text.gpio_mode_setup
                0x0000000008000db8       0x44 /home/dl0/Documents/Stage_Recherche/Prog_/c-uart_stm32_integ/c-uart-interface_scheduler__/testing__/atomthreads_custom/ports/cortex-m/libopencm3/lib/libopencm3_stm32f4.a(gpio_common_f0234.o)
                0x0000000008000db8                gpio_mode_setup
 .text.gpio_set_af
                0x0000000008000dfc       0x50 /home/dl0/Documents/Stage_Recherche/Prog_/c-uart_stm32_integ/c-uart-interface_scheduler__/testing__/atomthreads_custom/ports/cortex-m/libopencm3/lib/libopencm3_stm32f4.a(gpio_common_f0234.o)
                0x0000000008000dfc                gpio_set_af
 .text.usart_set_baudrate
                0x0000000008000e4c       0x30 /home/dl0/Documents/Stage_Recherche/Prog_/c-uart_stm32_integ/c-uart-interface_scheduler__/testing__/atomthreads_custom/ports/cortex-m/libopencm3/lib/libopencm3_stm32f4.a(usart_common_all.o)
                0x0000000008000e4c                usart_set_baudrate
 .text.usart_set_databits
                0x0000000008000e7c       0x12 /home/dl0/Documents/Stage_Recherche/Prog_/c-uart_stm32_integ/c-uart-interface_scheduler__/testing__/atomthreads_custom/ports/cortex-m/libopencm3/lib/libopencm3_stm32f4.a(usart_common_all.o)
                0x0000000008000e7c                usart_set_databits
 .text.usart_set_stopbits
                0x0000000008000e8e        0xc /home/dl0/Documents/Stage_Recherche/Prog_/c-uart_stm32_integ/c-uart-interface_scheduler__/testing__/atomthreads_custom/ports/cortex-m/libopencm3/lib/libopencm3_stm32f4.a(usart_common_all.o)
                0x0000000008000e8e                usart_set_stopbits
 .text.usart_set_parity
                0x0000000008000e9a        0xc /home/dl0/Documents/Stage_Recherche/Prog_/c-uart_stm32_integ/c-uart-interface_scheduler__/testing__/atomthreads_custom/ports/cortex-m/libopencm3/lib/libopencm3_stm32f4.a(usart_common_all.o)
                0x0000000008000e9a                usart_set_parity
 .text.usart_set_mode
                0x0000000008000ea6        0xc /home/dl0/Documents/Stage_Recherche/Prog_/c-uart_stm32_integ/c-uart-interface_scheduler__/testing__/atomthreads_custom/ports/cortex-m/libopencm3/lib/libopencm3_stm32f4.a(usart_common_all.o)
                0x0000000008000ea6                usart_set_mode
 .text.usart_set_flow_control
                0x0000000008000eb2        0xc /home/dl0/Documents/Stage_Recherche/Prog_/c-uart_stm32_integ/c-uart-interface_scheduler__/testing__/atomthreads_custom/ports/cortex-m/libopencm3/lib/libopencm3_stm32f4.a(usart_common_all.o)
                0x0000000008000eb2                usart_set_flow_control
 .text.usart_enable
                0x0000000008000ebe        0xa /home/dl0/Documents/Stage_Recherche/Prog_/c-uart_stm32_integ/c-uart-interface_scheduler__/testing__/atomthreads_custom/ports/cortex-m/libopencm3/lib/libopencm3_stm32f4.a(usart_common_all.o)
                0x0000000008000ebe                usart_enable
 .text.usart_disable
                0x0000000008000ec8        0xa /home/dl0/Documents/Stage_Recherche/Prog_/c-uart_stm32_integ/c-uart-interface_scheduler__/testing__/atomthreads_custom/ports/cortex-m/libopencm3/lib/libopencm3_stm32f4.a(usart_common_all.o)
                0x0000000008000ec8                usart_disable
 .text.usart_send_blocking
                0x0000000008000ed2       0x16 /home/dl0/Documents/Stage_Recherche/Prog_/c-uart_stm32_integ/c-uart-interface_scheduler__/testing__/atomthreads_custom/ports/cortex-m/libopencm3/lib/libopencm3_stm32f4.a(usart_common_all.o)
                0x0000000008000ed2                usart_send_blocking
 .text.usart_recv_blocking
                0x0000000008000ee8       0x12 /home/dl0/Documents/Stage_Recherche/Prog_/c-uart_stm32_integ/c-uart-interface_scheduler__/testing__/atomthreads_custom/ports/cortex-m/libopencm3/lib/libopencm3_stm32f4.a(usart_common_all.o)
                0x0000000008000ee8                usart_recv_blocking
 .text.usart_send
                0x0000000008000efa        0x8 /home/dl0/Documents/Stage_Recherche/Prog_/c-uart_stm32_integ/c-uart-interface_scheduler__/testing__/atomthreads_custom/ports/cortex-m/libopencm3/lib/libopencm3_stm32f4.a(usart_common_f124.o)
                0x0000000008000efa                usart_send
 .text.usart_recv
                0x0000000008000f02        0x8 /home/dl0/Documents/Stage_Recherche/Prog_/c-uart_stm32_integ/c-uart-interface_scheduler__/testing__/atomthreads_custom/ports/cortex-m/libopencm3/lib/libopencm3_stm32f4.a(usart_common_f124.o)
                0x0000000008000f02                usart_recv
 .text.usart_wait_send_ready
                0x0000000008000f0a        0x8 /home/dl0/Documents/Stage_Recherche/Prog_/c-uart_stm32_integ/c-uart-interface_scheduler__/testing__/atomthreads_custom/ports/cortex-m/libopencm3/lib/libopencm3_stm32f4.a(usart_common_f124.o)
                0x0000000008000f0a                usart_wait_send_ready
 .text.usart_wait_recv_ready
                0x0000000008000f12        0x8 /home/dl0/Documents/Stage_Recherche/Prog_/c-uart_stm32_integ/c-uart-interface_scheduler__/testing__/atomthreads_custom/ports/cortex-m/libopencm3/lib/libopencm3_stm32f4.a(usart_common_f124.o)
                0x0000000008000f12                usart_wait_recv_ready
 .text.rcc_periph_clock_enable
                0x0000000008000f1a       0x1c /home/dl0/Documents/Stage_Recherche/Prog_/c-uart_stm32_integ/c-uart-interface_scheduler__/testing__/atomthreads_custom/ports/cortex-m/libopencm3/lib/libopencm3_stm32f4.a(rcc_common_all.o)
                0x0000000008000f1a                rcc_periph_clock_enable
 .text.blocking_handler
                0x0000000008000f36        0x2 /home/dl0/Documents/Stage_Recherche/Prog_/c-uart_stm32_integ/c-uart-interface_scheduler__/testing__/atomthreads_custom/ports/cortex-m/libopencm3/lib/libopencm3_stm32f4.a(vector.o)
                0x0000000008000f36                dma2_stream1_isr
                0x0000000008000f36                tim8_brk_tim12_isr
                0x0000000008000f36                dma1_stream7_isr
                0x0000000008000f36                usart3_isr
                0x0000000008000f36                tim7_isr
                0x0000000008000f36                dma2d_isr
                0x0000000008000f36                uart8_isr
                0x0000000008000f36                dma1_stream2_isr
                0x0000000008000f36                otg_hs_isr
                0x0000000008000f36                blocking_handler
                0x0000000008000f36                tim5_isr
                0x0000000008000f36                rtc_wkup_isr
                0x0000000008000f36                otg_fs_isr
                0x0000000008000f36                spi1_isr
                0x0000000008000f36                i2c3_er_isr
                0x0000000008000f36                exti2_isr
                0x0000000008000f36                spi5_isr
                0x0000000008000f36                usb_fs_wkup_isr
                0x0000000008000f36                tamp_stamp_isr
                0x0000000008000f36                can1_rx1_isr
                0x0000000008000f36                dma2_stream0_isr
                0x0000000008000f36                usart1_isr
                0x0000000008000f36                i2c3_ev_isr
                0x0000000008000f36                usage_fault_handler
                0x0000000008000f36                can2_rx0_isr
                0x0000000008000f36                dma1_stream6_isr
                0x0000000008000f36                can2_rx1_isr
                0x0000000008000f36                can1_sce_isr
                0x0000000008000f36                tim1_cc_isr
                0x0000000008000f36                can1_tx_isr
                0x0000000008000f36                tim1_up_tim10_isr
                0x0000000008000f36                sdio_isr
                0x0000000008000f36                eth_isr
                0x0000000008000f36                spi6_isr
                0x0000000008000f36                dma2_stream5_isr
                0x0000000008000f36                pvd_isr
                0x0000000008000f36                can1_rx0_isr
                0x0000000008000f36                rcc_isr
                0x0000000008000f36                dma2_stream3_isr
                0x0000000008000f36                flash_isr
                0x0000000008000f36                uart4_isr
                0x0000000008000f36                lcd_tft_isr
                0x0000000008000f36                rtc_alarm_isr
                0x0000000008000f36                exti15_10_isr
                0x0000000008000f36                hash_rng_isr
                0x0000000008000f36                tim1_trg_com_tim11_isr
                0x0000000008000f36                exti1_isr
                0x0000000008000f36                i2c1_ev_isr
                0x0000000008000f36                usart6_isr
                0x0000000008000f36                spi2_isr
                0x0000000008000f36                cryp_isr
                0x0000000008000f36                nvic_wwdg_isr
                0x0000000008000f36                dma1_stream1_isr
                0x0000000008000f36                dma2_stream4_isr
                0x0000000008000f36                exti3_isr
                0x0000000008000f36                tim3_isr
                0x0000000008000f36                usart2_isr
                0x0000000008000f36                sai1_isr
                0x0000000008000f36                fpu_isr
                0x0000000008000f36                dma1_stream4_isr
                0x0000000008000f36                i2c2_er_isr
                0x0000000008000f36                i2c2_ev_isr
                0x0000000008000f36                uart5_isr
                0x0000000008000f36                dma2_stream6_isr
                0x0000000008000f36                spi4_isr
                0x0000000008000f36                adc_isr
                0x0000000008000f36                dma2_stream7_isr
                0x0000000008000f36                tim8_up_tim13_isr
                0x0000000008000f36                fsmc_isr
                0x0000000008000f36                exti4_isr
                0x0000000008000f36                tim6_dac_isr
                0x0000000008000f36                dma1_stream3_isr
                0x0000000008000f36                tim8_trg_com_tim14_isr
                0x0000000008000f36                mem_manage_handler
                0x0000000008000f36                lcd_tft_err_isr
                0x0000000008000f36                can2_tx_isr
                0x0000000008000f36                exti9_5_isr
                0x0000000008000f36                tim1_brk_tim9_isr
                0x0000000008000f36                uart7_isr
                0x0000000008000f36                can2_sce_isr
                0x0000000008000f36                tim4_isr
                0x0000000008000f36                otg_hs_wkup_isr
                0x0000000008000f36                i2c1_er_isr
                0x0000000008000f36                dma1_stream0_isr
                0x0000000008000f36                tim8_cc_isr
                0x0000000008000f36                dcmi_isr
                0x0000000008000f36                dma2_stream2_isr
                0x0000000008000f36                eth_wkup_isr
                0x0000000008000f36                bus_fault_handler
                0x0000000008000f36                otg_hs_ep1_out_isr
                0x0000000008000f36                spi3_isr
                0x0000000008000f36                dma1_stream5_isr
                0x0000000008000f36                otg_hs_ep1_in_isr
                0x0000000008000f36                tim2_isr
                0x0000000008000f36                exti0_isr
 .text.null_handler
                0x0000000008000f38        0x2 /home/dl0/Documents/Stage_Recherche/Prog_/c-uart_stm32_integ/c-uart-interface_scheduler__/testing__/atomthreads_custom/ports/cortex-m/libopencm3/lib/libopencm3_stm32f4.a(vector.o)
                0x0000000008000f38                null_handler
                0x0000000008000f38                sv_call_handler
                0x0000000008000f38                debug_monitor_handler
 *fill*         0x0000000008000f3a        0x2 
 .text.reset_handler
                0x0000000008000f3c       0x98 /home/dl0/Documents/Stage_Recherche/Prog_/c-uart_stm32_integ/c-uart-interface_scheduler__/testing__/atomthreads_custom/ports/cortex-m/libopencm3/lib/libopencm3_stm32f4.a(vector.o)
                0x0000000008000f3c                reset_handler
 .text.systick_set_reload
                0x0000000008000fd4       0x10 /home/dl0/Documents/Stage_Recherche/Prog_/c-uart_stm32_integ/c-uart-interface_scheduler__/testing__/atomthreads_custom/ports/cortex-m/libopencm3/lib/libopencm3_stm32f4.a(systick.o)
                0x0000000008000fd4                systick_set_reload
 .text.systick_set_clocksource
                0x0000000008000fe4       0x18 /home/dl0/Documents/Stage_Recherche/Prog_/c-uart_stm32_integ/c-uart-interface_scheduler__/testing__/atomthreads_custom/ports/cortex-m/libopencm3/lib/libopencm3_stm32f4.a(systick.o)
                0x0000000008000fe4                systick_set_clocksource
 .text.systick_interrupt_enable
                0x0000000008000ffc       0x10 /home/dl0/Documents/Stage_Recherche/Prog_/c-uart_stm32_integ/c-uart-interface_scheduler__/testing__/atomthreads_custom/ports/cortex-m/libopencm3/lib/libopencm3_stm32f4.a(systick.o)
                0x0000000008000ffc                systick_interrupt_enable
 .text.systick_counter_enable
                0x000000000800100c       0x10 /home/dl0/Documents/Stage_Recherche/Prog_/c-uart_stm32_integ/c-uart-interface_scheduler__/testing__/atomthreads_custom/ports/cortex-m/libopencm3/lib/libopencm3_stm32f4.a(systick.o)
                0x000000000800100c                systick_counter_enable
 .text.nvic_set_priority
                0x000000000800101c       0x20 /home/dl0/Documents/Stage_Recherche/Prog_/c-uart_stm32_integ/c-uart-interface_scheduler__/testing__/atomthreads_custom/ports/cortex-m/libopencm3/lib/libopencm3_stm32f4.a(nvic.o)
                0x000000000800101c                nvic_set_priority
 .text.__dmb    0x000000000800103c        0x6 /home/dl0/Documents/Stage_Recherche/Prog_/c-uart_stm32_integ/c-uart-interface_scheduler__/testing__/atomthreads_custom/ports/cortex-m/libopencm3/lib/libopencm3_stm32f4.a(sync.o)
                0x000000000800103c                __dmb
 *fill*         0x0000000008001042        0x2 
 .text          0x0000000008001044        0xc /home/dl0/sat/lib/gcc/arm-none-eabi/5.3.0/../../../../arm-none-eabi/lib/thumb/cortex-m4/float-abi-hard/fpuv4-sp-d16/libc.a(lib_a-errno.o)
                0x0000000008001044                __errno
 .text          0x0000000008001050      0x134 /home/dl0/sat/lib/gcc/arm-none-eabi/5.3.0/../../../../arm-none-eabi/lib/thumb/cortex-m4/float-abi-hard/fpuv4-sp-d16/libc.a(lib_a-memcpy.o)
                0x0000000008001050                memcpy
 .text          0x0000000008001184       0x9c /home/dl0/sat/lib/gcc/arm-none-eabi/5.3.0/../../../../arm-none-eabi/lib/thumb/cortex-m4/float-abi-hard/fpuv4-sp-d16/libc.a(lib_a-memset.o)
                0x0000000008001184                memset
 .text          0x0000000008001220       0x48 /home/dl0/sat/lib/gcc/arm-none-eabi/5.3.0/../../../../arm-none-eabi/lib/thumb/cortex-m4/float-abi-hard/fpuv4-sp-d16/libc.a(lib_a-printf.o)
                0x0000000008001220                _printf_r
                0x0000000008001240                printf
 .text          0x0000000008001268       0x6c /home/dl0/sat/lib/gcc/arm-none-eabi/5.3.0/../../../../arm-none-eabi/lib/thumb/cortex-m4/float-abi-hard/fpuv4-sp-d16/libc.a(lib_a-puts.o)
                0x0000000008001268                _puts_r
                0x00000000080012c4                puts
 .text          0x00000000080012d4       0x5c /home/dl0/sat/lib/gcc/arm-none-eabi/5.3.0/../../../../arm-none-eabi/lib/thumb/cortex-m4/float-abi-hard/fpuv4-sp-d16/libc.a(lib_a-strlen.o)
                0x00000000080012d4                strlen
 .text          0x0000000008001330     0x160c /home/dl0/sat/lib/gcc/arm-none-eabi/5.3.0/../../../../arm-none-eabi/lib/thumb/cortex-m4/float-abi-hard/fpuv4-sp-d16/libc.a(lib_a-vfprintf.o)
                0x0000000008001330                _vfprintf_r
                0x00000000080028b8                vfprintf
 .text          0x000000000800293c       0xc4 /home/dl0/sat/lib/gcc/arm-none-eabi/5.3.0/../../../../arm-none-eabi/lib/thumb/cortex-m4/float-abi-hard/fpuv4-sp-d16/libc.a(lib_a-wsetup.o)
                0x000000000800293c                __swsetup_r
 .text          0x0000000008002a00      0xf5c /home/dl0/sat/lib/gcc/arm-none-eabi/5.3.0/../../../../arm-none-eabi/lib/thumb/cortex-m4/float-abi-hard/fpuv4-sp-d16/libc.a(lib_a-dtoa.o)
                0x0000000008002b28                _dtoa_r
 .text          0x000000000800395c      0x198 /home/dl0/sat/lib/gcc/arm-none-eabi/5.3.0/../../../../arm-none-eabi/lib/thumb/cortex-m4/float-abi-hard/fpuv4-sp-d16/libc.a(lib_a-fflush.o)
                0x000000000800395c                __sflush_r
                0x0000000008003aa4                _fflush_r
                0x0000000008003ad0                fflush
 .text          0x0000000008003af4      0x210 /home/dl0/sat/lib/gcc/arm-none-eabi/5.3.0/../../../../arm-none-eabi/lib/thumb/cortex-m4/float-abi-hard/fpuv4-sp-d16/libc.a(lib_a-findfp.o)
                0x0000000008003af8                _cleanup_r
                0x0000000008003bf8                __sfmoreglue
                0x0000000008003c28                __sfp
                0x0000000008003cb0                _cleanup
                0x0000000008003cc4                __sinit
                0x0000000008003ccc                __sfp_lock_acquire
                0x0000000008003cd0                __sfp_lock_release
                0x0000000008003cd4                __sinit_lock_acquire
                0x0000000008003cd8                __sinit_lock_release
                0x0000000008003cdc                __fp_lock_all
                0x0000000008003cf0                __fp_unlock_all
 .text          0x0000000008003d04      0x26c /home/dl0/sat/lib/gcc/arm-none-eabi/5.3.0/../../../../arm-none-eabi/lib/thumb/cortex-m4/float-abi-hard/fpuv4-sp-d16/libc.a(lib_a-freer.o)
                0x0000000008003d04                _malloc_trim_r
                0x0000000008003da0                _free_r
 .text          0x0000000008003f70      0x300 /home/dl0/sat/lib/gcc/arm-none-eabi/5.3.0/../../../../arm-none-eabi/lib/thumb/cortex-m4/float-abi-hard/fpuv4-sp-d16/libc.a(lib_a-fvwrite.o)
                0x0000000008003f70                __sfvwrite_r
 .text          0x0000000008004270       0xa0 /home/dl0/sat/lib/gcc/arm-none-eabi/5.3.0/../../../../arm-none-eabi/lib/thumb/cortex-m4/float-abi-hard/fpuv4-sp-d16/libc.a(lib_a-fwalk.o)
                0x0000000008004270                _fwalk
                0x00000000080042bc                _fwalk_reent
 .text          0x0000000008004310       0x80 /home/dl0/sat/lib/gcc/arm-none-eabi/5.3.0/../../../../arm-none-eabi/lib/thumb/cortex-m4/float-abi-hard/fpuv4-sp-d16/libc.a(lib_a-locale.o)
                0x0000000008004310                _setlocale_r
                0x0000000008004350                __locale_charset
                0x0000000008004358                __locale_mb_cur_max
                0x0000000008004364                __locale_msgcharset
                0x000000000800436c                __locale_cjk_lang
                0x0000000008004370                _localeconv_r
                0x0000000008004378                setlocale
                0x0000000008004388                localeconv
 .text          0x0000000008004390       0xe0 /home/dl0/sat/lib/gcc/arm-none-eabi/5.3.0/../../../../arm-none-eabi/lib/thumb/cortex-m4/float-abi-hard/fpuv4-sp-d16/libc.a(lib_a-makebuf.o)
                0x0000000008004390                __smakebuf_r
 .text          0x0000000008004470      0x56c /home/dl0/sat/lib/gcc/arm-none-eabi/5.3.0/../../../../arm-none-eabi/lib/thumb/cortex-m4/float-abi-hard/fpuv4-sp-d16/libc.a(lib_a-mallocr.o)
                0x0000000008004470                _malloc_r
 .text          0x00000000080049dc       0x88 /home/dl0/sat/lib/gcc/arm-none-eabi/5.3.0/../../../../arm-none-eabi/lib/thumb/cortex-m4/float-abi-hard/fpuv4-sp-d16/libc.a(lib_a-memchr.o)
                0x00000000080049dc                memchr
 .text          0x0000000008004a64       0xc8 /home/dl0/sat/lib/gcc/arm-none-eabi/5.3.0/../../../../arm-none-eabi/lib/thumb/cortex-m4/float-abi-hard/fpuv4-sp-d16/libc.a(lib_a-memmove.o)
                0x0000000008004a64                memmove
 .text          0x0000000008004b2c        0x8 /home/dl0/sat/lib/gcc/arm-none-eabi/5.3.0/../../../../arm-none-eabi/lib/thumb/cortex-m4/float-abi-hard/fpuv4-sp-d16/libc.a(lib_a-mlock.o)
                0x0000000008004b2c                __malloc_lock
                0x0000000008004b30                __malloc_unlock
 .text          0x0000000008004b34      0x920 /home/dl0/sat/lib/gcc/arm-none-eabi/5.3.0/../../../../arm-none-eabi/lib/thumb/cortex-m4/float-abi-hard/fpuv4-sp-d16/libc.a(lib_a-mprec.o)
                0x0000000008004b34                _Balloc
                0x0000000008004b80                _Bfree
                0x0000000008004b94                __multadd
                0x0000000008004c14                __s2b
                0x0000000008004cac                __hi0bits
                0x0000000008004cec                __lo0bits
                0x0000000008004d48                __i2b
                0x0000000008004d5c                __multiply
                0x0000000008004e8c                __pow5mult
                0x0000000008004f2c                __lshift
                0x0000000008004fdc                __mcmp
                0x0000000008005020                __mdiff
                0x0000000008005134                __ulp
                0x0000000008005188                __b2d
                0x0000000008005258                __d2b
                0x0000000008005314                __ratio
                0x0000000008005374                _mprec_log10
                0x00000000080053ac                __copybits
                0x00000000080053f4                __any_on
 .text          0x0000000008005454      0x3e0 /home/dl0/sat/lib/gcc/arm-none-eabi/5.3.0/../../../../arm-none-eabi/lib/thumb/cortex-m4/float-abi-hard/fpuv4-sp-d16/libc.a(lib_a-reallocr.o)
                0x0000000008005454                _realloc_r
 .text          0x0000000008005834       0x24 /home/dl0/sat/lib/gcc/arm-none-eabi/5.3.0/../../../../arm-none-eabi/lib/thumb/cortex-m4/float-abi-hard/fpuv4-sp-d16/libc.a(lib_a-sbrkr.o)
                0x0000000008005834                _sbrk_r
 .text          0x0000000008005858       0x5c /home/dl0/sat/lib/gcc/arm-none-eabi/5.3.0/../../../../arm-none-eabi/lib/thumb/cortex-m4/float-abi-hard/fpuv4-sp-d16/libc.a(lib_a-s_fpclassify.o)
                0x0000000008005858                __fpclassifyd
 .text          0x00000000080058b4       0x88 /home/dl0/sat/lib/gcc/arm-none-eabi/5.3.0/../../../../arm-none-eabi/lib/thumb/cortex-m4/float-abi-hard/fpuv4-sp-d16/libc.a(lib_a-stdio.o)
                0x00000000080058b4                __sread
                0x00000000080058d8                __seofread
                0x00000000080058dc                __swrite
                0x0000000008005914                __sseek
                0x0000000008005934                __sclose
 *fill*         0x000000000800593c        0x4 
 .text          0x0000000008005940      0x2dc /home/dl0/sat/lib/gcc/arm-none-eabi/5.3.0/../../../../arm-none-eabi/lib/thumb/cortex-m4/float-abi-hard/fpuv4-sp-d16/libc.a(lib_a-strcmp.o)
                0x0000000008005948                strcmp
 .text          0x0000000008005c1c      0xd7c /home/dl0/sat/lib/gcc/arm-none-eabi/5.3.0/../../../../arm-none-eabi/lib/thumb/cortex-m4/float-abi-hard/fpuv4-sp-d16/libc.a(lib_a-vfiprintf.o)
                0x0000000008005c94                __sprint_r
                0x0000000008005ca8                _vfiprintf_r
                0x0000000008006914                vfiprintf
 .text          0x0000000008006998       0x2c /home/dl0/sat/lib/gcc/arm-none-eabi/5.3.0/../../../../arm-none-eabi/lib/thumb/cortex-m4/float-abi-hard/fpuv4-sp-d16/libc.a(lib_a-writer.o)
                0x0000000008006998                _write_r
 .text          0x00000000080069c4       0x60 /home/dl0/sat/lib/gcc/arm-none-eabi/5.3.0/../../../../arm-none-eabi/lib/thumb/cortex-m4/float-abi-hard/fpuv4-sp-d16/libc.a(lib_a-callocr.o)
                0x00000000080069c4                _calloc_r
 .text          0x0000000008006a24       0x24 /home/dl0/sat/lib/gcc/arm-none-eabi/5.3.0/../../../../arm-none-eabi/lib/thumb/cortex-m4/float-abi-hard/fpuv4-sp-d16/libc.a(lib_a-closer.o)
                0x0000000008006a24                _close_r
 .text          0x0000000008006a48       0x94 /home/dl0/sat/lib/gcc/arm-none-eabi/5.3.0/../../../../arm-none-eabi/lib/thumb/cortex-m4/float-abi-hard/fpuv4-sp-d16/libc.a(lib_a-fclose.o)
                0x0000000008006a48                _fclose_r
                0x0000000008006acc                fclose
 .text          0x0000000008006adc      0x114 /home/dl0/sat/lib/gcc/arm-none-eabi/5.3.0/../../../../arm-none-eabi/lib/thumb/cortex-m4/float-abi-hard/fpuv4-sp-d16/libc.a(lib_a-fputwc.o)
                0x0000000008006adc                __fputwc
                0x0000000008006b8c                _fputwc_r
                0x0000000008006bb0                fputwc
 .text          0x0000000008006bf0       0x28 /home/dl0/sat/lib/gcc/arm-none-eabi/5.3.0/../../../../arm-none-eabi/lib/thumb/cortex-m4/float-abi-hard/fpuv4-sp-d16/libc.a(lib_a-fstatr.o)
                0x0000000008006bf0                _fstat_r
 .text          0x0000000008006c18       0x24 /home/dl0/sat/lib/gcc/arm-none-eabi/5.3.0/../../../../arm-none-eabi/lib/thumb/cortex-m4/float-abi-hard/fpuv4-sp-d16/libc.a(lib_a-isattyr.o)
                0x0000000008006c18                _isatty_r
 .text          0x0000000008006c3c       0x2c /home/dl0/sat/lib/gcc/arm-none-eabi/5.3.0/../../../../arm-none-eabi/lib/thumb/cortex-m4/float-abi-hard/fpuv4-sp-d16/libc.a(lib_a-lseekr.o)
                0x0000000008006c3c                _lseek_r
 .text          0x0000000008006c68       0x2c /home/dl0/sat/lib/gcc/arm-none-eabi/5.3.0/../../../../arm-none-eabi/lib/thumb/cortex-m4/float-abi-hard/fpuv4-sp-d16/libc.a(lib_a-readr.o)
                0x0000000008006c68                _read_r
 .text          0x0000000008006c94       0xb8 /home/dl0/sat/lib/gcc/arm-none-eabi/5.3.0/../../../../arm-none-eabi/lib/thumb/cortex-m4/float-abi-hard/fpuv4-sp-d16/libc.a(lib_a-wbuf.o)
                0x0000000008006c94                __swbuf_r
                0x0000000008006d3c                __swbuf
 .text          0x0000000008006d4c       0xac /home/dl0/sat/lib/gcc/arm-none-eabi/5.3.0/../../../../arm-none-eabi/lib/thumb/cortex-m4/float-abi-hard/fpuv4-sp-d16/libc.a(lib_a-wcrtomb.o)
                0x0000000008006d4c                _wcrtomb_r
                0x0000000008006da0                wcrtomb
 .text          0x0000000008006df8       0x4c /home/dl0/sat/lib/gcc/arm-none-eabi/5.3.0/../../../../arm-none-eabi/lib/thumb/cortex-m4/float-abi-hard/fpuv4-sp-d16/libc.a(lib_a-wctomb_r.o)
                0x0000000008006df8                __ascii_wctomb
                0x0000000008006e14                _wctomb_r
 .text          0x0000000008006e44      0x370 /home/dl0/sat/lib/gcc/arm-none-eabi/5.3.0/thumb/cortex-m4/float-abi-hard/fpuv4-sp-d16/libgcc.a(_arm_addsubdf3.o)
                0x0000000008006e44                __aeabi_drsub
                0x0000000008006e4c                __aeabi_dsub
                0x0000000008006e4c                __subdf3
                0x0000000008006e50                __adddf3
                0x0000000008006e50                __aeabi_dadd
                0x00000000080070c8                __aeabi_ui2d
                0x00000000080070c8                __floatunsidf
                0x00000000080070e8                __floatsidf
                0x00000000080070e8                __aeabi_i2d
                0x000000000800710c                __extendsfdf2
                0x000000000800710c                __aeabi_f2d
                0x0000000008007148                __aeabi_ul2d
                0x0000000008007148                __floatundidf
                0x0000000008007158                __floatdidf
                0x0000000008007158                __aeabi_l2d
 .text          0x00000000080071b4      0x424 /home/dl0/sat/lib/gcc/arm-none-eabi/5.3.0/thumb/cortex-m4/float-abi-hard/fpuv4-sp-d16/libgcc.a(_arm_muldivdf3.o)
                0x00000000080071b4                __aeabi_dmul
                0x00000000080071b4                __muldf3
                0x0000000008007408                __aeabi_ddiv
                0x0000000008007408                __divdf3
 .text          0x00000000080075d8      0x110 /home/dl0/sat/lib/gcc/arm-none-eabi/5.3.0/thumb/cortex-m4/float-abi-hard/fpuv4-sp-d16/libgcc.a(_arm_cmpdf2.o)
                0x00000000080075d8                __gtdf2
                0x00000000080075d8                __gedf2
                0x00000000080075e0                __ltdf2
                0x00000000080075e0                __ledf2
                0x00000000080075e8                __cmpdf2
                0x00000000080075e8                __eqdf2
                0x00000000080075e8                __nedf2
                0x0000000008007664                __aeabi_cdrcmple
                0x0000000008007674                __aeabi_cdcmple
                0x0000000008007674                __aeabi_cdcmpeq
                0x0000000008007684                __aeabi_dcmpeq
                0x0000000008007698                __aeabi_dcmplt
                0x00000000080076ac                __aeabi_dcmple
                0x00000000080076c0                __aeabi_dcmpge
                0x00000000080076d4                __aeabi_dcmpgt
 .text          0x00000000080076e8       0x50 /home/dl0/sat/lib/gcc/arm-none-eabi/5.3.0/thumb/cortex-m4/float-abi-hard/fpuv4-sp-d16/libgcc.a(_arm_fixdfsi.o)
                0x00000000080076e8                __fixdfsi
                0x00000000080076e8                __aeabi_d2iz
                0x0000000008007738                . = ALIGN (0x4)
 *(.rodata*)
 .rodata.str1.1
                0x0000000008007738       0x3c /home/dl0/Documents/Stage_Recherche/Prog_/c-uart_stm32_integ/c-uart-interface_scheduler__/testing__/atomthreads_custom/ports/cortex-m/build/tests-main.o
 .rodata.str1.1
                0x0000000008007774        0x2 /home/dl0/Documents/Stage_Recherche/Prog_/c-uart_stm32_integ/c-uart-interface_scheduler__/testing__/atomthreads_custom/ports/cortex-m/build/atomport.o
 .rodata.str1.1
                0x0000000008007776       0x33 /home/dl0/Documents/Stage_Recherche/Prog_/c-uart_stm32_integ/c-uart-interface_scheduler__/testing__/atomthreads_custom/ports/cortex-m/build/queue8.o
 *fill*         0x00000000080077a9        0x3 
 .rodata        0x00000000080077ac        0x4 /home/dl0/sat/lib/gcc/arm-none-eabi/5.3.0/../../../../arm-none-eabi/lib/thumb/cortex-m4/float-abi-hard/fpuv4-sp-d16/libc.a(lib_a-impure.o)
                0x00000000080077ac                _global_impure_ptr
 .rodata.str1.4
                0x00000000080077b0        0x2 /home/dl0/sat/lib/gcc/arm-none-eabi/5.3.0/../../../../arm-none-eabi/lib/thumb/cortex-m4/float-abi-hard/fpuv4-sp-d16/libc.a(lib_a-impure.o)
 *fill*         0x00000000080077b2        0x2 
 .rodata.str1.4
                0x00000000080077b4        0x2 /home/dl0/sat/lib/gcc/arm-none-eabi/5.3.0/../../../../arm-none-eabi/lib/thumb/cortex-m4/float-abi-hard/fpuv4-sp-d16/libc.a(lib_a-puts.o)
 *fill*         0x00000000080077b6        0x2 
 .rodata        0x00000000080077b8       0x20 /home/dl0/sat/lib/gcc/arm-none-eabi/5.3.0/../../../../arm-none-eabi/lib/thumb/cortex-m4/float-abi-hard/fpuv4-sp-d16/libc.a(lib_a-vfprintf.o)
 .rodata.str1.4
                0x00000000080077d8       0x42 /home/dl0/sat/lib/gcc/arm-none-eabi/5.3.0/../../../../arm-none-eabi/lib/thumb/cortex-m4/float-abi-hard/fpuv4-sp-d16/libc.a(lib_a-vfprintf.o)
 *fill*         0x000000000800781a        0x2 
 .rodata.str1.4
                0x000000000800781c       0x10 /home/dl0/sat/lib/gcc/arm-none-eabi/5.3.0/../../../../arm-none-eabi/lib/thumb/cortex-m4/float-abi-hard/fpuv4-sp-d16/libc.a(lib_a-dtoa.o)
                                         0x12 (size before relaxing)
 .rodata.str1.4
                0x000000000800782c        0xc /home/dl0/sat/lib/gcc/arm-none-eabi/5.3.0/../../../../arm-none-eabi/lib/thumb/cortex-m4/float-abi-hard/fpuv4-sp-d16/libc.a(lib_a-locale.o)
                                         0x12 (size before relaxing)
 .rodata        0x0000000008007838      0x128 /home/dl0/sat/lib/gcc/arm-none-eabi/5.3.0/../../../../arm-none-eabi/lib/thumb/cortex-m4/float-abi-hard/fpuv4-sp-d16/libc.a(lib_a-mprec.o)
                0x0000000008007848                __mprec_tens
                0x0000000008007910                __mprec_tinytens
                0x0000000008007938                __mprec_bigtens
 .rodata        0x0000000008007960       0x20 /home/dl0/sat/lib/gcc/arm-none-eabi/5.3.0/../../../../arm-none-eabi/lib/thumb/cortex-m4/float-abi-hard/fpuv4-sp-d16/libc.a(lib_a-vfiprintf.o)
 .rodata.str1.4
                0x0000000008007980       0x2f /home/dl0/sat/lib/gcc/arm-none-eabi/5.3.0/../../../../arm-none-eabi/lib/thumb/cortex-m4/float-abi-hard/fpuv4-sp-d16/libc.a(lib_a-vfiprintf.o)
                0x00000000080079b0                . = ALIGN (0x4)

.glue_7         0x0000000008007980        0x0
 .glue_7        0x0000000008007980        0x0 linker stubs

.glue_7t        0x0000000008007980        0x0
 .glue_7t       0x0000000008007980        0x0 linker stubs

.vfp11_veneer   0x0000000008007980        0x0
 .vfp11_veneer  0x0000000008007980        0x0 linker stubs

.v4_bx          0x0000000008007980        0x0
 .v4_bx         0x0000000008007980        0x0 linker stubs

.iplt           0x0000000008007980        0x0
 .iplt          0x0000000008007980        0x0 /home/dl0/Documents/Stage_Recherche/Prog_/c-uart_stm32_integ/c-uart-interface_scheduler__/testing__/atomthreads_custom/ports/cortex-m/build/tests-main.o

.rel.dyn        0x0000000008007980        0x0
 .rel.iplt      0x0000000008007980        0x0 /home/dl0/Documents/Stage_Recherche/Prog_/c-uart_stm32_integ/c-uart-interface_scheduler__/testing__/atomthreads_custom/ports/cortex-m/build/tests-main.o

.preinit_array  0x0000000008007980        0x0
                0x0000000008007980                . = ALIGN (0x4)
                0x0000000008007980                __preinit_array_start = .
 *(.preinit_array)
                0x0000000008007980                __preinit_array_end = .

.init_array     0x0000000008007980        0x0
                0x0000000008007980                . = ALIGN (0x4)
                0x0000000008007980                __init_array_start = .
 *(SORT(.init_array.*))
 *(.init_array)
                0x0000000008007980                __init_array_end = .

.fini_array     0x0000000008007980        0x0
                0x0000000008007980                . = ALIGN (0x4)
                0x0000000008007980                __fini_array_start = .
 *(.fini_array)
 *(SORT(.fini_array.*))
                0x0000000008007980                __fini_array_end = .

.ARM.extab
 *(.ARM.extab*)

.ARM.exidx      0x0000000008007980        0x0
                0x0000000008007980                __exidx_start = .
 *(.ARM.exidx*)
                0x0000000008007980                __exidx_end = .
                0x0000000008007980                . = ALIGN (0x4)
                0x0000000008007980                _etext = .

.data           0x0000000020000000      0x8c8 load address 0x0000000008007980
                0x0000000020000000                _data = .
 *(.data*)
 .data.rcc_apb1_frequency
                0x0000000020000000        0x4 /home/dl0/Documents/Stage_Recherche/Prog_/c-uart_stm32_integ/c-uart-interface_scheduler__/testing__/atomthreads_custom/ports/cortex-m/libopencm3/lib/libopencm3_stm32f4.a(rcc.o)
                0x0000000020000000                rcc_apb1_frequency
 .data.rcc_apb2_frequency
                0x0000000020000004        0x4 /home/dl0/Documents/Stage_Recherche/Prog_/c-uart_stm32_integ/c-uart-interface_scheduler__/testing__/atomthreads_custom/ports/cortex-m/libopencm3/lib/libopencm3_stm32f4.a(rcc.o)
                0x0000000020000004                rcc_apb2_frequency
 .data          0x0000000020000008      0x430 /home/dl0/sat/lib/gcc/arm-none-eabi/5.3.0/../../../../arm-none-eabi/lib/thumb/cortex-m4/float-abi-hard/fpuv4-sp-d16/libc.a(lib_a-impure.o)
                0x0000000020000008                _impure_ptr
 .data          0x0000000020000438       0x7c /home/dl0/sat/lib/gcc/arm-none-eabi/5.3.0/../../../../arm-none-eabi/lib/thumb/cortex-m4/float-abi-hard/fpuv4-sp-d16/libc.a(lib_a-locale.o)
                0x0000000020000458                __mb_cur_max
 .data          0x00000000200004b4      0x410 /home/dl0/sat/lib/gcc/arm-none-eabi/5.3.0/../../../../arm-none-eabi/lib/thumb/cortex-m4/float-abi-hard/fpuv4-sp-d16/libc.a(lib_a-mallocr.o)
                0x00000000200004b4                __malloc_av_
                0x00000000200008bc                __malloc_sbrk_base
                0x00000000200008c0                __malloc_trim_threshold
 .data          0x00000000200008c4        0x4 /home/dl0/sat/lib/gcc/arm-none-eabi/5.3.0/../../../../arm-none-eabi/lib/thumb/cortex-m4/float-abi-hard/fpuv4-sp-d16/libc.a(lib_a-wctomb_r.o)
                0x00000000200008c4                __wctomb
                0x00000000200008c8                . = ALIGN (0x4)
                0x00000000200008c8                _edata = .
                0x0000000008007980                _data_loadaddr = LOADADDR (.data)

.igot.plt       0x00000000200008c8        0x0 load address 0x0000000008008248
 .igot.plt      0x00000000200008c8        0x0 /home/dl0/Documents/Stage_Recherche/Prog_/c-uart_stm32_integ/c-uart-interface_scheduler__/testing__/atomthreads_custom/ports/cortex-m/build/tests-main.o

.bss            0x00000000200008c8      0xf28 load address 0x0000000008008248
 *(.bss*)
 .bss.main_thread_stack
                0x00000000200008c8      0x400 /home/dl0/Documents/Stage_Recherche/Prog_/c-uart_stm32_integ/c-uart-interface_scheduler__/testing__/atomthreads_custom/ports/cortex-m/build/tests-main.o
 .bss.idle_thread_stack
                0x0000000020000cc8      0x200 /home/dl0/Documents/Stage_Recherche/Prog_/c-uart_stm32_integ/c-uart-interface_scheduler__/testing__/atomthreads_custom/ports/cortex-m/build/tests-main.o
 .bss.main_tcb  0x0000000020000ec8      0x450 /home/dl0/Documents/Stage_Recherche/Prog_/c-uart_stm32_integ/c-uart-interface_scheduler__/testing__/atomthreads_custom/ports/cortex-m/build/tests-main.o
 .bss.heap_end  0x0000000020001318        0x4 /home/dl0/Documents/Stage_Recherche/Prog_/c-uart_stm32_integ/c-uart-interface_scheduler__/testing__/atomthreads_custom/ports/cortex-m/build/stubs.o
 .bss.CTX_SW_NFO
                0x000000002000131c        0xc /home/dl0/Documents/Stage_Recherche/Prog_/c-uart_stm32_integ/c-uart-interface_scheduler__/testing__/atomthreads_custom/ports/cortex-m/build/atomport.o
                0x000000002000131c                CTX_SW_NFO
 .bss.tcbReadyQ
                0x0000000020001328        0x4 /home/dl0/Documents/Stage_Recherche/Prog_/c-uart_stm32_integ/c-uart-interface_scheduler__/testing__/atomthreads_custom/ports/cortex-m/build/atomkernel.o
                0x0000000020001328                tcbReadyQ
 .bss.atomOSStarted
                0x000000002000132c        0x1 /home/dl0/Documents/Stage_Recherche/Prog_/c-uart_stm32_integ/c-uart-interface_scheduler__/testing__/atomthreads_custom/ports/cortex-m/build/atomkernel.o
                0x000000002000132c                atomOSStarted
 *fill*         0x000000002000132d        0x3 
 .bss.idle_tcb  0x0000000020001330      0x450 /home/dl0/Documents/Stage_Recherche/Prog_/c-uart_stm32_integ/c-uart-interface_scheduler__/testing__/atomthreads_custom/ports/cortex-m/build/atomkernel.o
 .bss.atomIntCnt
                0x0000000020001780        0x4 /home/dl0/Documents/Stage_Recherche/Prog_/c-uart_stm32_integ/c-uart-interface_scheduler__/testing__/atomthreads_custom/ports/cortex-m/build/atomkernel.o
 .bss.curr_tcb  0x0000000020001784        0x4 /home/dl0/Documents/Stage_Recherche/Prog_/c-uart_stm32_integ/c-uart-interface_scheduler__/testing__/atomthreads_custom/ports/cortex-m/build/atomkernel.o
 .bss.timer_queue
                0x0000000020001788        0x4 /home/dl0/Documents/Stage_Recherche/Prog_/c-uart_stm32_integ/c-uart-interface_scheduler__/testing__/atomthreads_custom/ports/cortex-m/build/atomtimer.o
 .bss.system_ticks
                0x000000002000178c        0x4 /home/dl0/Documents/Stage_Recherche/Prog_/c-uart_stm32_integ/c-uart-interface_scheduler__/testing__/atomthreads_custom/ports/cortex-m/build/atomtimer.o
 .bss.queue1_storage
                0x0000000020001790        0x8 /home/dl0/Documents/Stage_Recherche/Prog_/c-uart_stm32_integ/c-uart-interface_scheduler__/testing__/atomthreads_custom/ports/cortex-m/build/queue8.o
 .bss.queue1    0x0000000020001798       0x20 /home/dl0/Documents/Stage_Recherche/Prog_/c-uart_stm32_integ/c-uart-interface_scheduler__/testing__/atomthreads_custom/ports/cortex-m/build/queue8.o
 .bss           0x00000000200017b8       0x34 /home/dl0/sat/lib/gcc/arm-none-eabi/5.3.0/../../../../arm-none-eabi/lib/thumb/cortex-m4/float-abi-hard/fpuv4-sp-d16/libc.a(lib_a-mallocr.o)
                0x00000000200017b8                __malloc_top_pad
                0x00000000200017bc                __malloc_current_mallinfo
                0x00000000200017e4                __malloc_max_sbrked_mem
                0x00000000200017e8                __malloc_max_total_mem
 *(COMMON)
 COMMON         0x00000000200017ec        0x4 /home/dl0/sat/lib/gcc/arm-none-eabi/5.3.0/../../../../arm-none-eabi/lib/thumb/cortex-m4/float-abi-hard/fpuv4-sp-d16/libc.a(lib_a-reent.o)
                0x00000000200017ec                errno
                0x00000000200017f0                . = ALIGN (0x4)
                0x00000000200017f0                _ebss = .

/DISCARD/
 *(.eh_frame)
                0x00000000200017f0                . = ALIGN (0x4)
                0x00000000200017f0                end = .
                0x0000000020020000                PROVIDE (_stack, (ORIGIN (ram) + LENGTH (ram)))
OUTPUT(/home/dl0/Documents/Stage_Recherche/Prog_/c-uart_stm32_integ/c-uart-interface_scheduler__/testing__/atomthreads_custom/ports/cortex-m/build/queue8.elf elf32-littlearm)

.debug_info     0x0000000000000000    0x221ce
 .debug_info    0x0000000000000000      0xc44 /home/dl0/Documents/Stage_Recherche/Prog_/c-uart_stm32_integ/c-uart-interface_scheduler__/testing__/atomthreads_custom/ports/cortex-m/build/tests-main.o
 .debug_info    0x0000000000000c44      0x8b0 /home/dl0/Documents/Stage_Recherche/Prog_/c-uart_stm32_integ/c-uart-interface_scheduler__/testing__/atomthreads_custom/ports/cortex-m/build/board_setup.o
 .debug_info    0x00000000000014f4      0x4fe /home/dl0/Documents/Stage_Recherche/Prog_/c-uart_stm32_integ/c-uart-interface_scheduler__/testing__/atomthreads_custom/ports/cortex-m/build/stubs.o
 .debug_info    0x00000000000019f2      0x1d8 /home/dl0/Documents/Stage_Recherche/Prog_/c-uart_stm32_integ/c-uart-interface_scheduler__/testing__/atomthreads_custom/ports/cortex-m/build/stm32_con.o
 .debug_info    0x0000000000001bca      0xce2 /home/dl0/Documents/Stage_Recherche/Prog_/c-uart_stm32_integ/c-uart-interface_scheduler__/testing__/atomthreads_custom/ports/cortex-m/build/atomport.o
 .debug_info    0x00000000000028ac      0x141 /home/dl0/Documents/Stage_Recherche/Prog_/c-uart_stm32_integ/c-uart-interface_scheduler__/testing__/atomthreads_custom/ports/cortex-m/build/atomport-asm.o
 .debug_info    0x00000000000029ed     0x1196 /home/dl0/Documents/Stage_Recherche/Prog_/c-uart_stm32_integ/c-uart-interface_scheduler__/testing__/atomthreads_custom/ports/cortex-m/build/atomkernel.o
 .debug_info    0x0000000000003b83      0xebc /home/dl0/Documents/Stage_Recherche/Prog_/c-uart_stm32_integ/c-uart-interface_scheduler__/testing__/atomthreads_custom/ports/cortex-m/build/atomtimer.o
 .debug_info    0x0000000000004a3f     0x1591 /home/dl0/Documents/Stage_Recherche/Prog_/c-uart_stm32_integ/c-uart-interface_scheduler__/testing__/atomthreads_custom/ports/cortex-m/build/atomqueue.o
 .debug_info    0x0000000000005fd0      0xbe3 /home/dl0/Documents/Stage_Recherche/Prog_/c-uart_stm32_integ/c-uart-interface_scheduler__/testing__/atomthreads_custom/ports/cortex-m/build/queue8.o
 .debug_info    0x0000000000006bb3      0x22c /home/dl0/Documents/Stage_Recherche/Prog_/c-uart_stm32_integ/c-uart-interface_scheduler__/testing__/atomthreads_custom/ports/cortex-m/libopencm3/lib/libopencm3_stm32f4.a(gpio_common_all.o)
 .debug_info    0x0000000000006ddf      0x1eb /home/dl0/Documents/Stage_Recherche/Prog_/c-uart_stm32_integ/c-uart-interface_scheduler__/testing__/atomthreads_custom/ports/cortex-m/libopencm3/lib/libopencm3_stm32f4.a(gpio_common_f0234.o)
 .debug_info    0x0000000000006fca      0x4cf /home/dl0/Documents/Stage_Recherche/Prog_/c-uart_stm32_integ/c-uart-interface_scheduler__/testing__/atomthreads_custom/ports/cortex-m/libopencm3/lib/libopencm3_stm32f4.a(usart_common_all.o)
 .debug_info    0x0000000000007499      0x1bb /home/dl0/Documents/Stage_Recherche/Prog_/c-uart_stm32_integ/c-uart-interface_scheduler__/testing__/atomthreads_custom/ports/cortex-m/libopencm3/lib/libopencm3_stm32f4.a(usart_common_f124.o)
 .debug_info    0x0000000000007654      0x7cc /home/dl0/Documents/Stage_Recherche/Prog_/c-uart_stm32_integ/c-uart-interface_scheduler__/testing__/atomthreads_custom/ports/cortex-m/libopencm3/lib/libopencm3_stm32f4.a(rcc_common_all.o)
 .debug_info    0x0000000000007e20      0x2b3 /home/dl0/Documents/Stage_Recherche/Prog_/c-uart_stm32_integ/c-uart-interface_scheduler__/testing__/atomthreads_custom/ports/cortex-m/libopencm3/lib/libopencm3_stm32f4.a(vector.o)
 .debug_info    0x00000000000080d3      0x255 /home/dl0/Documents/Stage_Recherche/Prog_/c-uart_stm32_integ/c-uart-interface_scheduler__/testing__/atomthreads_custom/ports/cortex-m/libopencm3/lib/libopencm3_stm32f4.a(systick.o)
 .debug_info    0x0000000000008328      0x214 /home/dl0/Documents/Stage_Recherche/Prog_/c-uart_stm32_integ/c-uart-interface_scheduler__/testing__/atomthreads_custom/ports/cortex-m/libopencm3/lib/libopencm3_stm32f4.a(nvic.o)
 .debug_info    0x000000000000853c      0x26e /home/dl0/Documents/Stage_Recherche/Prog_/c-uart_stm32_integ/c-uart-interface_scheduler__/testing__/atomthreads_custom/ports/cortex-m/libopencm3/lib/libopencm3_stm32f4.a(sync.o)
 .debug_info    0x00000000000087aa      0x7fd /home/dl0/Documents/Stage_Recherche/Prog_/c-uart_stm32_integ/c-uart-interface_scheduler__/testing__/atomthreads_custom/ports/cortex-m/libopencm3/lib/libopencm3_stm32f4.a(rcc.o)
 .debug_info    0x0000000000008fa7      0x890 /home/dl0/sat/lib/gcc/arm-none-eabi/5.3.0/../../../../arm-none-eabi/lib/thumb/cortex-m4/float-abi-hard/fpuv4-sp-d16/libc.a(lib_a-errno.o)
 .debug_info    0x0000000000009837      0x89b /home/dl0/sat/lib/gcc/arm-none-eabi/5.3.0/../../../../arm-none-eabi/lib/thumb/cortex-m4/float-abi-hard/fpuv4-sp-d16/libc.a(lib_a-impure.o)
 .debug_info    0x000000000000a0d2       0xf4 /home/dl0/sat/lib/gcc/arm-none-eabi/5.3.0/../../../../arm-none-eabi/lib/thumb/cortex-m4/float-abi-hard/fpuv4-sp-d16/libc.a(lib_a-memcpy.o)
 .debug_info    0x000000000000a1c6      0x11e /home/dl0/sat/lib/gcc/arm-none-eabi/5.3.0/../../../../arm-none-eabi/lib/thumb/cortex-m4/float-abi-hard/fpuv4-sp-d16/libc.a(lib_a-memset.o)
 .debug_info    0x000000000000a2e4      0x98d /home/dl0/sat/lib/gcc/arm-none-eabi/5.3.0/../../../../arm-none-eabi/lib/thumb/cortex-m4/float-abi-hard/fpuv4-sp-d16/libc.a(lib_a-printf.o)
 .debug_info    0x000000000000ac71      0x9f5 /home/dl0/sat/lib/gcc/arm-none-eabi/5.3.0/../../../../arm-none-eabi/lib/thumb/cortex-m4/float-abi-hard/fpuv4-sp-d16/libc.a(lib_a-puts.o)
 .debug_info    0x000000000000b666       0xbc /home/dl0/sat/lib/gcc/arm-none-eabi/5.3.0/../../../../arm-none-eabi/lib/thumb/cortex-m4/float-abi-hard/fpuv4-sp-d16/libc.a(lib_a-strlen.o)
 .debug_info    0x000000000000b722     0x1706 /home/dl0/sat/lib/gcc/arm-none-eabi/5.3.0/../../../../arm-none-eabi/lib/thumb/cortex-m4/float-abi-hard/fpuv4-sp-d16/libc.a(lib_a-vfprintf.o)
 .debug_info    0x000000000000ce28      0x92a /home/dl0/sat/lib/gcc/arm-none-eabi/5.3.0/../../../../arm-none-eabi/lib/thumb/cortex-m4/float-abi-hard/fpuv4-sp-d16/libc.a(lib_a-wsetup.o)
 .debug_info    0x000000000000d752     0x126e /home/dl0/sat/lib/gcc/arm-none-eabi/5.3.0/../../../../arm-none-eabi/lib/thumb/cortex-m4/float-abi-hard/fpuv4-sp-d16/libc.a(lib_a-dtoa.o)
 .debug_info    0x000000000000e9c0      0xa84 /home/dl0/sat/lib/gcc/arm-none-eabi/5.3.0/../../../../arm-none-eabi/lib/thumb/cortex-m4/float-abi-hard/fpuv4-sp-d16/libc.a(lib_a-fflush.o)
 .debug_info    0x000000000000f444      0xd40 /home/dl0/sat/lib/gcc/arm-none-eabi/5.3.0/../../../../arm-none-eabi/lib/thumb/cortex-m4/float-abi-hard/fpuv4-sp-d16/libc.a(lib_a-findfp.o)
 .debug_info    0x0000000000010184      0xc01 /home/dl0/sat/lib/gcc/arm-none-eabi/5.3.0/../../../../arm-none-eabi/lib/thumb/cortex-m4/float-abi-hard/fpuv4-sp-d16/libc.a(lib_a-freer.o)
 .debug_info    0x0000000000010d85      0xbed /home/dl0/sat/lib/gcc/arm-none-eabi/5.3.0/../../../../arm-none-eabi/lib/thumb/cortex-m4/float-abi-hard/fpuv4-sp-d16/libc.a(lib_a-fvwrite.o)
 .debug_info    0x0000000000011972      0x9a5 /home/dl0/sat/lib/gcc/arm-none-eabi/5.3.0/../../../../arm-none-eabi/lib/thumb/cortex-m4/float-abi-hard/fpuv4-sp-d16/libc.a(lib_a-fwalk.o)
 .debug_info    0x0000000000012317      0xc1c /home/dl0/sat/lib/gcc/arm-none-eabi/5.3.0/../../../../arm-none-eabi/lib/thumb/cortex-m4/float-abi-hard/fpuv4-sp-d16/libc.a(lib_a-locale.o)
 .debug_info    0x0000000000012f33      0xab9 /home/dl0/sat/lib/gcc/arm-none-eabi/5.3.0/../../../../arm-none-eabi/lib/thumb/cortex-m4/float-abi-hard/fpuv4-sp-d16/libc.a(lib_a-makebuf.o)
 .debug_info    0x00000000000139ec      0xd61 /home/dl0/sat/lib/gcc/arm-none-eabi/5.3.0/../../../../arm-none-eabi/lib/thumb/cortex-m4/float-abi-hard/fpuv4-sp-d16/libc.a(lib_a-mallocr.o)
 .debug_info    0x000000000001474d      0x130 /home/dl0/sat/lib/gcc/arm-none-eabi/5.3.0/../../../../arm-none-eabi/lib/thumb/cortex-m4/float-abi-hard/fpuv4-sp-d16/libc.a(lib_a-memchr.o)
 .debug_info    0x000000000001487d      0x138 /home/dl0/sat/lib/gcc/arm-none-eabi/5.3.0/../../../../arm-none-eabi/lib/thumb/cortex-m4/float-abi-hard/fpuv4-sp-d16/libc.a(lib_a-memmove.o)
 .debug_info    0x00000000000149b5      0x8a8 /home/dl0/sat/lib/gcc/arm-none-eabi/5.3.0/../../../../arm-none-eabi/lib/thumb/cortex-m4/float-abi-hard/fpuv4-sp-d16/libc.a(lib_a-mlock.o)
 .debug_info    0x000000000001525d     0x16b6 /home/dl0/sat/lib/gcc/arm-none-eabi/5.3.0/../../../../arm-none-eabi/lib/thumb/cortex-m4/float-abi-hard/fpuv4-sp-d16/libc.a(lib_a-mprec.o)
 .debug_info    0x0000000000016913      0xc86 /home/dl0/sat/lib/gcc/arm-none-eabi/5.3.0/../../../../arm-none-eabi/lib/thumb/cortex-m4/float-abi-hard/fpuv4-sp-d16/libc.a(lib_a-reallocr.o)
 .debug_info    0x0000000000017599      0x8f5 /home/dl0/sat/lib/gcc/arm-none-eabi/5.3.0/../../../../arm-none-eabi/lib/thumb/cortex-m4/float-abi-hard/fpuv4-sp-d16/libc.a(lib_a-sbrkr.o)
 .debug_info    0x0000000000017e8e       0xde /home/dl0/sat/lib/gcc/arm-none-eabi/5.3.0/../../../../arm-none-eabi/lib/thumb/cortex-m4/float-abi-hard/fpuv4-sp-d16/libc.a(lib_a-s_fpclassify.o)
 .debug_info    0x0000000000017f6c      0xb29 /home/dl0/sat/lib/gcc/arm-none-eabi/5.3.0/../../../../arm-none-eabi/lib/thumb/cortex-m4/float-abi-hard/fpuv4-sp-d16/libc.a(lib_a-stdio.o)
 .debug_info    0x0000000000018a95       0xf3 /home/dl0/sat/lib/gcc/arm-none-eabi/5.3.0/../../../../arm-none-eabi/lib/thumb/cortex-m4/float-abi-hard/fpuv4-sp-d16/libc.a(lib_a-strcmp.o)
 .debug_info    0x0000000000018b88     0x14ac /home/dl0/sat/lib/gcc/arm-none-eabi/5.3.0/../../../../arm-none-eabi/lib/thumb/cortex-m4/float-abi-hard/fpuv4-sp-d16/libc.a(lib_a-vfiprintf.o)
 .debug_info    0x000000000001a034      0x933 /home/dl0/sat/lib/gcc/arm-none-eabi/5.3.0/../../../../arm-none-eabi/lib/thumb/cortex-m4/float-abi-hard/fpuv4-sp-d16/libc.a(lib_a-writer.o)
 .debug_info    0x000000000001a967      0x9c8 /home/dl0/sat/lib/gcc/arm-none-eabi/5.3.0/../../../../arm-none-eabi/lib/thumb/cortex-m4/float-abi-hard/fpuv4-sp-d16/libc.a(lib_a-callocr.o)
 .debug_info    0x000000000001b32f      0x8eb /home/dl0/sat/lib/gcc/arm-none-eabi/5.3.0/../../../../arm-none-eabi/lib/thumb/cortex-m4/float-abi-hard/fpuv4-sp-d16/libc.a(lib_a-closer.o)
 .debug_info    0x000000000001bc1a      0xa17 /home/dl0/sat/lib/gcc/arm-none-eabi/5.3.0/../../../../arm-none-eabi/lib/thumb/cortex-m4/float-abi-hard/fpuv4-sp-d16/libc.a(lib_a-fclose.o)
 .debug_info    0x000000000001c631      0xad3 /home/dl0/sat/lib/gcc/arm-none-eabi/5.3.0/../../../../arm-none-eabi/lib/thumb/cortex-m4/float-abi-hard/fpuv4-sp-d16/libc.a(lib_a-fputwc.o)
 .debug_info    0x000000000001d104      0xa69 /home/dl0/sat/lib/gcc/arm-none-eabi/5.3.0/../../../../arm-none-eabi/lib/thumb/cortex-m4/float-abi-hard/fpuv4-sp-d16/libc.a(lib_a-fstatr.o)
 .debug_info    0x000000000001db6d      0x8eb /home/dl0/sat/lib/gcc/arm-none-eabi/5.3.0/../../../../arm-none-eabi/lib/thumb/cortex-m4/float-abi-hard/fpuv4-sp-d16/libc.a(lib_a-isattyr.o)
 .debug_info    0x000000000001e458      0x916 /home/dl0/sat/lib/gcc/arm-none-eabi/5.3.0/../../../../arm-none-eabi/lib/thumb/cortex-m4/float-abi-hard/fpuv4-sp-d16/libc.a(lib_a-lseekr.o)
 .debug_info    0x000000000001ed6e      0x92c /home/dl0/sat/lib/gcc/arm-none-eabi/5.3.0/../../../../arm-none-eabi/lib/thumb/cortex-m4/float-abi-hard/fpuv4-sp-d16/libc.a(lib_a-readr.o)
 .debug_info    0x000000000001f69a      0x9fb /home/dl0/sat/lib/gcc/arm-none-eabi/5.3.0/../../../../arm-none-eabi/lib/thumb/cortex-m4/float-abi-hard/fpuv4-sp-d16/libc.a(lib_a-reent.o)
 .debug_info    0x0000000000020095      0x9b3 /home/dl0/sat/lib/gcc/arm-none-eabi/5.3.0/../../../../arm-none-eabi/lib/thumb/cortex-m4/float-abi-hard/fpuv4-sp-d16/libc.a(lib_a-wbuf.o)
 .debug_info    0x0000000000020a48      0xa86 /home/dl0/sat/lib/gcc/arm-none-eabi/5.3.0/../../../../arm-none-eabi/lib/thumb/cortex-m4/float-abi-hard/fpuv4-sp-d16/libc.a(lib_a-wcrtomb.o)
 .debug_info    0x00000000000214ce      0x9bc /home/dl0/sat/lib/gcc/arm-none-eabi/5.3.0/../../../../arm-none-eabi/lib/thumb/cortex-m4/float-abi-hard/fpuv4-sp-d16/libc.a(lib_a-wctomb_r.o)
 .debug_info    0x0000000000021e8a       0xd1 /home/dl0/sat/lib/gcc/arm-none-eabi/5.3.0/thumb/cortex-m4/float-abi-hard/fpuv4-sp-d16/libgcc.a(_arm_addsubdf3.o)
 .debug_info    0x0000000000021f5b       0xd1 /home/dl0/sat/lib/gcc/arm-none-eabi/5.3.0/thumb/cortex-m4/float-abi-hard/fpuv4-sp-d16/libgcc.a(_arm_muldivdf3.o)
 .debug_info    0x000000000002202c       0xd1 /home/dl0/sat/lib/gcc/arm-none-eabi/5.3.0/thumb/cortex-m4/float-abi-hard/fpuv4-sp-d16/libgcc.a(_arm_cmpdf2.o)
 .debug_info    0x00000000000220fd       0xd1 /home/dl0/sat/lib/gcc/arm-none-eabi/5.3.0/thumb/cortex-m4/float-abi-hard/fpuv4-sp-d16/libgcc.a(_arm_fixdfsi.o)

.debug_abbrev   0x0000000000000000     0x71d7
 .debug_abbrev  0x0000000000000000      0x236 /home/dl0/Documents/Stage_Recherche/Prog_/c-uart_stm32_integ/c-uart-interface_scheduler__/testing__/atomthreads_custom/ports/cortex-m/build/tests-main.o
 .debug_abbrev  0x0000000000000236      0x16c /home/dl0/Documents/Stage_Recherche/Prog_/c-uart_stm32_integ/c-uart-interface_scheduler__/testing__/atomthreads_custom/ports/cortex-m/build/board_setup.o
 .debug_abbrev  0x00000000000003a2      0x19d /home/dl0/Documents/Stage_Recherche/Prog_/c-uart_stm32_integ/c-uart-interface_scheduler__/testing__/atomthreads_custom/ports/cortex-m/build/stubs.o
 .debug_abbrev  0x000000000000053f       0xe4 /home/dl0/Documents/Stage_Recherche/Prog_/c-uart_stm32_integ/c-uart-interface_scheduler__/testing__/atomthreads_custom/ports/cortex-m/build/stm32_con.o
 .debug_abbrev  0x0000000000000623      0x235 /home/dl0/Documents/Stage_Recherche/Prog_/c-uart_stm32_integ/c-uart-interface_scheduler__/testing__/atomthreads_custom/ports/cortex-m/build/atomport.o
 .debug_abbrev  0x0000000000000858       0x14 /home/dl0/Documents/Stage_Recherche/Prog_/c-uart_stm32_integ/c-uart-interface_scheduler__/testing__/atomthreads_custom/ports/cortex-m/build/atomport-asm.o
 .debug_abbrev  0x000000000000086c      0x3a5 /home/dl0/Documents/Stage_Recherche/Prog_/c-uart_stm32_integ/c-uart-interface_scheduler__/testing__/atomthreads_custom/ports/cortex-m/build/atomkernel.o
 .debug_abbrev  0x0000000000000c11      0x3a7 /home/dl0/Documents/Stage_Recherche/Prog_/c-uart_stm32_integ/c-uart-interface_scheduler__/testing__/atomthreads_custom/ports/cortex-m/build/atomtimer.o
 .debug_abbrev  0x0000000000000fb8      0x348 /home/dl0/Documents/Stage_Recherche/Prog_/c-uart_stm32_integ/c-uart-interface_scheduler__/testing__/atomthreads_custom/ports/cortex-m/build/atomqueue.o
 .debug_abbrev  0x0000000000001300      0x200 /home/dl0/Documents/Stage_Recherche/Prog_/c-uart_stm32_integ/c-uart-interface_scheduler__/testing__/atomthreads_custom/ports/cortex-m/build/queue8.o
 .debug_abbrev  0x0000000000001500      0x10e /home/dl0/Documents/Stage_Recherche/Prog_/c-uart_stm32_integ/c-uart-interface_scheduler__/testing__/atomthreads_custom/ports/cortex-m/libopencm3/lib/libopencm3_stm32f4.a(gpio_common_all.o)
 .debug_abbrev  0x000000000000160e       0xb7 /home/dl0/Documents/Stage_Recherche/Prog_/c-uart_stm32_integ/c-uart-interface_scheduler__/testing__/atomthreads_custom/ports/cortex-m/libopencm3/lib/libopencm3_stm32f4.a(gpio_common_f0234.o)
 .debug_abbrev  0x00000000000016c5      0x12b /home/dl0/Documents/Stage_Recherche/Prog_/c-uart_stm32_integ/c-uart-interface_scheduler__/testing__/atomthreads_custom/ports/cortex-m/libopencm3/lib/libopencm3_stm32f4.a(usart_common_all.o)
 .debug_abbrev  0x00000000000017f0       0xb7 /home/dl0/Documents/Stage_Recherche/Prog_/c-uart_stm32_integ/c-uart-interface_scheduler__/testing__/atomthreads_custom/ports/cortex-m/libopencm3/lib/libopencm3_stm32f4.a(usart_common_f124.o)
 .debug_abbrev  0x00000000000018a7       0xc1 /home/dl0/Documents/Stage_Recherche/Prog_/c-uart_stm32_integ/c-uart-interface_scheduler__/testing__/atomthreads_custom/ports/cortex-m/libopencm3/lib/libopencm3_stm32f4.a(rcc_common_all.o)
 .debug_abbrev  0x0000000000001968      0x13a /home/dl0/Documents/Stage_Recherche/Prog_/c-uart_stm32_integ/c-uart-interface_scheduler__/testing__/atomthreads_custom/ports/cortex-m/libopencm3/lib/libopencm3_stm32f4.a(vector.o)
 .debug_abbrev  0x0000000000001aa2      0x132 /home/dl0/Documents/Stage_Recherche/Prog_/c-uart_stm32_integ/c-uart-interface_scheduler__/testing__/atomthreads_custom/ports/cortex-m/libopencm3/lib/libopencm3_stm32f4.a(systick.o)
 .debug_abbrev  0x0000000000001bd4       0xa6 /home/dl0/Documents/Stage_Recherche/Prog_/c-uart_stm32_integ/c-uart-interface_scheduler__/testing__/atomthreads_custom/ports/cortex-m/libopencm3/lib/libopencm3_stm32f4.a(nvic.o)
 .debug_abbrev  0x0000000000001c7a      0x198 /home/dl0/Documents/Stage_Recherche/Prog_/c-uart_stm32_integ/c-uart-interface_scheduler__/testing__/atomthreads_custom/ports/cortex-m/libopencm3/lib/libopencm3_stm32f4.a(sync.o)
 .debug_abbrev  0x0000000000001e12      0x260 /home/dl0/Documents/Stage_Recherche/Prog_/c-uart_stm32_integ/c-uart-interface_scheduler__/testing__/atomthreads_custom/ports/cortex-m/libopencm3/lib/libopencm3_stm32f4.a(rcc.o)
 .debug_abbrev  0x0000000000002072      0x18f /home/dl0/sat/lib/gcc/arm-none-eabi/5.3.0/../../../../arm-none-eabi/lib/thumb/cortex-m4/float-abi-hard/fpuv4-sp-d16/libc.a(lib_a-errno.o)
 .debug_abbrev  0x0000000000002201      0x180 /home/dl0/sat/lib/gcc/arm-none-eabi/5.3.0/../../../../arm-none-eabi/lib/thumb/cortex-m4/float-abi-hard/fpuv4-sp-d16/libc.a(lib_a-impure.o)
 .debug_abbrev  0x0000000000002381       0x14 /home/dl0/sat/lib/gcc/arm-none-eabi/5.3.0/../../../../arm-none-eabi/lib/thumb/cortex-m4/float-abi-hard/fpuv4-sp-d16/libc.a(lib_a-memcpy.o)
 .debug_abbrev  0x0000000000002395       0x9f /home/dl0/sat/lib/gcc/arm-none-eabi/5.3.0/../../../../arm-none-eabi/lib/thumb/cortex-m4/float-abi-hard/fpuv4-sp-d16/libc.a(lib_a-memset.o)
 .debug_abbrev  0x0000000000002434      0x22a /home/dl0/sat/lib/gcc/arm-none-eabi/5.3.0/../../../../arm-none-eabi/lib/thumb/cortex-m4/float-abi-hard/fpuv4-sp-d16/libc.a(lib_a-printf.o)
 .debug_abbrev  0x000000000000265e      0x22f /home/dl0/sat/lib/gcc/arm-none-eabi/5.3.0/../../../../arm-none-eabi/lib/thumb/cortex-m4/float-abi-hard/fpuv4-sp-d16/libc.a(lib_a-puts.o)
 .debug_abbrev  0x000000000000288d       0x70 /home/dl0/sat/lib/gcc/arm-none-eabi/5.3.0/../../../../arm-none-eabi/lib/thumb/cortex-m4/float-abi-hard/fpuv4-sp-d16/libc.a(lib_a-strlen.o)
 .debug_abbrev  0x00000000000028fd      0x3a9 /home/dl0/sat/lib/gcc/arm-none-eabi/5.3.0/../../../../arm-none-eabi/lib/thumb/cortex-m4/float-abi-hard/fpuv4-sp-d16/libc.a(lib_a-vfprintf.o)
 .debug_abbrev  0x0000000000002ca6      0x1f8 /home/dl0/sat/lib/gcc/arm-none-eabi/5.3.0/../../../../arm-none-eabi/lib/thumb/cortex-m4/float-abi-hard/fpuv4-sp-d16/libc.a(lib_a-wsetup.o)
 .debug_abbrev  0x0000000000002e9e      0x29e /home/dl0/sat/lib/gcc/arm-none-eabi/5.3.0/../../../../arm-none-eabi/lib/thumb/cortex-m4/float-abi-hard/fpuv4-sp-d16/libc.a(lib_a-dtoa.o)
 .debug_abbrev  0x000000000000313c      0x281 /home/dl0/sat/lib/gcc/arm-none-eabi/5.3.0/../../../../arm-none-eabi/lib/thumb/cortex-m4/float-abi-hard/fpuv4-sp-d16/libc.a(lib_a-fflush.o)
 .debug_abbrev  0x00000000000033bd      0x347 /home/dl0/sat/lib/gcc/arm-none-eabi/5.3.0/../../../../arm-none-eabi/lib/thumb/cortex-m4/float-abi-hard/fpuv4-sp-d16/libc.a(lib_a-findfp.o)
 .debug_abbrev  0x0000000000003704      0x264 /home/dl0/sat/lib/gcc/arm-none-eabi/5.3.0/../../../../arm-none-eabi/lib/thumb/cortex-m4/float-abi-hard/fpuv4-sp-d16/libc.a(lib_a-freer.o)
 .debug_abbrev  0x0000000000003968      0x21c /home/dl0/sat/lib/gcc/arm-none-eabi/5.3.0/../../../../arm-none-eabi/lib/thumb/cortex-m4/float-abi-hard/fpuv4-sp-d16/libc.a(lib_a-fvwrite.o)
 .debug_abbrev  0x0000000000003b84      0x1c2 /home/dl0/sat/lib/gcc/arm-none-eabi/5.3.0/../../../../arm-none-eabi/lib/thumb/cortex-m4/float-abi-hard/fpuv4-sp-d16/libc.a(lib_a-fwalk.o)
 .debug_abbrev  0x0000000000003d46      0x2a8 /home/dl0/sat/lib/gcc/arm-none-eabi/5.3.0/../../../../arm-none-eabi/lib/thumb/cortex-m4/float-abi-hard/fpuv4-sp-d16/libc.a(lib_a-locale.o)
 .debug_abbrev  0x0000000000003fee      0x1ef /home/dl0/sat/lib/gcc/arm-none-eabi/5.3.0/../../../../arm-none-eabi/lib/thumb/cortex-m4/float-abi-hard/fpuv4-sp-d16/libc.a(lib_a-makebuf.o)
 .debug_abbrev  0x00000000000041dd      0x29d /home/dl0/sat/lib/gcc/arm-none-eabi/5.3.0/../../../../arm-none-eabi/lib/thumb/cortex-m4/float-abi-hard/fpuv4-sp-d16/libc.a(lib_a-mallocr.o)
 .debug_abbrev  0x000000000000447a       0xba /home/dl0/sat/lib/gcc/arm-none-eabi/5.3.0/../../../../arm-none-eabi/lib/thumb/cortex-m4/float-abi-hard/fpuv4-sp-d16/libc.a(lib_a-memchr.o)
 .debug_abbrev  0x0000000000004534       0xab /home/dl0/sat/lib/gcc/arm-none-eabi/5.3.0/../../../../arm-none-eabi/lib/thumb/cortex-m4/float-abi-hard/fpuv4-sp-d16/libc.a(lib_a-memmove.o)
 .debug_abbrev  0x00000000000045df      0x1ac /home/dl0/sat/lib/gcc/arm-none-eabi/5.3.0/../../../../arm-none-eabi/lib/thumb/cortex-m4/float-abi-hard/fpuv4-sp-d16/libc.a(lib_a-mlock.o)
 .debug_abbrev  0x000000000000478b      0x388 /home/dl0/sat/lib/gcc/arm-none-eabi/5.3.0/../../../../arm-none-eabi/lib/thumb/cortex-m4/float-abi-hard/fpuv4-sp-d16/libc.a(lib_a-mprec.o)
 .debug_abbrev  0x0000000000004b13      0x231 /home/dl0/sat/lib/gcc/arm-none-eabi/5.3.0/../../../../arm-none-eabi/lib/thumb/cortex-m4/float-abi-hard/fpuv4-sp-d16/libc.a(lib_a-reallocr.o)
 .debug_abbrev  0x0000000000004d44      0x1fb /home/dl0/sat/lib/gcc/arm-none-eabi/5.3.0/../../../../arm-none-eabi/lib/thumb/cortex-m4/float-abi-hard/fpuv4-sp-d16/libc.a(lib_a-sbrkr.o)
 .debug_abbrev  0x0000000000004f3f       0x6f /home/dl0/sat/lib/gcc/arm-none-eabi/5.3.0/../../../../arm-none-eabi/lib/thumb/cortex-m4/float-abi-hard/fpuv4-sp-d16/libc.a(lib_a-s_fpclassify.o)
 .debug_abbrev  0x0000000000004fae      0x22a /home/dl0/sat/lib/gcc/arm-none-eabi/5.3.0/../../../../arm-none-eabi/lib/thumb/cortex-m4/float-abi-hard/fpuv4-sp-d16/libc.a(lib_a-stdio.o)
 .debug_abbrev  0x00000000000051d8       0x14 /home/dl0/sat/lib/gcc/arm-none-eabi/5.3.0/../../../../arm-none-eabi/lib/thumb/cortex-m4/float-abi-hard/fpuv4-sp-d16/libc.a(lib_a-strcmp.o)
 .debug_abbrev  0x00000000000051ec      0x396 /home/dl0/sat/lib/gcc/arm-none-eabi/5.3.0/../../../../arm-none-eabi/lib/thumb/cortex-m4/float-abi-hard/fpuv4-sp-d16/libc.a(lib_a-vfiprintf.o)
 .debug_abbrev  0x0000000000005582      0x1fb /home/dl0/sat/lib/gcc/arm-none-eabi/5.3.0/../../../../arm-none-eabi/lib/thumb/cortex-m4/float-abi-hard/fpuv4-sp-d16/libc.a(lib_a-writer.o)
 .debug_abbrev  0x000000000000577d      0x1fc /home/dl0/sat/lib/gcc/arm-none-eabi/5.3.0/../../../../arm-none-eabi/lib/thumb/cortex-m4/float-abi-hard/fpuv4-sp-d16/libc.a(lib_a-callocr.o)
 .debug_abbrev  0x0000000000005979      0x1f6 /home/dl0/sat/lib/gcc/arm-none-eabi/5.3.0/../../../../arm-none-eabi/lib/thumb/cortex-m4/float-abi-hard/fpuv4-sp-d16/libc.a(lib_a-closer.o)
 .debug_abbrev  0x0000000000005b6f      0x293 /home/dl0/sat/lib/gcc/arm-none-eabi/5.3.0/../../../../arm-none-eabi/lib/thumb/cortex-m4/float-abi-hard/fpuv4-sp-d16/libc.a(lib_a-fclose.o)
 .debug_abbrev  0x0000000000005e02      0x2ba /home/dl0/sat/lib/gcc/arm-none-eabi/5.3.0/../../../../arm-none-eabi/lib/thumb/cortex-m4/float-abi-hard/fpuv4-sp-d16/libc.a(lib_a-fputwc.o)
 .debug_abbrev  0x00000000000060bc      0x205 /home/dl0/sat/lib/gcc/arm-none-eabi/5.3.0/../../../../arm-none-eabi/lib/thumb/cortex-m4/float-abi-hard/fpuv4-sp-d16/libc.a(lib_a-fstatr.o)
 .debug_abbrev  0x00000000000062c1      0x1f6 /home/dl0/sat/lib/gcc/arm-none-eabi/5.3.0/../../../../arm-none-eabi/lib/thumb/cortex-m4/float-abi-hard/fpuv4-sp-d16/libc.a(lib_a-isattyr.o)
 .debug_abbrev  0x00000000000064b7      0x205 /home/dl0/sat/lib/gcc/arm-none-eabi/5.3.0/../../../../arm-none-eabi/lib/thumb/cortex-m4/float-abi-hard/fpuv4-sp-d16/libc.a(lib_a-lseekr.o)
 .debug_abbrev  0x00000000000066bc      0x1f6 /home/dl0/sat/lib/gcc/arm-none-eabi/5.3.0/../../../../arm-none-eabi/lib/thumb/cortex-m4/float-abi-hard/fpuv4-sp-d16/libc.a(lib_a-readr.o)
 .debug_abbrev  0x00000000000068b2      0x25c /home/dl0/sat/lib/gcc/arm-none-eabi/5.3.0/../../../../arm-none-eabi/lib/thumb/cortex-m4/float-abi-hard/fpuv4-sp-d16/libc.a(lib_a-reent.o)
 .debug_abbrev  0x0000000000006b0e      0x242 /home/dl0/sat/lib/gcc/arm-none-eabi/5.3.0/../../../../arm-none-eabi/lib/thumb/cortex-m4/float-abi-hard/fpuv4-sp-d16/libc.a(lib_a-wbuf.o)
 .debug_abbrev  0x0000000000006d50      0x227 /home/dl0/sat/lib/gcc/arm-none-eabi/5.3.0/../../../../arm-none-eabi/lib/thumb/cortex-m4/float-abi-hard/fpuv4-sp-d16/libc.a(lib_a-wcrtomb.o)
 .debug_abbrev  0x0000000000006f77      0x210 /home/dl0/sat/lib/gcc/arm-none-eabi/5.3.0/../../../../arm-none-eabi/lib/thumb/cortex-m4/float-abi-hard/fpuv4-sp-d16/libc.a(lib_a-wctomb_r.o)
 .debug_abbrev  0x0000000000007187       0x14 /home/dl0/sat/lib/gcc/arm-none-eabi/5.3.0/thumb/cortex-m4/float-abi-hard/fpuv4-sp-d16/libgcc.a(_arm_addsubdf3.o)
 .debug_abbrev  0x000000000000719b       0x14 /home/dl0/sat/lib/gcc/arm-none-eabi/5.3.0/thumb/cortex-m4/float-abi-hard/fpuv4-sp-d16/libgcc.a(_arm_muldivdf3.o)
 .debug_abbrev  0x00000000000071af       0x14 /home/dl0/sat/lib/gcc/arm-none-eabi/5.3.0/thumb/cortex-m4/float-abi-hard/fpuv4-sp-d16/libgcc.a(_arm_cmpdf2.o)
 .debug_abbrev  0x00000000000071c3       0x14 /home/dl0/sat/lib/gcc/arm-none-eabi/5.3.0/thumb/cortex-m4/float-abi-hard/fpuv4-sp-d16/libgcc.a(_arm_fixdfsi.o)

.debug_loc      0x0000000000000000    0x10893
 .debug_loc     0x0000000000000000       0xe1 /home/dl0/Documents/Stage_Recherche/Prog_/c-uart_stm32_integ/c-uart-interface_scheduler__/testing__/atomthreads_custom/ports/cortex-m/build/tests-main.o
 .debug_loc     0x00000000000000e1       0x2a /home/dl0/Documents/Stage_Recherche/Prog_/c-uart_stm32_integ/c-uart-interface_scheduler__/testing__/atomthreads_custom/ports/cortex-m/build/board_setup.o
 .debug_loc     0x000000000000010b      0x11f /home/dl0/Documents/Stage_Recherche/Prog_/c-uart_stm32_integ/c-uart-interface_scheduler__/testing__/atomthreads_custom/ports/cortex-m/build/stubs.o
 .debug_loc     0x000000000000022a      0x20b /home/dl0/Documents/Stage_Recherche/Prog_/c-uart_stm32_integ/c-uart-interface_scheduler__/testing__/atomthreads_custom/ports/cortex-m/build/stm32_con.o
 .debug_loc     0x0000000000000435      0x1e8 /home/dl0/Documents/Stage_Recherche/Prog_/c-uart_stm32_integ/c-uart-interface_scheduler__/testing__/atomthreads_custom/ports/cortex-m/build/atomport.o
 .debug_loc     0x000000000000061d      0x7dc /home/dl0/Documents/Stage_Recherche/Prog_/c-uart_stm32_integ/c-uart-interface_scheduler__/testing__/atomthreads_custom/ports/cortex-m/build/atomkernel.o
 .debug_loc     0x0000000000000df9      0x3cd /home/dl0/Documents/Stage_Recherche/Prog_/c-uart_stm32_integ/c-uart-interface_scheduler__/testing__/atomthreads_custom/ports/cortex-m/build/atomtimer.o
 .debug_loc     0x00000000000011c6      0x98b /home/dl0/Documents/Stage_Recherche/Prog_/c-uart_stm32_integ/c-uart-interface_scheduler__/testing__/atomthreads_custom/ports/cortex-m/build/atomqueue.o
 .debug_loc     0x0000000000001b51       0x9b /home/dl0/Documents/Stage_Recherche/Prog_/c-uart_stm32_integ/c-uart-interface_scheduler__/testing__/atomthreads_custom/ports/cortex-m/build/queue8.o
 .debug_loc     0x0000000000001bec       0x76 /home/dl0/Documents/Stage_Recherche/Prog_/c-uart_stm32_integ/c-uart-interface_scheduler__/testing__/atomthreads_custom/ports/cortex-m/libopencm3/lib/libopencm3_stm32f4.a(gpio_common_all.o)
 .debug_loc     0x0000000000001c62      0x111 /home/dl0/Documents/Stage_Recherche/Prog_/c-uart_stm32_integ/c-uart-interface_scheduler__/testing__/atomthreads_custom/ports/cortex-m/libopencm3/lib/libopencm3_stm32f4.a(gpio_common_f0234.o)
 .debug_loc     0x0000000000001d73      0x1ca /home/dl0/Documents/Stage_Recherche/Prog_/c-uart_stm32_integ/c-uart-interface_scheduler__/testing__/atomthreads_custom/ports/cortex-m/libopencm3/lib/libopencm3_stm32f4.a(usart_common_all.o)
 .debug_loc     0x0000000000001f3d       0xd4 /home/dl0/Documents/Stage_Recherche/Prog_/c-uart_stm32_integ/c-uart-interface_scheduler__/testing__/atomthreads_custom/ports/cortex-m/libopencm3/lib/libopencm3_stm32f4.a(usart_common_f124.o)
 .debug_loc     0x0000000000002011      0x14a /home/dl0/Documents/Stage_Recherche/Prog_/c-uart_stm32_integ/c-uart-interface_scheduler__/testing__/atomthreads_custom/ports/cortex-m/libopencm3/lib/libopencm3_stm32f4.a(rcc_common_all.o)
 .debug_loc     0x000000000000215b       0xf5 /home/dl0/Documents/Stage_Recherche/Prog_/c-uart_stm32_integ/c-uart-interface_scheduler__/testing__/atomthreads_custom/ports/cortex-m/libopencm3/lib/libopencm3_stm32f4.a(vector.o)
 .debug_loc     0x0000000000002250      0x192 /home/dl0/Documents/Stage_Recherche/Prog_/c-uart_stm32_integ/c-uart-interface_scheduler__/testing__/atomthreads_custom/ports/cortex-m/libopencm3/lib/libopencm3_stm32f4.a(systick.o)
 .debug_loc     0x00000000000023e2      0x142 /home/dl0/Documents/Stage_Recherche/Prog_/c-uart_stm32_integ/c-uart-interface_scheduler__/testing__/atomthreads_custom/ports/cortex-m/libopencm3/lib/libopencm3_stm32f4.a(nvic.o)
 .debug_loc     0x0000000000002524      0x104 /home/dl0/Documents/Stage_Recherche/Prog_/c-uart_stm32_integ/c-uart-interface_scheduler__/testing__/atomthreads_custom/ports/cortex-m/libopencm3/lib/libopencm3_stm32f4.a(sync.o)
 .debug_loc     0x0000000000002628      0x372 /home/dl0/Documents/Stage_Recherche/Prog_/c-uart_stm32_integ/c-uart-interface_scheduler__/testing__/atomthreads_custom/ports/cortex-m/libopencm3/lib/libopencm3_stm32f4.a(rcc.o)
 .debug_loc     0x000000000000299a      0x1ae /home/dl0/sat/lib/gcc/arm-none-eabi/5.3.0/../../../../arm-none-eabi/lib/thumb/cortex-m4/float-abi-hard/fpuv4-sp-d16/libc.a(lib_a-memset.o)
 .debug_loc     0x0000000000002b48       0x34 /home/dl0/sat/lib/gcc/arm-none-eabi/5.3.0/../../../../arm-none-eabi/lib/thumb/cortex-m4/float-abi-hard/fpuv4-sp-d16/libc.a(lib_a-printf.o)
 .debug_loc     0x0000000000002b7c       0xc2 /home/dl0/sat/lib/gcc/arm-none-eabi/5.3.0/../../../../arm-none-eabi/lib/thumb/cortex-m4/float-abi-hard/fpuv4-sp-d16/libc.a(lib_a-puts.o)
 .debug_loc     0x0000000000002c3e       0x21 /home/dl0/sat/lib/gcc/arm-none-eabi/5.3.0/../../../../arm-none-eabi/lib/thumb/cortex-m4/float-abi-hard/fpuv4-sp-d16/libc.a(lib_a-strlen.o)
 .debug_loc     0x0000000000002c5f     0x2c16 /home/dl0/sat/lib/gcc/arm-none-eabi/5.3.0/../../../../arm-none-eabi/lib/thumb/cortex-m4/float-abi-hard/fpuv4-sp-d16/libc.a(lib_a-vfprintf.o)
 .debug_loc     0x0000000000005875       0xa2 /home/dl0/sat/lib/gcc/arm-none-eabi/5.3.0/../../../../arm-none-eabi/lib/thumb/cortex-m4/float-abi-hard/fpuv4-sp-d16/libc.a(lib_a-wsetup.o)
 .debug_loc     0x0000000000005917     0x29da /home/dl0/sat/lib/gcc/arm-none-eabi/5.3.0/../../../../arm-none-eabi/lib/thumb/cortex-m4/float-abi-hard/fpuv4-sp-d16/libc.a(lib_a-dtoa.o)
 .debug_loc     0x00000000000082f1      0x2ac /home/dl0/sat/lib/gcc/arm-none-eabi/5.3.0/../../../../arm-none-eabi/lib/thumb/cortex-m4/float-abi-hard/fpuv4-sp-d16/libc.a(lib_a-fflush.o)
 .debug_loc     0x000000000000859d      0x2f4 /home/dl0/sat/lib/gcc/arm-none-eabi/5.3.0/../../../../arm-none-eabi/lib/thumb/cortex-m4/float-abi-hard/fpuv4-sp-d16/libc.a(lib_a-findfp.o)
 .debug_loc     0x0000000000008891      0x525 /home/dl0/sat/lib/gcc/arm-none-eabi/5.3.0/../../../../arm-none-eabi/lib/thumb/cortex-m4/float-abi-hard/fpuv4-sp-d16/libc.a(lib_a-freer.o)
 .debug_loc     0x0000000000008db6      0x6af /home/dl0/sat/lib/gcc/arm-none-eabi/5.3.0/../../../../arm-none-eabi/lib/thumb/cortex-m4/float-abi-hard/fpuv4-sp-d16/libc.a(lib_a-fvwrite.o)
 .debug_loc     0x0000000000009465      0x207 /home/dl0/sat/lib/gcc/arm-none-eabi/5.3.0/../../../../arm-none-eabi/lib/thumb/cortex-m4/float-abi-hard/fpuv4-sp-d16/libc.a(lib_a-fwalk.o)
 .debug_loc     0x000000000000966c      0x147 /home/dl0/sat/lib/gcc/arm-none-eabi/5.3.0/../../../../arm-none-eabi/lib/thumb/cortex-m4/float-abi-hard/fpuv4-sp-d16/libc.a(lib_a-locale.o)
 .debug_loc     0x00000000000097b3      0x10c /home/dl0/sat/lib/gcc/arm-none-eabi/5.3.0/../../../../arm-none-eabi/lib/thumb/cortex-m4/float-abi-hard/fpuv4-sp-d16/libc.a(lib_a-makebuf.o)
 .debug_loc     0x00000000000098bf      0xcdf /home/dl0/sat/lib/gcc/arm-none-eabi/5.3.0/../../../../arm-none-eabi/lib/thumb/cortex-m4/float-abi-hard/fpuv4-sp-d16/libc.a(lib_a-mallocr.o)
 .debug_loc     0x000000000000a59e      0x15c /home/dl0/sat/lib/gcc/arm-none-eabi/5.3.0/../../../../arm-none-eabi/lib/thumb/cortex-m4/float-abi-hard/fpuv4-sp-d16/libc.a(lib_a-memchr.o)
 .debug_loc     0x000000000000a6fa      0x292 /home/dl0/sat/lib/gcc/arm-none-eabi/5.3.0/../../../../arm-none-eabi/lib/thumb/cortex-m4/float-abi-hard/fpuv4-sp-d16/libc.a(lib_a-memmove.o)
 .debug_loc     0x000000000000a98c     0x1f33 /home/dl0/sat/lib/gcc/arm-none-eabi/5.3.0/../../../../arm-none-eabi/lib/thumb/cortex-m4/float-abi-hard/fpuv4-sp-d16/libc.a(lib_a-mprec.o)
 .debug_loc     0x000000000000c8bf     0x1201 /home/dl0/sat/lib/gcc/arm-none-eabi/5.3.0/../../../../arm-none-eabi/lib/thumb/cortex-m4/float-abi-hard/fpuv4-sp-d16/libc.a(lib_a-reallocr.o)
 .debug_loc     0x000000000000dac0       0x4d /home/dl0/sat/lib/gcc/arm-none-eabi/5.3.0/../../../../arm-none-eabi/lib/thumb/cortex-m4/float-abi-hard/fpuv4-sp-d16/libc.a(lib_a-sbrkr.o)
 .debug_loc     0x000000000000db0d      0x2bf /home/dl0/sat/lib/gcc/arm-none-eabi/5.3.0/../../../../arm-none-eabi/lib/thumb/cortex-m4/float-abi-hard/fpuv4-sp-d16/libc.a(lib_a-stdio.o)
 .debug_loc     0x000000000000ddcc     0x1ba8 /home/dl0/sat/lib/gcc/arm-none-eabi/5.3.0/../../../../arm-none-eabi/lib/thumb/cortex-m4/float-abi-hard/fpuv4-sp-d16/libc.a(lib_a-vfiprintf.o)
 .debug_loc     0x000000000000f974       0xb0 /home/dl0/sat/lib/gcc/arm-none-eabi/5.3.0/../../../../arm-none-eabi/lib/thumb/cortex-m4/float-abi-hard/fpuv4-sp-d16/libc.a(lib_a-writer.o)
 .debug_loc     0x000000000000fa24      0x291 /home/dl0/sat/lib/gcc/arm-none-eabi/5.3.0/../../../../arm-none-eabi/lib/thumb/cortex-m4/float-abi-hard/fpuv4-sp-d16/libc.a(lib_a-callocr.o)
 .debug_loc     0x000000000000fcb5       0x4d /home/dl0/sat/lib/gcc/arm-none-eabi/5.3.0/../../../../arm-none-eabi/lib/thumb/cortex-m4/float-abi-hard/fpuv4-sp-d16/libc.a(lib_a-closer.o)
 .debug_loc     0x000000000000fd02      0x151 /home/dl0/sat/lib/gcc/arm-none-eabi/5.3.0/../../../../arm-none-eabi/lib/thumb/cortex-m4/float-abi-hard/fpuv4-sp-d16/libc.a(lib_a-fclose.o)
 .debug_loc     0x000000000000fe53      0x2ac /home/dl0/sat/lib/gcc/arm-none-eabi/5.3.0/../../../../arm-none-eabi/lib/thumb/cortex-m4/float-abi-hard/fpuv4-sp-d16/libc.a(lib_a-fputwc.o)
 .debug_loc     0x00000000000100ff       0x84 /home/dl0/sat/lib/gcc/arm-none-eabi/5.3.0/../../../../arm-none-eabi/lib/thumb/cortex-m4/float-abi-hard/fpuv4-sp-d16/libc.a(lib_a-fstatr.o)
 .debug_loc     0x0000000000010183       0x4d /home/dl0/sat/lib/gcc/arm-none-eabi/5.3.0/../../../../arm-none-eabi/lib/thumb/cortex-m4/float-abi-hard/fpuv4-sp-d16/libc.a(lib_a-isattyr.o)
 .debug_loc     0x00000000000101d0       0xb0 /home/dl0/sat/lib/gcc/arm-none-eabi/5.3.0/../../../../arm-none-eabi/lib/thumb/cortex-m4/float-abi-hard/fpuv4-sp-d16/libc.a(lib_a-lseekr.o)
 .debug_loc     0x0000000000010280       0xb0 /home/dl0/sat/lib/gcc/arm-none-eabi/5.3.0/../../../../arm-none-eabi/lib/thumb/cortex-m4/float-abi-hard/fpuv4-sp-d16/libc.a(lib_a-readr.o)
 .debug_loc     0x0000000000010330      0x11d /home/dl0/sat/lib/gcc/arm-none-eabi/5.3.0/../../../../arm-none-eabi/lib/thumb/cortex-m4/float-abi-hard/fpuv4-sp-d16/libc.a(lib_a-reent.o)
 .debug_loc     0x000000000001044d      0x128 /home/dl0/sat/lib/gcc/arm-none-eabi/5.3.0/../../../../arm-none-eabi/lib/thumb/cortex-m4/float-abi-hard/fpuv4-sp-d16/libc.a(lib_a-wbuf.o)
 .debug_loc     0x0000000000010575      0x1fa /home/dl0/sat/lib/gcc/arm-none-eabi/5.3.0/../../../../arm-none-eabi/lib/thumb/cortex-m4/float-abi-hard/fpuv4-sp-d16/libc.a(lib_a-wcrtomb.o)
 .debug_loc     0x000000000001076f      0x124 /home/dl0/sat/lib/gcc/arm-none-eabi/5.3.0/../../../../arm-none-eabi/lib/thumb/cortex-m4/float-abi-hard/fpuv4-sp-d16/libc.a(lib_a-wctomb_r.o)

.debug_aranges  0x0000000000000000      0xc10
 .debug_aranges
                0x0000000000000000       0x28 /home/dl0/Documents/Stage_Recherche/Prog_/c-uart_stm32_integ/c-uart-interface_scheduler__/testing__/atomthreads_custom/ports/cortex-m/build/tests-main.o
 .debug_aranges
                0x0000000000000028       0x28 /home/dl0/Documents/Stage_Recherche/Prog_/c-uart_stm32_integ/c-uart-interface_scheduler__/testing__/atomthreads_custom/ports/cortex-m/build/board_setup.o
 .debug_aranges
                0x0000000000000050       0x48 /home/dl0/Documents/Stage_Recherche/Prog_/c-uart_stm32_integ/c-uart-interface_scheduler__/testing__/atomthreads_custom/ports/cortex-m/build/stubs.o
 .debug_aranges