Archive member included to satisfy reference by file (symbol)

/home/dl0/Documents/Stage_Recherche/Prog_/c-uart_stm32_integ/c-uart-interface_scheduler__/testing__/atomthreads_custom/ports/cortex-m/libopencm3/lib/libopencm3_stm32f4.a(gpio_common_all.o)
                              /home/dl0/Documents/Stage_Recherche/Prog_/c-uart_stm32_integ/c-uart-interface_scheduler__/testing__/atomthreads_custom/ports/cortex-m/build/board_setup.o (gpio_set)
/home/dl0/Documents/Stage_Recherche/Prog_/c-uart_stm32_integ/c-uart-interface_scheduler__/testing__/atomthreads_custom/ports/cortex-m/libopencm3/lib/libopencm3_stm32f4.a(gpio_common_f0234.o)
                              /home/dl0/Documents/Stage_Recherche/Prog_/c-uart_stm32_integ/c-uart-interface_scheduler__/testing__/atomthreads_custom/ports/cortex-m/build/board_setup.o (gpio_mode_setup)
/home/dl0/Documents/Stage_Recherche/Prog_/c-uart_stm32_integ/c-uart-interface_scheduler__/testing__/atomthreads_custom/ports/cortex-m/libopencm3/lib/libopencm3_stm32f4.a(usart_common_all.o)
                              /home/dl0/Documents/Stage_Recherche/Prog_/c-uart_stm32_integ/c-uart-interface_scheduler__/testing__/atomthreads_custom/ports/cortex-m/build/board_setup.o (usart_set_baudrate)
/home/dl0/Documents/Stage_Recherche/Prog_/c-uart_stm32_integ/c-uart-interface_scheduler__/testing__/atomthreads_custom/ports/cortex-m/libopencm3/lib/libopencm3_stm32f4.a(usart_common_f124.o)
                              /home/dl0/Documents/Stage_Recherche/Prog_/c-uart_stm32_integ/c-uart-interface_scheduler__/testing__/atomthreads_custom/ports/cortex-m/libopencm3/lib/libopencm3_stm32f4.a(usart_common_all.o) (usart_send)
/home/dl0/Documents/Stage_Recherche/Prog_/c-uart_stm32_integ/c-uart-interface_scheduler__/testing__/atomthreads_custom/ports/cortex-m/libopencm3/lib/libopencm3_stm32f4.a(rcc_common_all.o)
                              /home/dl0/Documents/Stage_Recherche/Prog_/c-uart_stm32_integ/c-uart-interface_scheduler__/testing__/atomthreads_custom/ports/cortex-m/build/board_setup.o (rcc_periph_clock_enable)
/home/dl0/Documents/Stage_Recherche/Prog_/c-uart_stm32_integ/c-uart-interface_scheduler__/testing__/atomthreads_custom/ports/cortex-m/libopencm3/lib/libopencm3_stm32f4.a(vector.o)
                              (reset_handler)
/home/dl0/Documents/Stage_Recherche/Prog_/c-uart_stm32_integ/c-uart-interface_scheduler__/testing__/atomthreads_custom/ports/cortex-m/libopencm3/lib/libopencm3_stm32f4.a(systick.o)
                              /home/dl0/Documents/Stage_Recherche/Prog_/c-uart_stm32_integ/c-uart-interface_scheduler__/testing__/atomthreads_custom/ports/cortex-m/build/board_setup.o (systick_set_reload)
/home/dl0/Documents/Stage_Recherche/Prog_/c-uart_stm32_integ/c-uart-interface_scheduler__/testing__/atomthreads_custom/ports/cortex-m/libopencm3/lib/libopencm3_stm32f4.a(nvic.o)
                              /home/dl0/Documents/Stage_Recherche/Prog_/c-uart_stm32_integ/c-uart-interface_scheduler__/testing__/atomthreads_custom/ports/cortex-m/build/board_setup.o (nvic_set_priority)
/home/dl0/Documents/Stage_Recherche/Prog_/c-uart_stm32_integ/c-uart-interface_scheduler__/testing__/atomthreads_custom/ports/cortex-m/libopencm3/lib/libopencm3_stm32f4.a(sync.o)
                              /home/dl0/Documents/Stage_Recherche/Prog_/c-uart_stm32_integ/c-uart-interface_scheduler__/testing__/atomthreads_custom/ports/cortex-m/build/atomport.o (__dmb)
/home/dl0/Documents/Stage_Recherche/Prog_/c-uart_stm32_integ/c-uart-interface_scheduler__/testing__/atomthreads_custom/ports/cortex-m/libopencm3/lib/libopencm3_stm32f4.a(rcc.o)
                              /home/dl0/Documents/Stage_Recherche/Prog_/c-uart_stm32_integ/c-uart-interface_scheduler__/testing__/atomthreads_custom/ports/cortex-m/libopencm3/lib/libopencm3_stm32f4.a(usart_common_all.o) (rcc_apb2_frequency)
/home/dl0/Documents/Stage_Recherche/Prog_/c-uart_stm32_integ/c-uart-interface_scheduler__/testing__/atomthreads_custom/ports/cortex-m/libopencm3/lib/libopencm3_stm32f4.a(flash_common_f234.o)
                              /home/dl0/Documents/Stage_Recherche/Prog_/c-uart_stm32_integ/c-uart-interface_scheduler__/testing__/atomthreads_custom/ports/cortex-m/libopencm3/lib/libopencm3_stm32f4.a(rcc.o) (flash_set_ws)
/home/dl0/Documents/Stage_Recherche/Prog_/c-uart_stm32_integ/c-uart-interface_scheduler__/testing__/atomthreads_custom/ports/cortex-m/libopencm3/lib/libopencm3_stm32f4.a(assert.o)
                              /home/dl0/Documents/Stage_Recherche/Prog_/c-uart_stm32_integ/c-uart-interface_scheduler__/testing__/atomthreads_custom/ports/cortex-m/libopencm3/lib/libopencm3_stm32f4.a(rcc.o) (cm3_assert_failed)
/home/dl0/Documents/Stage_Recherche/Prog_/c-uart_stm32_integ/c-uart-interface_scheduler__/testing__/atomthreads_custom/ports/cortex-m/libopencm3/lib/libopencm3_stm32f4.a(pwr.o)
[...]
Memory Configuration

Name             Origin             Length             Attributes
rom              0x0000000008000000 0x0000000000100000 xr
ram              0x0000000020000000 0x0000000000020000 xrw
*default*        0x0000000000000000 0xffffffffffffffff

Linker script and memory map

LOAD /home/dl0/Documents/Stage_Recherche/Prog_/c-uart_stm32_integ/c-uart-interface_scheduler__/testing__/atomthreads_custom/ports/cortex-m/build/tests-main.o
LOAD /home/dl0/Documents/Stage_Recherche/Prog_/c-uart_stm32_integ/c-uart-interface_scheduler__/testing__/atomthreads_custom/ports/cortex-m/build/board_setup.o
LOAD /home/dl0/Documents/Stage_Recherche/Prog_/c-uart_stm32_integ/c-uart-interface_scheduler__/testing__/atomthreads_custom/ports/cortex-m/build/stubs.o
LOAD /home/dl0/Documents/Stage_Recherche/Prog_/c-uart_stm32_integ/c-uart-interface_scheduler__/testing__/atomthreads_custom/ports/cortex-m/build/stm32_con.o
LOAD /home/dl0/Documents/Stage_Recherche/Prog_/c-uart_stm32_integ/c-uart-interface_scheduler__/testing__/atomthreads_custom/ports/cortex-m/build/atomport.o
LOAD /home/dl0/Documents/Stage_Recherche/Prog_/c-uart_stm32_integ/c-uart-interface_scheduler__/testing__/atomthreads_custom/ports/cortex-m/build/atomport-asm.o
LOAD /home/dl0/Documents/Stage_Recherche/Prog_/c-uart_stm32_integ/c-uart-interface_scheduler__/testing__/atomthreads_custom/ports/cortex-m/build/atomkernel.o
LOAD /home/dl0/Documents/Stage_Recherche/Prog_/c-uart_stm32_integ/c-uart-interface_scheduler__/testing__/atomthreads_custom/ports/cortex-m/build/atomsem.o
LOAD /home/dl0/Documents/Stage_Recherche/Prog_/c-uart_stm32_integ/c-uart-interface_scheduler__/testing__/atomthreads_custom/ports/cortex-m/build/atommutex.o
LOAD /home/dl0/Documents/Stage_Recherche/Prog_/c-uart_stm32_integ/c-uart-interface_scheduler__/testing__/atomthreads_custom/ports/cortex-m/build/atomtimer.o
LOAD /home/dl0/Documents/Stage_Recherche/Prog_/c-uart_stm32_integ/c-uart-interface_scheduler__/testing__/atomthreads_custom/ports/cortex-m/build/atomqueue.o
LOAD /home/dl0/Documents/Stage_Recherche/Prog_/c-uart_stm32_integ/c-uart-interface_scheduler__/testing__/atomthreads_custom/ports/cortex-m/build/sem9.o
LOAD /home/dl0/Documents/Stage_Recherche/Prog_/c-uart_stm32_integ/c-uart-interface_scheduler__/testing__/atomthreads_custom/ports/cortex-m/libopencm3/lib/libopencm3_stm32f4.a
START GROUP
LOAD /home/dl0/sat/lib/gcc/arm-none-eabi/5.3.0/../../../../arm-none-eabi/lib/thumb/cortex-m4/float-abi-hard/fpuv4-sp-d16/libc.a
LOAD /home/dl0/sat/lib/gcc/arm-none-eabi/5.3.0/thumb/cortex-m4/float-abi-hard/fpuv4-sp-d16/libgcc.a
END GROUP
START GROUP
LOAD /home/dl0/sat/lib/gcc/arm-none-eabi/5.3.0/thumb/cortex-m4/float-abi-hard/fpuv4-sp-d16/libgcc.a
LOAD /home/dl0/sat/lib/gcc/arm-none-eabi/5.3.0/../../../../arm-none-eabi/lib/thumb/cortex-m4/float-abi-hard/fpuv4-sp-d16/libc.a
END GROUP

.text           0x0000000008000000     0x79c8
 *(.vectors)
 .vectors       0x0000000008000000      0x1ac /home/dl0/Documents/Stage_Recherche/Prog_/c-uart_stm32_integ/c-uart-interface_scheduler__/testing__/atomthreads_custom/ports/cortex-m/libopencm3/lib/libopencm3_stm32f4.a(vector.o)
                0x0000000008000000                vector_table
 *(.text*)
 .text.main_thread_func
                0x00000000080001ac       0x58 /home/dl0/Documents/Stage_Recherche/Prog_/c-uart_stm32_integ/c-uart-interface_scheduler__/testing__/atomthreads_custom/ports/cortex-m/build/tests-main.o
 .text.startup.main
                0x0000000008000204       0x54 /home/dl0/Documents/Stage_Recherche/Prog_/c-uart_stm32_integ/c-uart-interface_scheduler__/testing__/atomthreads_custom/ports/cortex-m/build/tests-main.o
                0x0000000008000204                main
 .text.test_led_toggle
                0x0000000008000258       0x20 /home/dl0/Documents/Stage_Recherche/Prog_/c-uart_stm32_integ/c-uart-interface_scheduler__/testing__/atomthreads_custom/ports/cortex-m/build/board_setup.o
                0x0000000008000258                test_led_toggle
 .text.board_setup
                0x0000000008000278       0xec /home/dl0/Documents/Stage_Recherche/Prog_/c-uart_stm32_integ/c-uart-interface_scheduler__/testing__/atomthreads_custom/ports/cortex-m/build/board_setup.o
                0x0000000008000278                board_setup
 .text._sbrk    0x0000000008000364       0x48 /home/dl0/Documents/Stage_Recherche/Prog_/c-uart_stm32_integ/c-uart-interface_scheduler__/testing__/atomthreads_custom/ports/cortex-m/build/stubs.o
                0x0000000008000364                _sbrk
 .text._close   0x00000000080003ac        0x6 /home/dl0/Documents/Stage_Recherche/Prog_/c-uart_stm32_integ/c-uart-interface_scheduler__/testing__/atomthreads_custom/ports/cortex-m/build/stubs.o
                0x00000000080003ac                _close
 .text._fstat   0x00000000080003b2        0xa /home/dl0/Documents/Stage_Recherche/Prog_/c-uart_stm32_integ/c-uart-interface_scheduler__/testing__/atomthreads_custom/ports/cortex-m/build/stubs.o
                0x00000000080003b2                _fstat
 .text._isatty  0x00000000080003bc        0x4 /home/dl0/Documents/Stage_Recherche/Prog_/c-uart_stm32_integ/c-uart-interface_scheduler__/testing__/atomthreads_custom/ports/cortex-m/build/stubs.o
                0x00000000080003bc                _isatty
 .text._lseek   0x00000000080003c0        0x4 /home/dl0/Documents/Stage_Recherche/Prog_/c-uart_stm32_integ/c-uart-interface_scheduler__/testing__/atomthreads_custom/ports/cortex-m/build/stubs.o
                0x00000000080003c0                _lseek
 .text._read    0x00000000080003c4       0x38 /home/dl0/Documents/Stage_Recherche/Prog_/c-uart_stm32_integ/c-uart-interface_scheduler__/testing__/atomthreads_custom/ports/cortex-m/build/stm32_con.o
                0x00000000080003c4                _read
 .text._write   0x00000000080003fc       0x40 /home/dl0/Documents/Stage_Recherche/Prog_/c-uart_stm32_integ/c-uart-interface_scheduler__/testing__/atomthreads_custom/ports/cortex-m/build/stm32_con.o
                0x00000000080003fc                _write
 .text.thread_shell
                0x000000000800043c       0x16 /home/dl0/Documents/Stage_Recherche/Prog_/c-uart_stm32_integ/c-uart-interface_scheduler__/testing__/atomthreads_custom/ports/cortex-m/build/atomport.o
 *fill*         0x0000000008000452        0x2 
 .text.archFirstThreadRestore
                0x0000000008000454       0x20 /home/dl0/Documents/Stage_Recherche/Prog_/c-uart_stm32_integ/c-uart-interface_scheduler__/testing__/atomthreads_custom/ports/cortex-m/build/atomport.o
                0x0000000008000454                archFirstThreadRestore
 .text.archContextSwitch
                0x0000000008000474       0x24 /home/dl0/Documents/Stage_Recherche/Prog_/c-uart_stm32_integ/c-uart-interface_scheduler__/testing__/atomthreads_custom/ports/cortex-m/build/atomport.o
                0x0000000008000474                archContextSwitch
 .text.sys_tick_handler
                0x0000000008000498       0x14 /home/dl0/Documents/Stage_Recherche/Prog_/c-uart_stm32_integ/c-uart-interface_scheduler__/testing__/atomthreads_custom/ports/cortex-m/build/atomport.o
                0x0000000008000498                sys_tick_handler
 .text.nmi_handler
                0x00000000080004ac        0x2 /home/dl0/Documents/Stage_Recherche/Prog_/c-uart_stm32_integ/c-uart-interface_scheduler__/testing__/atomthreads_custom/ports/cortex-m/build/atomport.o
                0x00000000080004ac                nmi_handler
 .text.hard_fault_handler
                0x00000000080004ae        0x2 /home/dl0/Documents/Stage_Recherche/Prog_/c-uart_stm32_integ/c-uart-interface_scheduler__/testing__/atomthreads_custom/ports/cortex-m/build/atomport.o
                0x00000000080004ae                hard_fault_handler
 .text.archThreadContextInit
                0x00000000080004b0      0x100 /home/dl0/Documents/Stage_Recherche/Prog_/c-uart_stm32_integ/c-uart-interface_scheduler__/testing__/atomthreads_custom/ports/cortex-m/build/atomport.o
                0x00000000080004b0                archThreadContextInit
 .text          0x00000000080005b0       0xc4 /home/dl0/Documents/Stage_Recherche/Prog_/c-uart_stm32_integ/c-uart-interface_scheduler__/testing__/atomthreads_custom/ports/cortex-m/build/atomport-asm.o
                0x00000000080005b0                _archFirstThreadRestore
                0x0000000008000612                pend_sv_handler
 .text.atomIdleThread
                0x0000000008000674        0x2 /home/dl0/Documents/Stage_Recherche/Prog_/c-uart_stm32_integ/c-uart-interface_scheduler__/testing__/atomthreads_custom/ports/cortex-m/build/atomkernel.o
 *fill*         0x0000000008000676        0x2 
 .text.atomIntEnter
                0x0000000008000678       0x10 /home/dl0/Documents/Stage_Recherche/Prog_/c-uart_stm32_integ/c-uart-interface_scheduler__/testing__/atomthreads_custom/ports/cortex-m/build/atomkernel.o
                0x0000000008000678                atomIntEnter
 .text.atomCurrentContext
                0x0000000008000688       0x18 /home/dl0/Documents/Stage_Recherche/Prog_/c-uart_stm32_integ/c-uart-interface_scheduler__/testing__/atomthreads_custom/ports/cortex-m/build/atomkernel.o
                0x0000000008000688                atomCurrentContext
 .text.tcbEnqueuePriority
                0x00000000080006a0       0x60 /home/dl0/Documents/Stage_Recherche/Prog_/c-uart_stm32_integ/c-uart-interface_scheduler__/testing__/atomthreads_custom/ports/cortex-m/build/atomkernel.o
                0x00000000080006a0                tcbEnqueuePriority
 .text.tcbDequeueHead
                0x0000000008000700       0x24 /home/dl0/Documents/Stage_Recherche/Prog_/c-uart_stm32_integ/c-uart-interface_scheduler__/testing__/atomthreads_custom/ports/cortex-m/build/atomkernel.o
                0x0000000008000700                tcbDequeueHead
 .text.tcbDequeueEntry
                0x0000000008000724       0x58 /home/dl0/Documents/Stage_Recherche/Prog_/c-uart_stm32_integ/c-uart-interface_scheduler__/testing__/atomthreads_custom/ports/cortex-m/build/atomkernel.o
                0x0000000008000724                tcbDequeueEntry
 .text.tcbDequeuePriority
                0x000000000800077c       0x2c /home/dl0/Documents/Stage_Recherche/Prog_/c-uart_stm32_integ/c-uart-interface_scheduler__/testing__/atomthreads_custom/ports/cortex-m/build/atomkernel.o
                0x000000000800077c                tcbDequeuePriority
 .text.atomSched
                0x00000000080007a8       0x88 /home/dl0/Documents/Stage_Recherche/Prog_/c-uart_stm32_integ/c-uart-interface_scheduler__/testing__/atomthreads_custom/ports/cortex-m/build/atomkernel.o
                0x00000000080007a8                atomSched
 .text.atomThreadCreate
                0x0000000008000830       0x90 /home/dl0/Documents/Stage_Recherche/Prog_/c-uart_stm32_integ/c-uart-interface_scheduler__/testing__/atomthreads_custom/ports/cortex-m/build/atomkernel.o
                0x0000000008000830                atomThreadCreate
 .text.atomOSInit
                0x00000000080008c0       0x38 /home/dl0/Documents/Stage_Recherche/Prog_/c-uart_stm32_integ/c-uart-interface_scheduler__/testing__/atomthreads_custom/ports/cortex-m/build/atomkernel.o
                0x00000000080008c0                atomOSInit
 .text.atomIntExit
                0x00000000080008f8       0x10 /home/dl0/Documents/Stage_Recherche/Prog_/c-uart_stm32_integ/c-uart-interface_scheduler__/testing__/atomthreads_custom/ports/cortex-m/build/atomkernel.o
                0x00000000080008f8                atomIntExit
 .text.atomOSStart
                0x0000000008000908       0x2c /home/dl0/Documents/Stage_Recherche/Prog_/c-uart_stm32_integ/c-uart-interface_scheduler__/testing__/atomthreads_custom/ports/cortex-m/build/atomkernel.o
                0x0000000008000908                atomOSStart
 .text.atomSemTimerCallback
                0x0000000008000934       0x3c /home/dl0/Documents/Stage_Recherche/Prog_/c-uart_stm32_integ/c-uart-interface_scheduler__/testing__/atomthreads_custom/ports/cortex-m/build/atomsem.o
 .text.atomSemCreate
                0x0000000008000970       0x10 /home/dl0/Documents/Stage_Recherche/Prog_/c-uart_stm32_integ/c-uart-interface_scheduler__/testing__/atomthreads_custom/ports/cortex-m/build/atomsem.o
                0x0000000008000970                atomSemCreate
 .text.atomSemDelete
                0x0000000008000980       0x8c /home/dl0/Documents/Stage_Recherche/Prog_/c-uart_stm32_integ/c-uart-interface_scheduler__/testing__/atomthreads_custom/ports/cortex-m/build/atomsem.o
                0x0000000008000980                atomSemDelete
 .text.atomSemGet
                0x0000000008000a0c       0xc8 /home/dl0/Documents/Stage_Recherche/Prog_/c-uart_stm32_integ/c-uart-interface_scheduler__/testing__/atomthreads_custom/ports/cortex-m/build/atomsem.o
                0x0000000008000a0c                atomSemGet
 .text.atomTimerDelayCallback
                0x0000000008000ad4       0x24 /home/dl0/Documents/Stage_Recherche/Prog_/c-uart_stm32_integ/c-uart-interface_scheduler__/testing__/atomthreads_custom/ports/cortex-m/build/atomtimer.o
 .text.atomTimerRegister
                0x0000000008000af8       0x30 /home/dl0/Documents/Stage_Recherche/Prog_/c-uart_stm32_integ/c-uart-interface_scheduler__/testing__/atomthreads_custom/ports/cortex-m/build/atomtimer.o
                0x0000000008000af8                atomTimerRegister
 .text.atomTimerCancel
                0x0000000008000b28       0x44 /home/dl0/Documents/Stage_Recherche/Prog_/c-uart_stm32_integ/c-uart-interface_scheduler__/testing__/atomthreads_custom/ports/cortex-m/build/atomtimer.o
                0x0000000008000b28                atomTimerCancel
 .text.atomTimerTick
                0x0000000008000b6c       0x70 /home/dl0/Documents/Stage_Recherche/Prog_/c-uart_stm32_integ/c-uart-interface_scheduler__/testing__/atomthreads_custom/ports/cortex-m/build/atomtimer.o
                0x0000000008000b6c                atomTimerTick
 .text.atomTimerDelay
                0x0000000008000bdc       0x64 /home/dl0/Documents/Stage_Recherche/Prog_/c-uart_stm32_integ/c-uart-interface_scheduler__/testing__/atomthreads_custom/ports/cortex-m/build/atomtimer.o
                0x0000000008000bdc                atomTimerDelay
 .text.test_thread_func
                0x0000000008000c40       0x38 /home/dl0/Documents/Stage_Recherche/Prog_/c-uart_stm32_integ/c-uart-interface_scheduler__/testing__/atomthreads_custom/ports/cortex-m/build/sem9.o
 .text.test_start
                0x0000000008000c78       0xe4 /home/dl0/Documents/Stage_Recherche/Prog_/c-uart_stm32_integ/c-uart-interface_scheduler__/testing__/atomthreads_custom/ports/cortex-m/build/sem9.o
                0x0000000008000c78                test_start
 .text.gpio_set
                0x0000000008000d5c        0x4 /home/dl0/Documents/Stage_Recherche/Prog_/c-uart_stm32_integ/c-uart-interface_scheduler__/testing__/atomthreads_custom/ports/cortex-m/libopencm3/lib/libopencm3_stm32f4.a(gpio_common_all.o)
                0x0000000008000d5c                gpio_set
 .text.gpio_toggle
                0x0000000008000d60       0x10 /home/dl0/Documents/Stage_Recherche/Prog_/c-uart_stm32_integ/c-uart-interface_scheduler__/testing__/atomthreads_custom/ports/cortex-m/libopencm3/lib/libopencm3_stm32f4.a(gpio_common_all.o)
                0x0000000008000d60                gpio_toggle
 .text.gpio_mode_setup
                0x0000000008000d70       0x44 /home/dl0/Documents/Stage_Recherche/Prog_/c-uart_stm32_integ/c-uart-interface_scheduler__/testing__/atomthreads_custom/ports/cortex-m/libopencm3/lib/libopencm3_stm32f4.a(gpio_common_f0234.o)
                0x0000000008000d70                gpio_mode_setup
 .text.gpio_set_af
                0x0000000008000db4       0x50 /home/dl0/Documents/Stage_Recherche/Prog_/c-uart_stm32_integ/c-uart-interface_scheduler__/testing__/atomthreads_custom/ports/cortex-m/libopencm3/lib/libopencm3_stm32f4.a(gpio_common_f0234.o)
                0x0000000008000db4                gpio_set_af
 .text.usart_set_baudrate
                0x0000000008000e04       0x30 /home/dl0/Documents/Stage_Recherche/Prog_/c-uart_stm32_integ/c-uart-interface_scheduler__/testing__/atomthreads_custom/ports/cortex-m/libopencm3/lib/libopencm3_stm32f4.a(usart_common_all.o)
                0x0000000008000e04                usart_set_baudrate
 .text.usart_set_databits
                0x0000000008000e34       0x12 /home/dl0/Documents/Stage_Recherche/Prog_/c-uart_stm32_integ/c-uart-interface_scheduler__/testing__/atomthreads_custom/ports/cortex-m/libopencm3/lib/libopencm3_stm32f4.a(usart_common_all.o)
                0x0000000008000e34                usart_set_databits
 .text.usart_set_stopbits
                0x0000000008000e46        0xc /home/dl0/Documents/Stage_Recherche/Prog_/c-uart_stm32_integ/c-uart-interface_scheduler__/testing__/atomthreads_custom/ports/cortex-m/libopencm3/lib/libopencm3_stm32f4.a(usart_common_all.o)
                0x0000000008000e46                usart_set_stopbits
 .text.usart_set_parity
                0x0000000008000e52        0xc /home/dl0/Documents/Stage_Recherche/Prog_/c-uart_stm32_integ/c-uart-interface_scheduler__/testing__/atomthreads_custom/ports/cortex-m/libopencm3/lib/libopencm3_stm32f4.a(usart_common_all.o)
                0x0000000008000e52                usart_set_parity
 .text.usart_set_mode
                0x0000000008000e5e        0xc /home/dl0/Documents/Stage_Recherche/Prog_/c-uart_stm32_integ/c-uart-interface_scheduler__/testing__/atomthreads_custom/ports/cortex-m/libopencm3/lib/libopencm3_stm32f4.a(usart_common_all.o)
                0x0000000008000e5e                usart_set_mode
 .text.usart_set_flow_control
                0x0000000008000e6a        0xc /home/dl0/Documents/Stage_Recherche/Prog_/c-uart_stm32_integ/c-uart-interface_scheduler__/testing__/atomthreads_custom/ports/cortex-m/libopencm3/lib/libopencm3_stm32f4.a(usart_common_all.o)
                0x0000000008000e6a                usart_set_flow_control
 .text.usart_enable
                0x0000000008000e76        0xa /home/dl0/Documents/Stage_Recherche/Prog_/c-uart_stm32_integ/c-uart-interface_scheduler__/testing__/atomthreads_custom/ports/cortex-m/libopencm3/lib/libopencm3_stm32f4.a(usart_common_all.o)
                0x0000000008000e76                usart_enable
 .text.usart_disable
                0x0000000008000e80        0xa /home/dl0/Documents/Stage_Recherche/Prog_/c-uart_stm32_integ/c-uart-interface_scheduler__/testing__/atomthreads_custom/ports/cortex-m/libopencm3/lib/libopencm3_stm32f4.a(usart_common_all.o)
                0x0000000008000e80                usart_disable
 .text.usart_send_blocking
                0x0000000008000e8a       0x16 /home/dl0/Documents/Stage_Recherche/Prog_/c-uart_stm32_integ/c-uart-interface_scheduler__/testing__/atomthreads_custom/ports/cortex-m/libopencm3/lib/libopencm3_stm32f4.a(usart_common_all.o)
                0x0000000008000e8a                usart_send_blocking
 .text.usart_recv_blocking
                0x0000000008000ea0       0x12 /home/dl0/Documents/Stage_Recherche/Prog_/c-uart_stm32_integ/c-uart-interface_scheduler__/testing__/atomthreads_custom/ports/cortex-m/libopencm3/lib/libopencm3_stm32f4.a(usart_common_all.o)
                0x0000000008000ea0                usart_recv_blocking
 .text.usart_send
                0x0000000008000eb2        0x8 /home/dl0/Documents/Stage_Recherche/Prog_/c-uart_stm32_integ/c-uart-interface_scheduler__/testing__/atomthreads_custom/ports/cortex-m/libopencm3/lib/libopencm3_stm32f4.a(usart_common_f124.o)
                0x0000000008000eb2                usart_send
 .text.usart_recv
                0x0000000008000eba        0x8 /home/dl0/Documents/Stage_Recherche/Prog_/c-uart_stm32_integ/c-uart-interface_scheduler__/testing__/atomthreads_custom/ports/cortex-m/libopencm3/lib/libopencm3_stm32f4.a(usart_common_f124.o)
                0x0000000008000eba                usart_recv
 .text.usart_wait_send_ready
                0x0000000008000ec2        0x8 /home/dl0/Documents/Stage_Recherche/Prog_/c-uart_stm32_integ/c-uart-interface_scheduler__/testing__/atomthreads_custom/ports/cortex-m/libopencm3/lib/libopencm3_stm32f4.a(usart_common_f124.o)
                0x0000000008000ec2                usart_wait_send_ready
 .text.usart_wait_recv_ready
                0x0000000008000eca        0x8 /home/dl0/Documents/Stage_Recherche/Prog_/c-uart_stm32_integ/c-uart-interface_scheduler__/testing__/atomthreads_custom/ports/cortex-m/libopencm3/lib/libopencm3_stm32f4.a(usart_common_f124.o)
                0x0000000008000eca                usart_wait_recv_ready
 .text.rcc_periph_clock_enable
                0x0000000008000ed2       0x1c /home/dl0/Documents/Stage_Recherche/Prog_/c-uart_stm32_integ/c-uart-interface_scheduler__/testing__/atomthreads_custom/ports/cortex-m/libopencm3/lib/libopencm3_stm32f4.a(rcc_common_all.o)
                0x0000000008000ed2                rcc_periph_clock_enable
 .text.blocking_handler
                0x0000000008000eee        0x2 /home/dl0/Documents/Stage_Recherche/Prog_/c-uart_stm32_integ/c-uart-interface_scheduler__/testing__/atomthreads_custom/ports/cortex-m/libopencm3/lib/libopencm3_stm32f4.a(vector.o)
                0x0000000008000eee                dma2_stream1_isr
                0x0000000008000eee                tim8_brk_tim12_isr
                0x0000000008000eee                dma1_stream7_isr
                0x0000000008000eee                usart3_isr
                0x0000000008000eee                tim7_isr
                0x0000000008000eee                dma2d_isr
                0x0000000008000eee                uart8_isr
                0x0000000008000eee                dma1_stream2_isr
                0x0000000008000eee                otg_hs_isr
                0x0000000008000eee                blocking_handler
                0x0000000008000eee                tim5_isr
                0x0000000008000eee                rtc_wkup_isr
                0x0000000008000eee                otg_fs_isr
                0x0000000008000eee                spi1_isr
                0x0000000008000eee                i2c3_er_isr
                0x0000000008000eee                exti2_isr
                0x0000000008000eee                spi5_isr
                0x0000000008000eee                usb_fs_wkup_isr
                0x0000000008000eee                tamp_stamp_isr
                0x0000000008000eee                can1_rx1_isr
                0x0000000008000eee                dma2_stream0_isr
                0x0000000008000eee                usart1_isr
                0x0000000008000eee                i2c3_ev_isr
                0x0000000008000eee                usage_fault_handler
                0x0000000008000eee                can2_rx0_isr
                0x0000000008000eee                dma1_stream6_isr
                0x0000000008000eee                can2_rx1_isr
                0x0000000008000eee                can1_sce_isr
                0x0000000008000eee                tim1_cc_isr
                0x0000000008000eee                can1_tx_isr
                0x0000000008000eee                tim1_up_tim10_isr
                0x0000000008000eee                sdio_isr
                0x0000000008000eee                eth_isr
                0x0000000008000eee                spi6_isr
                0x0000000008000eee                dma2_stream5_isr
                0x0000000008000eee                pvd_isr
                0x0000000008000eee                can1_rx0_isr
                0x0000000008000eee                rcc_isr
                0x0000000008000eee                dma2_stream3_isr
                0x0000000008000eee                flash_isr
                0x0000000008000eee                uart4_isr
                0x0000000008000eee                lcd_tft_isr
                0x0000000008000eee                rtc_alarm_isr
                0x0000000008000eee                exti15_10_isr
                0x0000000008000eee                hash_rng_isr
                0x0000000008000eee                tim1_trg_com_tim11_isr
                0x0000000008000eee                exti1_isr
                0x0000000008000eee                i2c1_ev_isr
                0x0000000008000eee                usart6_isr
                0x0000000008000eee                spi2_isr
                0x0000000008000eee                cryp_isr
                0x0000000008000eee                nvic_wwdg_isr
                0x0000000008000eee                dma1_stream1_isr
                0x0000000008000eee                dma2_stream4_isr
                0x0000000008000eee                exti3_isr
                0x0000000008000eee                tim3_isr
                0x0000000008000eee                usart2_isr
                0x0000000008000eee                sai1_isr
                0x0000000008000eee                fpu_isr
                0x0000000008000eee                dma1_stream4_isr
                0x0000000008000eee                i2c2_er_isr
                0x0000000008000eee                i2c2_ev_isr
                0x0000000008000eee                uart5_isr
                0x0000000008000eee                dma2_stream6_isr
                0x0000000008000eee                spi4_isr
                0x0000000008000eee                adc_isr
                0x0000000008000eee                dma2_stream7_isr
                0x0000000008000eee                tim8_up_tim13_isr
                0x0000000008000eee                fsmc_isr
                0x0000000008000eee                exti4_isr
                0x0000000008000eee                tim6_dac_isr
                0x0000000008000eee                dma1_stream3_isr
                0x0000000008000eee                tim8_trg_com_tim14_isr
                0x0000000008000eee                mem_manage_handler
                0x0000000008000eee                lcd_tft_err_isr
                0x0000000008000eee                can2_tx_isr
                0x0000000008000eee                exti9_5_isr
                0x0000000008000eee                tim1_brk_tim9_isr
                0x0000000008000eee                uart7_isr
                0x0000000008000eee                can2_sce_isr
                0x0000000008000eee                tim4_isr
                0x0000000008000eee                otg_hs_wkup_isr
                0x0000000008000eee                i2c1_er_isr
                0x0000000008000eee                dma1_stream0_isr
                0x0000000008000eee                tim8_cc_isr
                0x0000000008000eee                dcmi_isr
                0x0000000008000eee                dma2_stream2_isr
                0x0000000008000eee                eth_wkup_isr
                0x0000000008000eee                bus_fault_handler
                0x0000000008000eee                otg_hs_ep1_out_isr
                0x0000000008000eee                spi3_isr
                0x0000000008000eee                dma1_stream5_isr
                0x0000000008000eee                otg_hs_ep1_in_isr
                0x0000000008000eee                tim2_isr
                0x0000000008000eee                exti0_isr
 .text.null_handler
                0x0000000008000ef0        0x2 /home/dl0/Documents/Stage_Recherche/Prog_/c-uart_stm32_integ/c-uart-interface_scheduler__/testing__/atomthreads_custom/ports/cortex-m/libopencm3/lib/libopencm3_stm32f4.a(vector.o)
                0x0000000008000ef0                null_handler
                0x0000000008000ef0                sv_call_handler
                0x0000000008000ef0                debug_monitor_handler
 *fill*         0x0000000008000ef2        0x2 
 .text.reset_handler
                0x0000000008000ef4       0x98 /home/dl0/Documents/Stage_Recherche/Prog_/c-uart_stm32_integ/c-uart-interface_scheduler__/testing__/atomthreads_custom/ports/cortex-m/libopencm3/lib/libopencm3_stm32f4.a(vector.o)
                0x0000000008000ef4                reset_handler
 .text.systick_set_reload
                0x0000000008000f8c       0x10 /home/dl0/Documents/Stage_Recherche/Prog_/c-uart_stm32_integ/c-uart-interface_scheduler__/testing__/atomthreads_custom/ports/cortex-m/libopencm3/lib/libopencm3_stm32f4.a(systick.o)
                0x0000000008000f8c                systick_set_reload
 .text.systick_set_clocksource
                0x0000000008000f9c       0x18 /home/dl0/Documents/Stage_Recherche/Prog_/c-uart_stm32_integ/c-uart-interface_scheduler__/testing__/atomthreads_custom/ports/cortex-m/libopencm3/lib/libopencm3_stm32f4.a(systick.o)
                0x0000000008000f9c                systick_set_clocksource
 .text.systick_interrupt_enable
                0x0000000008000fb4       0x10 /home/dl0/Documents/Stage_Recherche/Prog_/c-uart_stm32_integ/c-uart-interface_scheduler__/testing__/atomthreads_custom/ports/cortex-m/libopencm3/lib/libopencm3_stm32f4.a(systick.o)
                0x0000000008000fb4                systick_interrupt_enable
 .text.systick_counter_enable
                0x0000000008000fc4       0x10 /home/dl0/Documents/Stage_Recherche/Prog_/c-uart_stm32_integ/c-uart-interface_scheduler__/testing__/atomthreads_custom/ports/cortex-m/libopencm3/lib/libopencm3_stm32f4.a(systick.o)
                0x0000000008000fc4                systick_counter_enable
 .text.nvic_set_priority
                0x0000000008000fd4       0x20 /home/dl0/Documents/Stage_Recherche/Prog_/c-uart_stm32_integ/c-uart-interface_scheduler__/testing__/atomthreads_custom/ports/cortex-m/libopencm3/lib/libopencm3_stm32f4.a(nvic.o)
                0x0000000008000fd4                nvic_set_priority
 .text.__dmb    0x0000000008000ff4        0x6 /home/dl0/Documents/Stage_Recherche/Prog_/c-uart_stm32_integ/c-uart-interface_scheduler__/testing__/atomthreads_custom/ports/cortex-m/libopencm3/lib/libopencm3_stm32f4.a(sync.o)
                0x0000000008000ff4                __dmb
 *fill*         0x0000000008000ffa        0x2 
 .text          0x0000000008000ffc        0xc /home/dl0/sat/lib/gcc/arm-none-eabi/5.3.0/../../../../arm-none-eabi/lib/thumb/cortex-m4/float-abi-hard/fpuv4-sp-d16/libc.a(lib_a-errno.o)
                0x0000000008000ffc                __errno
 .text          0x0000000008001008      0x134 /home/dl0/sat/lib/gcc/arm-none-eabi/5.3.0/../../../../arm-none-eabi/lib/thumb/cortex-m4/float-abi-hard/fpuv4-sp-d16/libc.a(lib_a-memcpy.o)
                0x0000000008001008                memcpy
 .text          0x000000000800113c       0x9c /home/dl0/sat/lib/gcc/arm-none-eabi/5.3.0/../../../../arm-none-eabi/lib/thumb/cortex-m4/float-abi-hard/fpuv4-sp-d16/libc.a(lib_a-memset.o)
                0x000000000800113c                memset
 .text          0x00000000080011d8       0x48 /home/dl0/sat/lib/gcc/arm-none-eabi/5.3.0/../../../../arm-none-eabi/lib/thumb/cortex-m4/float-abi-hard/fpuv4-sp-d16/libc.a(lib_a-printf.o)
                0x00000000080011d8                _printf_r
                0x00000000080011f8                printf
 .text          0x0000000008001220       0x6c /home/dl0/sat/lib/gcc/arm-none-eabi/5.3.0/../../../../arm-none-eabi/lib/thumb/cortex-m4/float-abi-hard/fpuv4-sp-d16/libc.a(lib_a-puts.o)
                0x0000000008001220                _puts_r
                0x000000000800127c                puts
 .text          0x000000000800128c       0x5c /home/dl0/sat/lib/gcc/arm-none-eabi/5.3.0/../../../../arm-none-eabi/lib/thumb/cortex-m4/float-abi-hard/fpuv4-sp-d16/libc.a(lib_a-strlen.o)
                0x000000000800128c                strlen
 .text          0x00000000080012e8     0x160c /home/dl0/sat/lib/gcc/arm-none-eabi/5.3.0/../../../../arm-none-eabi/lib/thumb/cortex-m4/float-abi-hard/fpuv4-sp-d16/libc.a(lib_a-vfprintf.o)
                0x00000000080012e8                _vfprintf_r
                0x0000000008002870                vfprintf
 .text          0x00000000080028f4       0xc4 /home/dl0/sat/lib/gcc/arm-none-eabi/5.3.0/../../../../arm-none-eabi/lib/thumb/cortex-m4/float-abi-hard/fpuv4-sp-d16/libc.a(lib_a-wsetup.o)
                0x00000000080028f4                __swsetup_r
 .text          0x00000000080029b8      0xf5c /home/dl0/sat/lib/gcc/arm-none-eabi/5.3.0/../../../../arm-none-eabi/lib/thumb/cortex-m4/float-abi-hard/fpuv4-sp-d16/libc.a(lib_a-dtoa.o)
                0x0000000008002ae0                _dtoa_r
 .text          0x0000000008003914      0x198 /home/dl0/sat/lib/gcc/arm-none-eabi/5.3.0/../../../../arm-none-eabi/lib/thumb/cortex-m4/float-abi-hard/fpuv4-sp-d16/libc.a(lib_a-fflush.o)
                0x0000000008003914                __sflush_r
                0x0000000008003a5c                _fflush_r
                0x0000000008003a88                fflush
 .text          0x0000000008003aac      0x210 /home/dl0/sat/lib/gcc/arm-none-eabi/5.3.0/../../../../arm-none-eabi/lib/thumb/cortex-m4/float-abi-hard/fpuv4-sp-d16/libc.a(lib_a-findfp.o)
                0x0000000008003ab0                _cleanup_r
                0x0000000008003bb0                __sfmoreglue
                0x0000000008003be0                __sfp
                0x0000000008003c68                _cleanup
                0x0000000008003c7c                __sinit
                0x0000000008003c84                __sfp_lock_acquire
                0x0000000008003c88                __sfp_lock_release
                0x0000000008003c8c                __sinit_lock_acquire
                0x0000000008003c90                __sinit_lock_release
                0x0000000008003c94                __fp_lock_all
                0x0000000008003ca8                __fp_unlock_all
 .text          0x0000000008003cbc      0x26c /home/dl0/sat/lib/gcc/arm-none-eabi/5.3.0/../../../../arm-none-eabi/lib/thumb/cortex-m4/float-abi-hard/fpuv4-sp-d16/libc.a(lib_a-freer.o)
                0x0000000008003cbc                _malloc_trim_r
                0x0000000008003d58                _free_r
 .text          0x0000000008003f28      0x300 /home/dl0/sat/lib/gcc/arm-none-eabi/5.3.0/../../../../arm-none-eabi/lib/thumb/cortex-m4/float-abi-hard/fpuv4-sp-d16/libc.a(lib_a-fvwrite.o)
                0x0000000008003f28                __sfvwrite_r
 .text          0x0000000008004228       0xa0 /home/dl0/sat/lib/gcc/arm-none-eabi/5.3.0/../../../../arm-none-eabi/lib/thumb/cortex-m4/float-abi-hard/fpuv4-sp-d16/libc.a(lib_a-fwalk.o)
                0x0000000008004228                _fwalk
                0x0000000008004274                _fwalk_reent
 .text          0x00000000080042c8       0x80 /home/dl0/sat/lib/gcc/arm-none-eabi/5.3.0/../../../../arm-none-eabi/lib/thumb/cortex-m4/float-abi-hard/fpuv4-sp-d16/libc.a(lib_a-locale.o)
                0x00000000080042c8                _setlocale_r
                0x0000000008004308                __locale_charset
                0x0000000008004310                __locale_mb_cur_max
                0x000000000800431c                __locale_msgcharset
                0x0000000008004324                __locale_cjk_lang
                0x0000000008004328                _localeconv_r
                0x0000000008004330                setlocale
                0x0000000008004340                localeconv
 .text          0x0000000008004348       0xe0 /home/dl0/sat/lib/gcc/arm-none-eabi/5.3.0/../../../../arm-none-eabi/lib/thumb/cortex-m4/float-abi-hard/fpuv4-sp-d16/libc.a(lib_a-makebuf.o)
                0x0000000008004348                __smakebuf_r
 .text          0x0000000008004428      0x56c /home/dl0/sat/lib/gcc/arm-none-eabi/5.3.0/../../../../arm-none-eabi/lib/thumb/cortex-m4/float-abi-hard/fpuv4-sp-d16/libc.a(lib_a-mallocr.o)
                0x0000000008004428                _malloc_r
 .text          0x0000000008004994       0x88 /home/dl0/sat/lib/gcc/arm-none-eabi/5.3.0/../../../../arm-none-eabi/lib/thumb/cortex-m4/float-abi-hard/fpuv4-sp-d16/libc.a(lib_a-memchr.o)
                0x0000000008004994                memchr
 .text          0x0000000008004a1c       0xc8 /home/dl0/sat/lib/gcc/arm-none-eabi/5.3.0/../../../../arm-none-eabi/lib/thumb/cortex-m4/float-abi-hard/fpuv4-sp-d16/libc.a(lib_a-memmove.o)
                0x0000000008004a1c                memmove
 .text          0x0000000008004ae4        0x8 /home/dl0/sat/lib/gcc/arm-none-eabi/5.3.0/../../../../arm-none-eabi/lib/thumb/cortex-m4/float-abi-hard/fpuv4-sp-d16/libc.a(lib_a-mlock.o)
                0x0000000008004ae4                __malloc_lock
                0x0000000008004ae8                __malloc_unlock
 .text          0x0000000008004aec      0x920 /home/dl0/sat/lib/gcc/arm-none-eabi/5.3.0/../../../../arm-none-eabi/lib/thumb/cortex-m4/float-abi-hard/fpuv4-sp-d16/libc.a(lib_a-mprec.o)
                0x0000000008004aec                _Balloc
                0x0000000008004b38                _Bfree
                0x0000000008004b4c                __multadd
                0x0000000008004bcc                __s2b
                0x0000000008004c64                __hi0bits
                0x0000000008004ca4                __lo0bits
                0x0000000008004d00                __i2b
                0x0000000008004d14                __multiply
                0x0000000008004e44                __pow5mult
                0x0000000008004ee4                __lshift
                0x0000000008004f94                __mcmp
                0x0000000008004fd8                __mdiff
                0x00000000080050ec                __ulp
                0x0000000008005140                __b2d
                0x0000000008005210                __d2b
                0x00000000080052cc                __ratio
                0x000000000800532c                _mprec_log10
                0x0000000008005364                __copybits
                0x00000000080053ac                __any_on
 .text          0x000000000800540c      0x3e0 /home/dl0/sat/lib/gcc/arm-none-eabi/5.3.0/../../../../arm-none-eabi/lib/thumb/cortex-m4/float-abi-hard/fpuv4-sp-d16/libc.a(lib_a-reallocr.o)
                0x000000000800540c                _realloc_r
 .text          0x00000000080057ec       0x24 /home/dl0/sat/lib/gcc/arm-none-eabi/5.3.0/../../../../arm-none-eabi/lib/thumb/cortex-m4/float-abi-hard/fpuv4-sp-d16/libc.a(lib_a-sbrkr.o)
                0x00000000080057ec                _sbrk_r
 .text          0x0000000008005810       0x5c /home/dl0/sat/lib/gcc/arm-none-eabi/5.3.0/../../../../arm-none-eabi/lib/thumb/cortex-m4/float-abi-hard/fpuv4-sp-d16/libc.a(lib_a-s_fpclassify.o)
                0x0000000008005810                __fpclassifyd
 .text          0x000000000800586c       0x88 /home/dl0/sat/lib/gcc/arm-none-eabi/5.3.0/../../../../arm-none-eabi/lib/thumb/cortex-m4/float-abi-hard/fpuv4-sp-d16/libc.a(lib_a-stdio.o)
                0x000000000800586c                __sread
                0x0000000008005890                __seofread
                0x0000000008005894                __swrite
                0x00000000080058cc                __sseek
                0x00000000080058ec                __sclose
 *fill*         0x00000000080058f4        0xc 
 .text          0x0000000008005900      0x2dc /home/dl0/sat/lib/gcc/arm-none-eabi/5.3.0/../../../../arm-none-eabi/lib/thumb/cortex-m4/float-abi-hard/fpuv4-sp-d16/libc.a(lib_a-strcmp.o)
                0x0000000008005908                strcmp
 .text          0x0000000008005bdc      0xd7c /home/dl0/sat/lib/gcc/arm-none-eabi/5.3.0/../../../../arm-none-eabi/lib/thumb/cortex-m4/float-abi-hard/fpuv4-sp-d16/libc.a(lib_a-vfiprintf.o)
                0x0000000008005c54                __sprint_r
                0x0000000008005c68                _vfiprintf_r
                0x00000000080068d4                vfiprintf
 .text          0x0000000008006958       0x2c /home/dl0/sat/lib/gcc/arm-none-eabi/5.3.0/../../../../arm-none-eabi/lib/thumb/cortex-m4/float-abi-hard/fpuv4-sp-d16/libc.a(lib_a-writer.o)
                0x0000000008006958                _write_r
 .text          0x0000000008006984       0x60 /home/dl0/sat/lib/gcc/arm-none-eabi/5.3.0/../../../../arm-none-eabi/lib/thumb/cortex-m4/float-abi-hard/fpuv4-sp-d16/libc.a(lib_a-callocr.o)
                0x0000000008006984                _calloc_r
 .text          0x00000000080069e4       0x24 /home/dl0/sat/lib/gcc/arm-none-eabi/5.3.0/../../../../arm-none-eabi/lib/thumb/cortex-m4/float-abi-hard/fpuv4-sp-d16/libc.a(lib_a-closer.o)
                0x00000000080069e4                _close_r
 .text          0x0000000008006a08       0x94 /home/dl0/sat/lib/gcc/arm-none-eabi/5.3.0/../../../../arm-none-eabi/lib/thumb/cortex-m4/float-abi-hard/fpuv4-sp-d16/libc.a(lib_a-fclose.o)
                0x0000000008006a08                _fclose_r
                0x0000000008006a8c                fclose
 .text          0x0000000008006a9c      0x114 /home/dl0/sat/lib/gcc/arm-none-eabi/5.3.0/../../../../arm-none-eabi/lib/thumb/cortex-m4/float-abi-hard/fpuv4-sp-d16/libc.a(lib_a-fputwc.o)
                0x0000000008006a9c                __fputwc
                0x0000000008006b4c                _fputwc_r
                0x0000000008006b70                fputwc
 .text          0x0000000008006bb0       0x28 /home/dl0/sat/lib/gcc/arm-none-eabi/5.3.0/../../../../arm-none-eabi/lib/thumb/cortex-m4/float-abi-hard/fpuv4-sp-d16/libc.a(lib_a-fstatr.o)
                0x0000000008006bb0                _fstat_r
 .text          0x0000000008006bd8       0x24 /home/dl0/sat/lib/gcc/arm-none-eabi/5.3.0/../../../../arm-none-eabi/lib/thumb/cortex-m4/float-abi-hard/fpuv4-sp-d16/libc.a(lib_a-isattyr.o)
                0x0000000008006bd8                _isatty_r
 .text          0x0000000008006bfc       0x2c /home/dl0/sat/lib/gcc/arm-none-eabi/5.3.0/../../../../arm-none-eabi/lib/thumb/cortex-m4/float-abi-hard/fpuv4-sp-d16/libc.a(lib_a-lseekr.o)
                0x0000000008006bfc                _lseek_r
 .text          0x0000000008006c28       0x2c /home/dl0/sat/lib/gcc/arm-none-eabi/5.3.0/../../../../arm-none-eabi/lib/thumb/cortex-m4/float-abi-hard/fpuv4-sp-d16/libc.a(lib_a-readr.o)
                0x0000000008006c28                _read_r
 .text          0x0000000008006c54       0xb8 /home/dl0/sat/lib/gcc/arm-none-eabi/5.3.0/../../../../arm-none-eabi/lib/thumb/cortex-m4/float-abi-hard/fpuv4-sp-d16/libc.a(lib_a-wbuf.o)
                0x0000000008006c54                __swbuf_r
                0x0000000008006cfc                __swbuf
 .text          0x0000000008006d0c       0xac /home/dl0/sat/lib/gcc/arm-none-eabi/5.3.0/../../../../arm-none-eabi/lib/thumb/cortex-m4/float-abi-hard/fpuv4-sp-d16/libc.a(lib_a-wcrtomb.o)
                0x0000000008006d0c                _wcrtomb_r
                0x0000000008006d60                wcrtomb
 .text          0x0000000008006db8       0x4c /home/dl0/sat/lib/gcc/arm-none-eabi/5.3.0/../../../../arm-none-eabi/lib/thumb/cortex-m4/float-abi-hard/fpuv4-sp-d16/libc.a(lib_a-wctomb_r.o)
                0x0000000008006db8                __ascii_wctomb
                0x0000000008006dd4                _wctomb_r
 .text          0x0000000008006e04      0x370 /home/dl0/sat/lib/gcc/arm-none-eabi/5.3.0/thumb/cortex-m4/float-abi-hard/fpuv4-sp-d16/libgcc.a(_arm_addsubdf3.o)
                0x0000000008006e04                __aeabi_drsub
                0x0000000008006e0c                __aeabi_dsub
                0x0000000008006e0c                __subdf3
                0x0000000008006e10                __adddf3
                0x0000000008006e10                __aeabi_dadd
                0x0000000008007088                __aeabi_ui2d
                0x0000000008007088                __floatunsidf
                0x00000000080070a8                __floatsidf
                0x00000000080070a8                __aeabi_i2d
                0x00000000080070cc                __extendsfdf2
                0x00000000080070cc                __aeabi_f2d
                0x0000000008007108                __aeabi_ul2d
                0x0000000008007108                __floatundidf
                0x0000000008007118                __floatdidf
                0x0000000008007118                __aeabi_l2d
 .text          0x0000000008007174      0x424 /home/dl0/sat/lib/gcc/arm-none-eabi/5.3.0/thumb/cortex-m4/float-abi-hard/fpuv4-sp-d16/libgcc.a(_arm_muldivdf3.o)
                0x0000000008007174                __aeabi_dmul
                0x0000000008007174                __muldf3
                0x00000000080073c8                __aeabi_ddiv
                0x00000000080073c8                __divdf3
 .text          0x0000000008007598      0x110 /home/dl0/sat/lib/gcc/arm-none-eabi/5.3.0/thumb/cortex-m4/float-abi-hard/fpuv4-sp-d16/libgcc.a(_arm_cmpdf2.o)
                0x0000000008007598                __gtdf2
                0x0000000008007598                __gedf2
                0x00000000080075a0                __ltdf2
                0x00000000080075a0                __ledf2
                0x00000000080075a8                __cmpdf2
                0x00000000080075a8                __eqdf2
                0x00000000080075a8                __nedf2
                0x0000000008007624                __aeabi_cdrcmple
                0x0000000008007634                __aeabi_cdcmple
                0x0000000008007634                __aeabi_cdcmpeq
                0x0000000008007644                __aeabi_dcmpeq
                0x0000000008007658                __aeabi_dcmplt
                0x000000000800766c                __aeabi_dcmple
                0x0000000008007680                __aeabi_dcmpge
                0x0000000008007694                __aeabi_dcmpgt
 .text          0x00000000080076a8       0x50 /home/dl0/sat/lib/gcc/arm-none-eabi/5.3.0/thumb/cortex-m4/float-abi-hard/fpuv4-sp-d16/libgcc.a(_arm_fixdfsi.o)
                0x00000000080076a8                __fixdfsi
                0x00000000080076a8                __aeabi_d2iz
                0x00000000080076f8                . = ALIGN (0x4)
 *(.rodata*)
 .rodata.str1.1
                0x00000000080076f8       0x3c /home/dl0/Documents/Stage_Recherche/Prog_/c-uart_stm32_integ/c-uart-interface_scheduler__/testing__/atomthreads_custom/ports/cortex-m/build/tests-main.o
 .rodata.str1.1
                0x0000000008007734        0x2 /home/dl0/Documents/Stage_Recherche/Prog_/c-uart_stm32_integ/c-uart-interface_scheduler__/testing__/atomthreads_custom/ports/cortex-m/build/atomport.o
 .rodata.str1.1
                0x0000000008007736       0xb8 /home/dl0/Documents/Stage_Recherche/Prog_/c-uart_stm32_integ/c-uart-interface_scheduler__/testing__/atomthreads_custom/ports/cortex-m/build/sem9.o
 *fill*         0x00000000080077ee        0x2 
 .rodata        0x00000000080077f0        0x4 /home/dl0/sat/lib/gcc/arm-none-eabi/5.3.0/../../../../arm-none-eabi/lib/thumb/cortex-m4/float-abi-hard/fpuv4-sp-d16/libc.a(lib_a-impure.o)
                0x00000000080077f0                _global_impure_ptr
 .rodata.str1.4
                0x00000000080077f4        0x2 /home/dl0/sat/lib/gcc/arm-none-eabi/5.3.0/../../../../arm-none-eabi/lib/thumb/cortex-m4/float-abi-hard/fpuv4-sp-d16/libc.a(lib_a-impure.o)
 *fill*         0x00000000080077f6        0x2 
 .rodata.str1.4
                0x00000000080077f8        0x2 /home/dl0/sat/lib/gcc/arm-none-eabi/5.3.0/../../../../arm-none-eabi/lib/thumb/cortex-m4/float-abi-hard/fpuv4-sp-d16/libc.a(lib_a-puts.o)
 *fill*         0x00000000080077fa        0x2 
 .rodata        0x00000000080077fc       0x20 /home/dl0/sat/lib/gcc/arm-none-eabi/5.3.0/../../../../arm-none-eabi/lib/thumb/cortex-m4/float-abi-hard/fpuv4-sp-d16/libc.a(lib_a-vfprintf.o)
 .rodata.str1.4
                0x000000000800781c       0x42 /home/dl0/sat/lib/gcc/arm-none-eabi/5.3.0/../../../../arm-none-eabi/lib/thumb/cortex-m4/float-abi-hard/fpuv4-sp-d16/libc.a(lib_a-vfprintf.o)
 *fill*         0x000000000800785e        0x2 
 .rodata.str1.4
                0x0000000008007860       0x10 /home/dl0/sat/lib/gcc/arm-none-eabi/5.3.0/../../../../arm-none-eabi/lib/thumb/cortex-m4/float-abi-hard/fpuv4-sp-d16/libc.a(lib_a-dtoa.o)
                                         0x12 (size before relaxing)
 .rodata.str1.4
                0x0000000008007870        0xc /home/dl0/sat/lib/gcc/arm-none-eabi/5.3.0/../../../../arm-none-eabi/lib/thumb/cortex-m4/float-abi-hard/fpuv4-sp-d16/libc.a(lib_a-locale.o)
                                         0x12 (size before relaxing)
 *fill*         0x000000000800787c        0x4 
 .rodata        0x0000000008007880      0x128 /home/dl0/sat/lib/gcc/arm-none-eabi/5.3.0/../../../../arm-none-eabi/lib/thumb/cortex-m4/float-abi-hard/fpuv4-sp-d16/libc.a(lib_a-mprec.o)
                0x0000000008007890                __mprec_tens
                0x0000000008007958                __mprec_tinytens
                0x0000000008007980                __mprec_bigtens
 .rodata        0x00000000080079a8       0x20 /home/dl0/sat/lib/gcc/arm-none-eabi/5.3.0/../../../../arm-none-eabi/lib/thumb/cortex-m4/float-abi-hard/fpuv4-sp-d16/libc.a(lib_a-vfiprintf.o)
 .rodata.str1.4
                0x00000000080079c8       0x2f /home/dl0/sat/lib/gcc/arm-none-eabi/5.3.0/../../../../arm-none-eabi/lib/thumb/cortex-m4/float-abi-hard/fpuv4-sp-d16/libc.a(lib_a-vfiprintf.o)
                0x00000000080079f8                . = ALIGN (0x4)

.glue_7         0x00000000080079c8        0x0
 .glue_7        0x00000000080079c8        0x0 linker stubs

.glue_7t        0x00000000080079c8        0x0
 .glue_7t       0x00000000080079c8        0x0 linker stubs

.vfp11_veneer   0x00000000080079c8        0x0
 .vfp11_veneer  0x00000000080079c8        0x0 linker stubs

.v4_bx          0x00000000080079c8        0x0
 .v4_bx         0x00000000080079c8        0x0 linker stubs

.iplt           0x00000000080079c8        0x0
 .iplt          0x00000000080079c8        0x0 /home/dl0/Documents/Stage_Recherche/Prog_/c-uart_stm32_integ/c-uart-interface_scheduler__/testing__/atomthreads_custom/ports/cortex-m/build/tests-main.o

.rel.dyn        0x00000000080079c8        0x0
 .rel.iplt      0x00000000080079c8        0x0 /home/dl0/Documents/Stage_Recherche/Prog_/c-uart_stm32_integ/c-uart-interface_scheduler__/testing__/atomthreads_custom/ports/cortex-m/build/tests-main.o

.preinit_array  0x00000000080079c8        0x0
                0x00000000080079c8                . = ALIGN (0x4)
                0x00000000080079c8                __preinit_array_start = .
 *(.preinit_array)
                0x00000000080079c8                __preinit_array_end = .

.init_array     0x00000000080079c8        0x0
                0x00000000080079c8                . = ALIGN (0x4)
                0x00000000080079c8                __init_array_start = .
 *(SORT(.init_array.*))
 *(.init_array)
                0x00000000080079c8                __init_array_end = .

.fini_array     0x00000000080079c8        0x0
                0x00000000080079c8                . = ALIGN (0x4)
                0x00000000080079c8                __fini_array_start = .
 *(.fini_array)
 *(SORT(.fini_array.*))
                0x00000000080079c8                __fini_array_end = .

.ARM.extab
 *(.ARM.extab*)

.ARM.exidx      0x00000000080079c8        0x0
                0x00000000080079c8                __exidx_start = .
 *(.ARM.exidx*)
                0x00000000080079c8                __exidx_end = .
                0x00000000080079c8                . = ALIGN (0x4)
                0x00000000080079c8                _etext = .

.data           0x0000000020000000      0x8c8 load address 0x00000000080079c8
                0x0000000020000000                _data = .
 *(.data*)
 .data.rcc_apb1_frequency
                0x0000000020000000        0x4 /home/dl0/Documents/Stage_Recherche/Prog_/c-uart_stm32_integ/c-uart-interface_scheduler__/testing__/atomthreads_custom/ports/cortex-m/libopencm3/lib/libopencm3_stm32f4.a(rcc.o)
                0x0000000020000000                rcc_apb1_frequency
 .data.rcc_apb2_frequency
                0x0000000020000004        0x4 /home/dl0/Documents/Stage_Recherche/Prog_/c-uart_stm32_integ/c-uart-interface_scheduler__/testing__/atomthreads_custom/ports/cortex-m/libopencm3/lib/libopencm3_stm32f4.a(rcc.o)
                0x0000000020000004                rcc_apb2_frequency
 .data          0x0000000020000008      0x430 /home/dl0/sat/lib/gcc/arm-none-eabi/5.3.0/../../../../arm-none-eabi/lib/thumb/cortex-m4/float-abi-hard/fpuv4-sp-d16/libc.a(lib_a-impure.o)
                0x0000000020000008                _impure_ptr
 .data          0x0000000020000438       0x7c /home/dl0/sat/lib/gcc/arm-none-eabi/5.3.0/../../../../arm-none-eabi/lib/thumb/cortex-m4/float-abi-hard/fpuv4-sp-d16/libc.a(lib_a-locale.o)
                0x0000000020000458                __mb_cur_max
 .data          0x00000000200004b4      0x410 /home/dl0/sat/lib/gcc/arm-none-eabi/5.3.0/../../../../arm-none-eabi/lib/thumb/cortex-m4/float-abi-hard/fpuv4-sp-d16/libc.a(lib_a-mallocr.o)
                0x00000000200004b4                __malloc_av_
                0x00000000200008bc                __malloc_sbrk_base
                0x00000000200008c0                __malloc_trim_threshold
 .data          0x00000000200008c4        0x4 /home/dl0/sat/lib/gcc/arm-none-eabi/5.3.0/../../../../arm-none-eabi/lib/thumb/cortex-m4/float-abi-hard/fpuv4-sp-d16/libc.a(lib_a-wctomb_r.o)
                0x00000000200008c4                __wctomb
                0x00000000200008c8                . = ALIGN (0x4)
                0x00000000200008c8                _edata = .
                0x00000000080079c8                _data_loadaddr = LOADADDR (.data)

.igot.plt       0x00000000200008c8        0x0 load address 0x0000000008008290
 .igot.plt      0x00000000200008c8        0x0 /home/dl0/Documents/Stage_Recherche/Prog_/c-uart_stm32_integ/c-uart-interface_scheduler__/testing__/atomthreads_custom/ports/cortex-m/build/tests-main.o

.bss            0x00000000200008c8     0x2808 load address 0x0000000008008290
 *(.bss*)
 .bss.main_thread_stack
                0x00000000200008c8      0x400 /home/dl0/Documents/Stage_Recherche/Prog_/c-uart_stm32_integ/c-uart-interface_scheduler__/testing__/atomthreads_custom/ports/cortex-m/build/tests-main.o
 .bss.idle_thread_stack
                0x0000000020000cc8      0x200 /home/dl0/Documents/Stage_Recherche/Prog_/c-uart_stm32_integ/c-uart-interface_scheduler__/testing__/atomthreads_custom/ports/cortex-m/build/tests-main.o
 .bss.main_tcb  0x0000000020000ec8      0x450 /home/dl0/Documents/Stage_Recherche/Prog_/c-uart_stm32_integ/c-uart-interface_scheduler__/testing__/atomthreads_custom/ports/cortex-m/build/tests-main.o
 .bss.heap_end  0x0000000020001318        0x4 /home/dl0/Documents/Stage_Recherche/Prog_/c-uart_stm32_integ/c-uart-interface_scheduler__/testing__/atomthreads_custom/ports/cortex-m/build/stubs.o
 .bss.CTX_SW_NFO
                0x000000002000131c        0xc /home/dl0/Documents/Stage_Recherche/Prog_/c-uart_stm32_integ/c-uart-interface_scheduler__/testing__/atomthreads_custom/ports/cortex-m/build/atomport.o
                0x000000002000131c                CTX_SW_NFO
 .bss.tcbReadyQ
                0x0000000020001328        0x4 /home/dl0/Documents/Stage_Recherche/Prog_/c-uart_stm32_integ/c-uart-interface_scheduler__/testing__/atomthreads_custom/ports/cortex-m/build/atomkernel.o
                0x0000000020001328                tcbReadyQ
 .bss.atomOSStarted
                0x000000002000132c        0x1 /home/dl0/Documents/Stage_Recherche/Prog_/c-uart_stm32_integ/c-uart-interface_scheduler__/testing__/atomthreads_custom/ports/cortex-m/build/atomkernel.o
                0x000000002000132c                atomOSStarted
 *fill*         0x000000002000132d        0x3 
 .bss.idle_tcb  0x0000000020001330      0x450 /home/dl0/Documents/Stage_Recherche/Prog_/c-uart_stm32_integ/c-uart-interface_scheduler__/testing__/atomthreads_custom/ports/cortex-m/build/atomkernel.o
 .bss.atomIntCnt
                0x0000000020001780        0x4 /home/dl0/Documents/Stage_Recherche/Prog_/c-uart_stm32_integ/c-uart-interface_scheduler__/testing__/atomthreads_custom/ports/cortex-m/build/atomkernel.o
 .bss.curr_tcb  0x0000000020001784        0x4 /home/dl0/Documents/Stage_Recherche/Prog_/c-uart_stm32_integ/c-uart-interface_scheduler__/testing__/atomthreads_custom/ports/cortex-m/build/atomkernel.o
 .bss.timer_queue
                0x0000000020001788        0x4 /home/dl0/Documents/Stage_Recherche/Prog_/c-uart_stm32_integ/c-uart-interface_scheduler__/testing__/atomthreads_custom/ports/cortex-m/build/atomtimer.o
 .bss.system_ticks
                0x000000002000178c        0x4 /home/dl0/Documents/Stage_Recherche/Prog_/c-uart_stm32_integ/c-uart-interface_scheduler__/testing__/atomthreads_custom/ports/cortex-m/build/atomtimer.o
 .bss.pass_flag
                0x0000000020001790        0xc /home/dl0/Documents/Stage_Recherche/Prog_/c-uart_stm32_integ/c-uart-interface_scheduler__/testing__/atomthreads_custom/ports/cortex-m/build/sem9.o
 *fill*         0x000000002000179c        0x4 
 .bss.tcb       0x00000000200017a0      0xcf0 /home/dl0/Documents/Stage_Recherche/Prog_/c-uart_stm32_integ/c-uart-interface_scheduler__/testing__/atomthreads_custom/ports/cortex-m/build/sem9.o
 .bss.test_thread_stack
                0x0000000020002490      0xc00 /home/dl0/Documents/Stage_Recherche/Prog_/c-uart_stm32_integ/c-uart-interface_scheduler__/testing__/atomthreads_custom/ports/cortex-m/build/sem9.o
 .bss.sem1      0x0000000020003090        0x8 /home/dl0/Documents/Stage_Recherche/Prog_/c-uart_stm32_integ/c-uart-interface_scheduler__/testing__/atomthreads_custom/ports/cortex-m/build/sem9.o
 .bss           0x0000000020003098       0x34 /home/dl0/sat/lib/gcc/arm-none-eabi/5.3.0/../../../../arm-none-eabi/lib/thumb/cortex-m4/float-abi-hard/fpuv4-sp-d16/libc.a(lib_a-mallocr.o)
                0x0000000020003098                __malloc_top_pad
                0x000000002000309c                __malloc_current_mallinfo
                0x00000000200030c4                __malloc_max_sbrked_mem
                0x00000000200030c8                __malloc_max_total_mem
 *(COMMON)
 COMMON         0x00000000200030cc        0x4 /home/dl0/sat/lib/gcc/arm-none-eabi/5.3.0/../../../../arm-none-eabi/lib/thumb/cortex-m4/float-abi-hard/fpuv4-sp-d16/libc.a(lib_a-reent.o)
                0x00000000200030cc                errno
                0x00000000200030d0                . = ALIGN (0x4)
                0x00000000200030d0                _ebss = .

/DISCARD/
 *(.eh_frame)
                0x00000000200030d0                . = ALIGN (0x4)
                0x00000000200030d0                end = .
                0x0000000020020000                PROVIDE (_stack, (ORIGIN (ram) + LENGTH (ram)))
OUTPUT(/home/dl0/Documents/Stage_Recherche/Prog_/c-uart_stm32_integ/c-uart-interface_scheduler__/testing__/atomthreads_custom/ports/cortex-m/build/sem9.elf elf32-littlearm)

.debug_info     0x0000000000000000    0x21dee
 .debug_info    0x0000000000000000      0xc44 /home/dl0/Documents/Stage_Recherche/Prog_/c-uart_stm32_integ/c-uart-interface_scheduler__/testing__/atomthreads_custom/ports/cortex-m/build/tests-main.o
 .debug_info    0x0000000000000c44      0x8b0 /home/dl0/Documents/Stage_Recherche/Prog_/c-uart_stm32_integ/c-uart-interface_scheduler__/testing__/atomthreads_custom/ports/cortex-m/build/board_setup.o
 .debug_info    0x00000000000014f4      0x4fe /home/dl0/Documents/Stage_Recherche/Prog_/c-uart_stm32_integ/c-uart-interface_scheduler__/testing__/atomthreads_custom/ports/cortex-m/build/stubs.o
 .debug_info    0x00000000000019f2      0x1d8 /home/dl0/Documents/Stage_Recherche/Prog_/c-uart_stm32_integ/c-uart-interface_scheduler__/testing__/atomthreads_custom/ports/cortex-m/build/stm32_con.o
 .debug_info    0x0000000000001bca      0xce2 /home/dl0/Documents/Stage_Recherche/Prog_/c-uart_stm32_integ/c-uart-interface_scheduler__/testing__/atomthreads_custom/ports/cortex-m/build/atomport.o
 .debug_info    0x00000000000028ac      0x141 /home/dl0/Documents/Stage_Recherche/Prog_/c-uart_stm32_integ/c-uart-interface_scheduler__/testing__/atomthreads_custom/ports/cortex-m/build/atomport-asm.o
 .debug_info    0x00000000000029ed     0x1196 /home/dl0/Documents/Stage_Recherche/Prog_/c-uart_stm32_integ/c-uart-interface_scheduler__/testing__/atomthreads_custom/ports/cortex-m/build/atomkernel.o
 .debug_info    0x0000000000003b83     0x10e4 /home/dl0/Documents/Stage_Recherche/Prog_/c-uart_stm32_integ/c-uart-interface_scheduler__/testing__/atomthreads_custom/ports/cortex-m/build/atomsem.o
 .debug_info    0x0000000000004c67      0xebc /home/dl0/Documents/Stage_Recherche/Prog_/c-uart_stm32_integ/c-uart-interface_scheduler__/testing__/atomthreads_custom/ports/cortex-m/build/atomtimer.o
 .debug_info    0x0000000000005b23      0xcb0 /home/dl0/Documents/Stage_Recherche/Prog_/c-uart_stm32_integ/c-uart-interface_scheduler__/testing__/atomthreads_custom/ports/cortex-m/build/sem9.o
 .debug_info    0x00000000000067d3      0x22c /home/dl0/Documents/Stage_Recherche/Prog_/c-uart_stm32_integ/c-uart-interface_scheduler__/testing__/atomthreads_custom/ports/cortex-m/libopencm3/lib/libopencm3_stm32f4.a(gpio_common_all.o)
 .debug_info    0x00000000000069ff      0x1eb /home/dl0/Documents/Stage_Recherche/Prog_/c-uart_stm32_integ/c-uart-interface_scheduler__/testing__/atomthreads_custom/ports/cortex-m/libopencm3/lib/libopencm3_stm32f4.a(gpio_common_f0234.o)
 .debug_info    0x0000000000006bea      0x4cf /home/dl0/Documents/Stage_Recherche/Prog_/c-uart_stm32_integ/c-uart-interface_scheduler__/testing__/atomthreads_custom/ports/cortex-m/libopencm3/lib/libopencm3_stm32f4.a(usart_common_all.o)
 .debug_info    0x00000000000070b9      0x1bb /home/dl0/Documents/Stage_Recherche/Prog_/c-uart_stm32_integ/c-uart-interface_scheduler__/testing__/atomthreads_custom/ports/cortex-m/libopencm3/lib/libopencm3_stm32f4.a(usart_common_f124.o)
 .debug_info    0x0000000000007274      0x7cc /home/dl0/Documents/Stage_Recherche/Prog_/c-uart_stm32_integ/c-uart-interface_scheduler__/testing__/atomthreads_custom/ports/cortex-m/libopencm3/lib/libopencm3_stm32f4.a(rcc_common_all.o)
 .debug_info    0x0000000000007a40      0x2b3 /home/dl0/Documents/Stage_Recherche/Prog_/c-uart_stm32_integ/c-uart-interface_scheduler__/testing__/atomthreads_custom/ports/cortex-m/libopencm3/lib/libopencm3_stm32f4.a(vector.o)
 .debug_info    0x0000000000007cf3      0x255 /home/dl0/Documents/Stage_Recherche/Prog_/c-uart_stm32_integ/c-uart-interface_scheduler__/testing__/atomthreads_custom/ports/cortex-m/libopencm3/lib/libopencm3_stm32f4.a(systick.o)
 .debug_info    0x0000000000007f48      0x214 /home/dl0/Documents/Stage_Recherche/Prog_/c-uart_stm32_integ/c-uart-interface_scheduler__/testing__/atomthreads_custom/ports/cortex-m/libopencm3/lib/libopencm3_stm32f4.a(nvic.o)
 .debug_info    0x000000000000815c      0x26e /home/dl0/Documents/Stage_Recherche/Prog_/c-uart_stm32_integ/c-uart-interface_scheduler__/testing__/atomthreads_custom/ports/cortex-m/libopencm3/lib/libopencm3_stm32f4.a(sync.o)
 .debug_info    0x00000000000083ca      0x7fd /home/dl0/Documents/Stage_Recherche/Prog_/c-uart_stm32_integ/c-uart-interface_scheduler__/testing__/atomthreads_custom/ports/cortex-m/libopencm3/lib/libopencm3_stm32f4.a(rcc.o)
 .debug_info    0x0000000000008bc7      0x890 /home/dl0/sat/lib/gcc/arm-none-eabi/5.3.0/../../../../arm-none-eabi/lib/thumb/cortex-m4/float-abi-hard/fpuv4-sp-d16/libc.a(lib_a-errno.o)
 .debug_info    0x0000000000009457      0x89b /home/dl0/sat/lib/gcc/arm-none-eabi/5.3.0/../../../../arm-none-eabi/lib/thumb/cortex-m4/float-abi-hard/fpuv4-sp-d16/libc.a(lib_a-impure.o)
 .debug_info    0x0000000000009cf2       0xf4 /home/dl0/sat/lib/gcc/arm-none-eabi/5.3.0/../../../../arm-none-eabi/lib/thumb/cortex-m4/float-abi-hard/fpuv4-sp-d16/libc.a(lib_a-memcpy.o)
 .debug_info    0x0000000000009de6      0x11e /home/dl0/sat/lib/gcc/arm-none-eabi/5.3.0/../../../../arm-none-eabi/lib/thumb/cortex-m4/float-abi-hard/fpuv4-sp-d16/libc.a(lib_a-memset.o)
 .debug_info    0x0000000000009f04      0x98d /home/dl0/sat/lib/gcc/arm-none-eabi/5.3.0/../../../../arm-none-eabi/lib/thumb/cortex-m4/float-abi-hard/fpuv4-sp-d16/libc.a(lib_a-printf.o)
 .debug_info    0x000000000000a891      0x9f5 /home/dl0/sat/lib/gcc/arm-none-eabi/5.3.0/../../../../arm-none-eabi/lib/thumb/cortex-m4/float-abi-hard/fpuv4-sp-d16/libc.a(lib_a-puts.o)
 .debug_info    0x000000000000b286       0xbc /home/dl0/sat/lib/gcc/arm-none-eabi/5.3.0/../../../../arm-none-eabi/lib/thumb/cortex-m4/float-abi-hard/fpuv4-sp-d16/libc.a(lib_a-strlen.o)
 .debug_info    0x000000000000b342     0x1706 /home/dl0/sat/lib/gcc/arm-none-eabi/5.3.0/../../../../arm-none-eabi/lib/thumb/cortex-m4/float-abi-hard/fpuv4-sp-d16/libc.a(lib_a-vfprintf.o)
 .debug_info    0x000000000000ca48      0x92a /home/dl0/sat/lib/gcc/arm-none-eabi/5.3.0/../../../../arm-none-eabi/lib/thumb/cortex-m4/float-abi-hard/fpuv4-sp-d16/libc.a(lib_a-wsetup.o)
 .debug_info    0x000000000000d372     0x126e /home/dl0/sat/lib/gcc/arm-none-eabi/5.3.0/../../../../arm-none-eabi/lib/thumb/cortex-m4/float-abi-hard/fpuv4-sp-d16/libc.a(lib_a-dtoa.o)
 .debug_info    0x000000000000e5e0      0xa84 /home/dl0/sat/lib/gcc/arm-none-eabi/5.3.0/../../../../arm-none-eabi/lib/thumb/cortex-m4/float-abi-hard/fpuv4-sp-d16/libc.a(lib_a-fflush.o)
 .debug_info    0x000000000000f064      0xd40 /home/dl0/sat/lib/gcc/arm-none-eabi/5.3.0/../../../../arm-none-eabi/lib/thumb/cortex-m4/float-abi-hard/fpuv4-sp-d16/libc.a(lib_a-findfp.o)
 .debug_info    0x000000000000fda4      0xc01 /home/dl0/sat/lib/gcc/arm-none-eabi/5.3.0/../../../../arm-none-eabi/lib/thumb/cortex-m4/float-abi-hard/fpuv4-sp-d16/libc.a(lib_a-freer.o)
 .debug_info    0x00000000000109a5      0xbed /home/dl0/sat/lib/gcc/arm-none-eabi/5.3.0/../../../../arm-none-eabi/lib/thumb/cortex-m4/float-abi-hard/fpuv4-sp-d16/libc.a(lib_a-fvwrite.o)
 .debug_info    0x0000000000011592      0x9a5 /home/dl0/sat/lib/gcc/arm-none-eabi/5.3.0/../../../../arm-none-eabi/lib/thumb/cortex-m4/float-abi-hard/fpuv4-sp-d16/libc.a(lib_a-fwalk.o)
 .debug_info    0x0000000000011f37      0xc1c /home/dl0/sat/lib/gcc/arm-none-eabi/5.3.0/../../../../arm-none-eabi/lib/thumb/cortex-m4/float-abi-hard/fpuv4-sp-d16/libc.a(lib_a-locale.o)
 .debug_info    0x0000000000012b53      0xab9 /home/dl0/sat/lib/gcc/arm-none-eabi/5.3.0/../../../../arm-none-eabi/lib/thumb/cortex-m4/float-abi-hard/fpuv4-sp-d16/libc.a(lib_a-makebuf.o)
 .debug_info    0x000000000001360c      0xd61 /home/dl0/sat/lib/gcc/arm-none-eabi/5.3.0/../../../../arm-none-eabi/lib/thumb/cortex-m4/float-abi-hard/fpuv4-sp-d16/libc.a(lib_a-mallocr.o)
 .debug_info    0x000000000001436d      0x130 /home/dl0/sat/lib/gcc/arm-none-eabi/5.3.0/../../../../arm-none-eabi/lib/thumb/cortex-m4/float-abi-hard/fpuv4-sp-d16/libc.a(lib_a-memchr.o)
 .debug_info    0x000000000001449d      0x138 /home/dl0/sat/lib/gcc/arm-none-eabi/5.3.0/../../../../arm-none-eabi/lib/thumb/cortex-m4/float-abi-hard/fpuv4-sp-d16/libc.a(lib_a-memmove.o)
 .debug_info    0x00000000000145d5      0x8a8 /home/dl0/sat/lib/gcc/arm-none-eabi/5.3.0/../../../../arm-none-eabi/lib/thumb/cortex-m4/float-abi-hard/fpuv4-sp-d16/libc.a(lib_a-mlock.o)
 .debug_info    0x0000000000014e7d     0x16b6 /home/dl0/sat/lib/gcc/arm-none-eabi/5.3.0/../../../../arm-none-eabi/lib/thumb/cortex-m4/float-abi-hard/fpuv4-sp-d16/libc.a(lib_a-mprec.o)
 .debug_info    0x0000000000016533      0xc86 /home/dl0/sat/lib/gcc/arm-none-eabi/5.3.0/../../../../arm-none-eabi/lib/thumb/cortex-m4/float-abi-hard/fpuv4-sp-d16/libc.a(lib_a-reallocr.o)
 .debug_info    0x00000000000171b9      0x8f5 /home/dl0/sat/lib/gcc/arm-none-eabi/5.3.0/../../../../arm-none-eabi/lib/thumb/cortex-m4/float-abi-hard/fpuv4-sp-d16/libc.a(lib_a-sbrkr.o)
 .debug_info    0x0000000000017aae       0xde /home/dl0/sat/lib/gcc/arm-none-eabi/5.3.0/../../../../arm-none-eabi/lib/thumb/cortex-m4/float-abi-hard/fpuv4-sp-d16/libc.a(lib_a-s_fpclassify.o)
 .debug_info    0x0000000000017b8c      0xb29 /home/dl0/sat/lib/gcc/arm-none-eabi/5.3.0/../../../../arm-none-eabi/lib/thumb/cortex-m4/float-abi-hard/fpuv4-sp-d16/libc.a(lib_a-stdio.o)
 .debug_info    0x00000000000186b5       0xf3 /home/dl0/sat/lib/gcc/arm-none-eabi/5.3.0/../../../../arm-none-eabi/lib/thumb/cortex-m4/float-abi-hard/fpuv4-sp-d16/libc.a(lib_a-strcmp.o)
 .debug_info    0x00000000000187a8     0x14ac /home/dl0/sat/lib/gcc/arm-none-eabi/5.3.0/../../../../arm-none-eabi/lib/thumb/cortex-m4/float-abi-hard/fpuv4-sp-d16/libc.a(lib_a-vfiprintf.o)
 .debug_info    0x0000000000019c54      0x933 /home/dl0/sat/lib/gcc/arm-none-eabi/5.3.0/../../../../arm-none-eabi/lib/thumb/cortex-m4/float-abi-hard/fpuv4-sp-d16/libc.a(lib_a-writer.o)
 .debug_info    0x000000000001a587      0x9c8 /home/dl0/sat/lib/gcc/arm-none-eabi/5.3.0/../../../../arm-none-eabi/lib/thumb/cortex-m4/float-abi-hard/fpuv4-sp-d16/libc.a(lib_a-callocr.o)
 .debug_info    0x000000000001af4f      0x8eb /home/dl0/sat/lib/gcc/arm-none-eabi/5.3.0/../../../../arm-none-eabi/lib/thumb/cortex-m4/float-abi-hard/fpuv4-sp-d16/libc.a(lib_a-closer.o)
 .debug_info    0x000000000001b83a      0xa17 /home/dl0/sat/lib/gcc/arm-none-eabi/5.3.0/../../../../arm-none-eabi/lib/thumb/cortex-m4/float-abi-hard/fpuv4-sp-d16/libc.a(lib_a-fclose.o)
 .debug_info    0x000000000001c251      0xad3 /home/dl0/sat/lib/gcc/arm-none-eabi/5.3.0/../../../../arm-none-eabi/lib/thumb/cortex-m4/float-abi-hard/fpuv4-sp-d16/libc.a(lib_a-fputwc.o)
 .debug_info    0x000000000001cd24      0xa69 /home/dl0/sat/lib/gcc/arm-none-eabi/5.3.0/../../../../arm-none-eabi/lib/thumb/cortex-m4/float-abi-hard/fpuv4-sp-d16/libc.a(lib_a-fstatr.o)
 .debug_info    0x000000000001d78d      0x8eb /home/dl0/sat/lib/gcc/arm-none-eabi/5.3.0/../../../../arm-none-eabi/lib/thumb/cortex-m4/float-abi-hard/fpuv4-sp-d16/libc.a(lib_a-isattyr.o)
 .debug_info    0x000000000001e078      0x916 /home/dl0/sat/lib/gcc/arm-none-eabi/5.3.0/../../../../arm-none-eabi/lib/thumb/cortex-m4/float-abi-hard/fpuv4-sp-d16/libc.a(lib_a-lseekr.o)
 .debug_info    0x000000000001e98e      0x92c /home/dl0/sat/lib/gcc/arm-none-eabi/5.3.0/../../../../arm-none-eabi/lib/thumb/cortex-m4/float-abi-hard/fpuv4-sp-d16/libc.a(lib_a-readr.o)
 .debug_info    0x000000000001f2ba      0x9fb /home/dl0/sat/lib/gcc/arm-none-eabi/5.3.0/../../../../arm-none-eabi/lib/thumb/cortex-m4/float-abi-hard/fpuv4-sp-d16/libc.a(lib_a-reent.o)
 .debug_info    0x000000000001fcb5      0x9b3 /home/dl0/sat/lib/gcc/arm-none-eabi/5.3.0/../../../../arm-none-eabi/lib/thumb/cortex-m4/float-abi-hard/fpuv4-sp-d16/libc.a(lib_a-wbuf.o)
 .debug_info    0x0000000000020668      0xa86 /home/dl0/sat/lib/gcc/arm-none-eabi/5.3.0/../../../../arm-none-eabi/lib/thumb/cortex-m4/float-abi-hard/fpuv4-sp-d16/libc.a(lib_a-wcrtomb.o)
 .debug_info    0x00000000000210ee      0x9bc /home/dl0/sat/lib/gcc/arm-none-eabi/5.3.0/../../../../arm-none-eabi/lib/thumb/cortex-m4/float-abi-hard/fpuv4-sp-d16/libc.a(lib_a-wctomb_r.o)
 .debug_info    0x0000000000021aaa       0xd1 /home/dl0/sat/lib/gcc/arm-none-eabi/5.3.0/thumb/cortex-m4/float-abi-hard/fpuv4-sp-d16/libgcc.a(_arm_addsubdf3.o)
 .debug_info    0x0000000000021b7b       0xd1 /home/dl0/sat/lib/gcc/arm-none-eabi/5.3.0/thumb/cortex-m4/float-abi-hard/fpuv4-sp-d16/libgcc.a(_arm_muldivdf3.o)
 .debug_info    0x0000000000021c4c       0xd1 /home/dl0/sat/lib/gcc/arm-none-eabi/5.3.0/thumb/cortex-m4/float-abi-hard/fpuv4-sp-d16/libgcc.a(_arm_cmpdf2.o)
 .debug_info    0x0000000000021d1d       0xd1 /home/dl0/sat/lib/gcc/arm-none-eabi/5.3.0/thumb/cortex-m4/float-abi-hard/fpuv4-sp-d16/libgcc.a(_arm_fixdfsi.o)

.debug_abbrev   0x0000000000000000     0x71ff
 .debug_abbrev  0x0000000000000000      0x236 /home/dl0/Documents/Stage_Recherche/Prog_/c-uart_stm32_integ/c-uart-interface_scheduler__/testing__/atomthreads_custom/ports/cortex-m/build/tests-main.o
 .debug_abbrev  0x0000000000000236      0x16c /home/dl0/Documents/Stage_Recherche/Prog_/c-uart_stm32_integ/c-uart-interface_scheduler__/testing__/atomthreads_custom/ports/cortex-m/build/board_setup.o
 .debug_abbrev  0x00000000000003a2      0x19d /home/dl0/Documents/Stage_Recherche/Prog_/c-uart_stm32_integ/c-uart-interface_scheduler__/testing__/atomthreads_custom/ports/cortex-m/build/stubs.o
 .debug_abbrev  0x000000000000053f       0xe4 /home/dl0/Documents/Stage_Recherche/Prog_/c-uart_stm32_integ/c-uart-interface_scheduler__/testing__/atomthreads_custom/ports/cortex-m/build/stm32_con.o
 .debug_abbrev  0x0000000000000623      0x235 /home/dl0/Documents/Stage_Recherche/Prog_/c-uart_stm32_integ/c-uart-interface_scheduler__/testing__/atomthreads_custom/ports/cortex-m/build/atomport.o
 .debug_abbrev  0x0000000000000858       0x14 /home/dl0/Documents/Stage_Recherche/Prog_/c-uart_stm32_integ/c-uart-interface_scheduler__/testing__/atomthreads_custom/ports/cortex-m/build/atomport-asm.o
 .debug_abbrev  0x000000000000086c      0x3a5 /home/dl0/Documents/Stage_Recherche/Prog_/c-uart_stm32_integ/c-uart-interface_scheduler__/testing__/atomthreads_custom/ports/cortex-m/build/atomkernel.o
 .debug_abbrev  0x0000000000000c11      0x327 /home/dl0/Documents/Stage_Recherche/Prog_/c-uart_stm32_integ/c-uart-interface_scheduler__/testing__/atomthreads_custom/ports/cortex-m/build/atomsem.o
 .debug_abbrev  0x0000000000000f38      0x3a7 /home/dl0/Documents/Stage_Recherche/Prog_/c-uart_stm32_integ/c-uart-interface_scheduler__/testing__/atomthreads_custom/ports/cortex-m/build/atomtimer.o
 .debug_abbrev  0x00000000000012df      0x249 /home/dl0/Documents/Stage_Recherche/Prog_/c-uart_stm32_integ/c-uart-interface_scheduler__/testing__/atomthreads_custom/ports/cortex-m/build/sem9.o
 .debug_abbrev  0x0000000000001528      0x10e /home/dl0/Documents/Stage_Recherche/Prog_/c-uart_stm32_integ/c-uart-interface_scheduler__/testing__/atomthreads_custom/ports/cortex-m/libopencm3/lib/libopencm3_stm32f4.a(gpio_common_all.o)
 .debug_abbrev  0x0000000000001636       0xb7 /home/dl0/Documents/Stage_Recherche/Prog_/c-uart_stm32_integ/c-uart-interface_scheduler__/testing__/atomthreads_custom/ports/cortex-m/libopencm3/lib/libopencm3_stm32f4.a(gpio_common_f0234.o)
 .debug_abbrev  0x00000000000016ed      0x12b /home/dl0/Documents/Stage_Recherche/Prog_/c-uart_stm32_integ/c-uart-interface_scheduler__/testing__/atomthreads_custom/ports/cortex-m/libopencm3/lib/libopencm3_stm32f4.a(usart_common_all.o)
 .debug_abbrev  0x0000000000001818       0xb7 /home/dl0/Documents/Stage_Recherche/Prog_/c-uart_stm32_integ/c-uart-interface_scheduler__/testing__/atomthreads_custom/ports/cortex-m/libopencm3/lib/libopencm3_stm32f4.a(usart_common_f124.o)
 .debug_abbrev  0x00000000000018cf       0xc1 /home/dl0/Documents/Stage_Recherche/Prog_/c-uart_stm32_integ/c-uart-interface_scheduler__/testing__/atomthreads_custom/ports/cortex-m/libopencm3/lib/libopencm3_stm32f4.a(rcc_common_all.o)
 .debug_abbrev  0x0000000000001990      0x13a /home/dl0/Documents/Stage_Recherche/Prog_/c-uart_stm32_integ/c-uart-interface_scheduler__/testing__/atomthreads_custom/ports/cortex-m/libopencm3/lib/libopencm3_stm32f4.a(vector.o)
 .debug_abbrev  0x0000000000001aca      0x132 /home/dl0/Documents/Stage_Recherche/Prog_/c-uart_stm32_integ/c-uart-interface_scheduler__/testing__/atomthreads_custom/ports/cortex-m/libopencm3/lib/libopencm3_stm32f4.a(systick.o)
 .debug_abbrev  0x0000000000001bfc       0xa6 /home/dl0/Documents/Stage_Recherche/Prog_/c-uart_stm32_integ/c-uart-interface_scheduler__/testing__/atomthreads_custom/ports/cortex-m/libopencm3/lib/libopencm3_stm32f4.a(nvic.o)
 .debug_abbrev  0x0000000000001ca2      0x198 /home/dl0/Documents/Stage_Recherche/Prog_/c-uart_stm32_integ/c-uart-interface_scheduler__/testing__/atomthreads_custom/ports/cortex-m/libopencm3/lib/libopencm3_stm32f4.a(sync.o)
 .debug_abbrev  0x0000000000001e3a      0x260 /home/dl0/Documents/Stage_Recherche/Prog_/c-uart_stm32_integ/c-uart-interface_scheduler__/testing__/atomthreads_custom/ports/cortex-m/libopencm3/lib/libopencm3_stm32f4.a(rcc.o)
 .debug_abbrev  0x000000000000209a      0x18f /home/dl0/sat/lib/gcc/arm-none-eabi/5.3.0/../../../../arm-none-eabi/lib/thumb/cortex-m4/float-abi-hard/fpuv4-sp-d16/libc.a(lib_a-errno.o)
 .debug_abbrev  0x0000000000002229      0x180 /home/dl0/sat/lib/gcc/arm-none-eabi/5.3.0/../../../../arm-none-eabi/lib/thumb/cortex-m4/float-abi-hard/fpuv4-sp-d16/libc.a(lib_a-impure.o)
 .debug_abbrev  0x00000000000023a9       0x14 /home/dl0/sat/lib/gcc/arm-none-eabi/5.3.0/../../../../arm-none-eabi/lib/thumb/cortex-m4/float-abi-hard/fpuv4-sp-d16/libc.a(lib_a-memcpy.o)
 .debug_abbrev  0x00000000000023bd       0x9f /home/dl0/sat/lib/gcc/arm-none-eabi/5.3.0/../../../../arm-none-eabi/lib/thumb/cortex-m4/float-abi-hard/fpuv4-sp-d16/libc.a(lib_a-memset.o)
 .debug_abbrev  0x000000000000245c      0x22a /home/dl0/sat/lib/gcc/arm-none-eabi/5.3.0/../../../../arm-none-eabi/lib/thumb/cortex-m4/float-abi-hard/fpuv4-sp-d16/libc.a(lib_a-printf.o)
 .debug_abbrev  0x0000000000002686      0x22f /home/dl0/sat/lib/gcc/arm-none-eabi/5.3.0/../../../../arm-none-eabi/lib/thumb/cortex-m4/float-abi-hard/fpuv4-sp-d16/libc.a(lib_a-puts.o)
 .debug_abbrev  0x00000000000028b5       0x70 /home/dl0/sat/lib/gcc/arm-none-eabi/5.3.0/../../../../arm-none-eabi/lib/thumb/cortex-m4/float-abi-hard/fpuv4-sp-d16/libc.a(lib_a-strlen.o)
 .debug_abbrev  0x0000000000002925      0x3a9 /home/dl0/sat/lib/gcc/arm-none-eabi/5.3.0/../../../../arm-none-eabi/lib/thumb/cortex-m4/float-abi-hard/fpuv4-sp-d16/libc.a(lib_a-vfprintf.o)
 .debug_abbrev  0x0000000000002cce      0x1f8 /home/dl0/sat/lib/gcc/arm-none-eabi/5.3.0/../../../../arm-none-eabi/lib/thumb/cortex-m4/float-abi-hard/fpuv4-sp-d16/libc.a(lib_a-wsetup.o)
 .debug_abbrev  0x0000000000002ec6      0x29e /home/dl0/sat/lib/gcc/arm-none-eabi/5.3.0/../../../../arm-none-eabi/lib/thumb/cortex-m4/float-abi-hard/fpuv4-sp-d16/libc.a(lib_a-dtoa.o)
 .debug_abbrev  0x0000000000003164      0x281 /home/dl0/sat/lib/gcc/arm-none-eabi/5.3.0/../../../../arm-none-eabi/lib/thumb/cortex-m4/float-abi-hard/fpuv4-sp-d16/libc.a(lib_a-fflush.o)
 .debug_abbrev  0x00000000000033e5      0x347 /home/dl0/sat/lib/gcc/arm-none-eabi/5.3.0/../../../../arm-none-eabi/lib/thumb/cortex-m4/float-abi-hard/fpuv4-sp-d16/libc.a(lib_a-findfp.o)
 .debug_abbrev  0x000000000000372c      0x264 /home/dl0/sat/lib/gcc/arm-none-eabi/5.3.0/../../../../arm-none-eabi/lib/thumb/cortex-m4/float-abi-hard/fpuv4-sp-d16/libc.a(lib_a-freer.o)
 .debug_abbrev  0x0000000000003990      0x21c /home/dl0/sat/lib/gcc/arm-none-eabi/5.3.0/../../../../arm-none-eabi/lib/thumb/cortex-m4/float-abi-hard/fpuv4-sp-d16/libc.a(lib_a-fvwrite.o)
 .debug_abbrev  0x0000000000003bac      0x1c2 /home/dl0/sat/lib/gcc/arm-none-eabi/5.3.0/../../../../arm-none-eabi/lib/thumb/cortex-m4/float-abi-hard/fpuv4-sp-d16/libc.a(lib_a-fwalk.o)
 .debug_abbrev  0x0000000000003d6e      0x2a8 /home/dl0/sat/lib/gcc/arm-none-eabi/5.3.0/../../../../arm-none-eabi/lib/thumb/cortex-m4/float-abi-hard/fpuv4-sp-d16/libc.a(lib_a-locale.o)
 .debug_abbrev  0x0000000000004016      0x1ef /home/dl0/sat/lib/gcc/arm-none-eabi/5.3.0/../../../../arm-none-eabi/lib/thumb/cortex-m4/float-abi-hard/fpuv4-sp-d16/libc.a(lib_a-makebuf.o)
 .debug_abbrev  0x0000000000004205      0x29d /home/dl0/sat/lib/gcc/arm-none-eabi/5.3.0/../../../../arm-none-eabi/lib/thumb/cortex-m4/float-abi-hard/fpuv4-sp-d16/libc.a(lib_a-mallocr.o)
 .debug_abbrev  0x00000000000044a2       0xba /home/dl0/sat/lib/gcc/arm-none-eabi/5.3.0/../../../../arm-none-eabi/lib/thumb/cortex-m4/float-abi-hard/fpuv4-sp-d16/libc.a(lib_a-memchr.o)
 .debug_abbrev  0x000000000000455c       0xab /home/dl0/sat/lib/gcc/arm-none-eabi/5.3.0/../../../../arm-none-eabi/lib/thumb/cortex-m4/float-abi-hard/fpuv4-sp-d16/libc.a(lib_a-memmove.o)
 .debug_abbrev  0x0000000000004607      0x1ac /home/dl0/sat/lib/gcc/arm-none-eabi/5.3.0/../../../../arm-none-eabi/lib/thumb/cortex-m4/float-abi-hard/fpuv4-sp-d16/libc.a(lib_a-mlock.o)
 .debug_abbrev  0x00000000000047b3      0x388 /home/dl0/sat/lib/gcc/arm-none-eabi/5.3.0/../../../../arm-none-eabi/lib/thumb/cortex-m4/float-abi-hard/fpuv4-sp-d16/libc.a(lib_a-mprec.o)
 .debug_abbrev  0x0000000000004b3b      0x231 /home/dl0/sat/lib/gcc/arm-none-eabi/5.3.0/../../../../arm-none-eabi/lib/thumb/cortex-m4/float-abi-hard/fpuv4-sp-d16/libc.a(lib_a-reallocr.o)
 .debug_abbrev  0x0000000000004d6c      0x1fb /home/dl0/sat/lib/gcc/arm-none-eabi/5.3.0/../../../../arm-none-eabi/lib/thumb/cortex-m4/float-abi-hard/fpuv4-sp-d16/libc.a(lib_a-sbrkr.o)
 .debug_abbrev  0x0000000000004f67       0x6f /home/dl0/sat/lib/gcc/arm-none-eabi/5.3.0/../../../../arm-none-eabi/lib/thumb/cortex-m4/float-abi-hard/fpuv4-sp-d16/libc.a(lib_a-s_fpclassify.o)
 .debug_abbrev  0x0000000000004fd6      0x22a /home/dl0/sat/lib/gcc/arm-none-eabi/5.3.0/../../../../arm-none-eabi/lib/thumb/cortex-m4/float-abi-hard/fpuv4-sp-d16/libc.a(lib_a-stdio.o)
 .debug_abbrev  0x0000000000005200       0x14 /home/dl0/sat/lib/gcc/arm-none-eabi/5.3.0/../../../../arm-none-eabi/lib/thumb/cortex-m4/float-abi-hard/fpuv4-sp-d16/libc.a(lib_a-strcmp.o)
 .debug_abbrev  0x0000000000005214      0x396 /home/dl0/sat/lib/gcc/arm-none-eabi/5.3.0/../../../../arm-none-eabi/lib/thumb/cortex-m4/float-abi-hard/fpuv4-sp-d16/libc.a(lib_a-vfiprintf.o)
 .debug_abbrev  0x00000000000055aa      0x1fb /home/dl0/sat/lib/gcc/arm-none-eabi/5.3.0/../../../../arm-none-eabi/lib/thumb/cortex-m4/float-abi-hard/fpuv4-sp-d16/libc.a(lib_a-writer.o)
 .debug_abbrev  0x00000000000057a5      0x1fc /home/dl0/sat/lib/gcc/arm-none-eabi/5.3.0/../../../../arm-none-eabi/lib/thumb/cortex-m4/float-abi-hard/fpuv4-sp-d16/libc.a(lib_a-callocr.o)
 .debug_abbrev  0x00000000000059a1      0x1f6 /home/dl0/sat/lib/gcc/arm-none-eabi/5.3.0/../../../../arm-none-eabi/lib/thumb/cortex-m4/float-abi-hard/fpuv4-sp-d16/libc.a(lib_a-closer.o)
 .debug_abbrev  0x0000000000005b97      0x293 /home/dl0/sat/lib/gcc/arm-none-eabi/5.3.0/../../../../arm-none-eabi/lib/thumb/cortex-m4/float-abi-hard/fpuv4-sp-d16/libc.a(lib_a-fclose.o)
 .debug_abbrev  0x0000000000005e2a      0x2ba /home/dl0/sat/lib/gcc/arm-none-eabi/5.3.0/../../../../arm-none-eabi/lib/thumb/cortex-m4/float-abi-hard/fpuv4-sp-d16/libc.a(lib_a-fputwc.o)
 .debug_abbrev  0x00000000000060e4      0x205 /home/dl0/sat/lib/gcc/arm-none-eabi/5.3.0/../../../../arm-none-eabi/lib/thumb/cortex-m4/float-abi-hard/fpuv4-sp-d16/libc.a(lib_a-fstatr.o)
 .debug_abbrev  0x00000000000062e9      0x1f6 /home/dl0/sat/lib/gcc/arm-none-eabi/5.3.0/../../../../arm-none-eabi/lib/thumb/cortex-m4/float-abi-hard/fpuv4-sp-d16/libc.a(lib_a-isattyr.o)
 .debug_abbrev  0x00000000000064df      0x205 /home/dl0/sat/lib/gcc/arm-none-eabi/5.3.0/../../../../arm-none-eabi/lib/thumb/cortex-m4/float-abi-hard/fpuv4-sp-d16/libc.a(lib_a-lseekr.o)
 .debug_abbrev  0x00000000000066e4      0x1f6 /home/dl0/sat/lib/gcc/arm-none-eabi/5.3.0/../../../../arm-none-eabi/lib/thumb/cortex-m4/float-abi-hard/fpuv4-sp-d16/libc.a(lib_a-readr.o)
 .debug_abbrev  0x00000000000068da      0x25c /home/dl0/sat/lib/gcc/arm-none-eabi/5.3.0/../../../../arm-none-eabi/lib/thumb/cortex-m4/float-abi-hard/fpuv4-sp-d16/libc.a(lib_a-reent.o)
 .debug_abbrev  0x0000000000006b36      0x242 /home/dl0/sat/lib/gcc/arm-none-eabi/5.3.0/../../../../arm-none-eabi/lib/thumb/cortex-m4/float-abi-hard/fpuv4-sp-d16/libc.a(lib_a-wbuf.o)
 .debug_abbrev  0x0000000000006d78      0x227 /home/dl0/sat/lib/gcc/arm-none-eabi/5.3.0/../../../../arm-none-eabi/lib/thumb/cortex-m4/float-abi-hard/fpuv4-sp-d16/libc.a(lib_a-wcrtomb.o)
 .debug_abbrev  0x0000000000006f9f      0x210 /home/dl0/sat/lib/gcc/arm-none-eabi/5.3.0/../../../../arm-none-eabi/lib/thumb/cortex-m4/float-abi-hard/fpuv4-sp-d16/libc.a(lib_a-wctomb_r.o)
 .debug_abbrev  0x00000000000071af       0x14 /home/dl0/sat/lib/gcc/arm-none-eabi/5.3.0/thumb/cortex-m4/float-abi-hard/fpuv4-sp-d16/libgcc.a(_arm_addsubdf3.o)
 .debug_abbrev  0x00000000000071c3       0x14 /home/dl0/sat/lib/gcc/arm-none-eabi/5.3.0/thumb/cortex-m4/float-abi-hard/fpuv4-sp-d16/libgcc.a(_arm_muldivdf3.o)
 .debug_abbrev  0x00000000000071d7       0x14 /home/dl0/sat/lib/gcc/arm-none-eabi/5.3.0/thumb/cortex-m4/float-abi-hard/fpuv4-sp-d16/libgcc.a(_arm_cmpdf2.o)
 .debug_abbrev  0x00000000000071eb       0x14 /home/dl0/sat/lib/gcc/arm-none-eabi/5.3.0/thumb/cortex-m4/float-abi-hard/fpuv4-sp-d16/libgcc.a(_arm_fixdfsi.o)

.debug_loc      0x0000000000000000    0x104bd
 .debug_loc     0x0000000000000000       0xe1 /home/dl0/Documents/Stage_Recherche/Prog_/c-uart_stm32_integ/c-uart-interface_scheduler__/testing__/atomthreads_custom/ports/cortex-m/build/tests-main.o
 .debug_loc     0x00000000000000e1       0x2a /home/dl0/Documents/Stage_Recherche/Prog_/c-uart_stm32_integ/c-uart-interface_scheduler__/testing__/atomthreads_custom/ports/cortex-m/build/board_setup.o
 .debug_loc     0x000000000000010b      0x11f /home/dl0/Documents/Stage_Recherche/Prog_/c-uart_stm32_integ/c-uart-interface_scheduler__/testing__/atomthreads_custom/ports/cortex-m/build/stubs.o
 .debug_loc     0x000000000000022a      0x20b /home/dl0/Documents/Stage_Recherche/Prog_/c-uart_stm32_integ/c-uart-interface_scheduler__/testing__/atomthreads_custom/ports/cortex-m/build/stm32_con.o
 .debug_loc     0x0000000000000435      0x1e8 /home/dl0/Documents/Stage_Recherche/Prog_/c-uart_stm32_integ/c-uart-interface_scheduler__/testing__/atomthreads_custom/ports/cortex-m/build/atomport.o
 .debug_loc     0x000000000000061d      0x7dc /home/dl0/Documents/Stage_Recherche/Prog_/c-uart_stm32_integ/c-uart-interface_scheduler__/testing__/atomthreads_custom/ports/cortex-m/build/atomkernel.o
 .debug_loc     0x0000000000000df9      0x587 /home/dl0/Documents/Stage_Recherche/Prog_/c-uart_stm32_integ/c-uart-interface_scheduler__/testing__/atomthreads_custom/ports/cortex-m/build/atomsem.o
 .debug_loc     0x0000000000001380      0x3cd /home/dl0/Documents/Stage_Recherche/Prog_/c-uart_stm32_integ/c-uart-interface_scheduler__/testing__/atomthreads_custom/ports/cortex-m/build/atomtimer.o
 .debug_loc     0x000000000000174d       0xc9 /home/dl0/Documents/Stage_Recherche/Prog_/c-uart_stm32_integ/c-uart-interface_scheduler__/testing__/atomthreads_custom/ports/cortex-m/build/sem9.o
 .debug_loc     0x0000000000001816       0x76 /home/dl0/Documents/Stage_Recherche/Prog_/c-uart_stm32_integ/c-uart-interface_scheduler__/testing__/atomthreads_custom/ports/cortex-m/libopencm3/lib/libopencm3_stm32f4.a(gpio_common_all.o)
 .debug_loc     0x000000000000188c      0x111 /home/dl0/Documents/Stage_Recherche/Prog_/c-uart_stm32_integ/c-uart-interface_scheduler__/testing__/atomthreads_custom/ports/cortex-m/libopencm3/lib/libopencm3_stm32f4.a(gpio_common_f0234.o)
 .debug_loc     0x000000000000199d      0x1ca /home/dl0/Documents/Stage_Recherche/Prog_/c-uart_stm32_integ/c-uart-interface_scheduler__/testing__/atomthreads_custom/ports/cortex-m/libopencm3/lib/libopencm3_stm32f4.a(usart_common_all.o)
 .debug_loc     0x0000000000001b67       0xd4 /home/dl0/Documents/Stage_Recherche/Prog_/c-uart_stm32_integ/c-uart-interface_scheduler__/testing__/atomthreads_custom/ports/cortex-m/libopencm3/lib/libopencm3_stm32f4.a(usart_common_f124.o)
 .debug_loc     0x0000000000001c3b      0x14a /home/dl0/Documents/Stage_Recherche/Prog_/c-uart_stm32_integ/c-uart-interface_scheduler__/testing__/atomthreads_custom/ports/cortex-m/libopencm3/lib/libopencm3_stm32f4.a(rcc_common_all.o)
 .debug_loc     0x0000000000001d85       0xf5 /home/dl0/Documents/Stage_Recherche/Prog_/c-uart_stm32_integ/c-uart-interface_scheduler__/testing__/atomthreads_custom/ports/cortex-m/libopencm3/lib/libopencm3_stm32f4.a(vector.o)
 .debug_loc     0x0000000000001e7a      0x192 /home/dl0/Documents/Stage_Recherche/Prog_/c-uart_stm32_integ/c-uart-interface_scheduler__/testing__/atomthreads_custom/ports/cortex-m/libopencm3/lib/libopencm3_stm32f4.a(systick.o)
 .debug_loc     0x000000000000200c      0x142 /home/dl0/Documents/Stage_Recherche/Prog_/c-uart_stm32_integ/c-uart-interface_scheduler__/testing__/atomthreads_custom/ports/cortex-m/libopencm3/lib/libopencm3_stm32f4.a(nvic.o)
 .debug_loc     0x000000000000214e      0x104 /home/dl0/Documents/Stage_Recherche/Prog_/c-uart_stm32_integ/c-uart-interface_scheduler__/testing__/atomthreads_custom/ports/cortex-m/libopencm3/lib/libopencm3_stm32f4.a(sync.o)
 .debug_loc     0x0000000000002252      0x372 /home/dl0/Documents/Stage_Recherche/Prog_/c-uart_stm32_integ/c-uart-interface_scheduler__/testing__/atomthreads_custom/ports/cortex-m/libopencm3/lib/libopencm3_stm32f4.a(rcc.o)
 .debug_loc     0x00000000000025c4      0x1ae /home/dl0/sat/lib/gcc/arm-none-eabi/5.3.0/../../../../arm-none-eabi/lib/thumb/cortex-m4/float-abi-hard/fpuv4-sp-d16/libc.a(lib_a-memset.o)
 .debug_loc     0x0000000000002772       0x34 /home/dl0/sat/lib/gcc/arm-none-eabi/5.3.0/../../../../arm-none-eabi/lib/thumb/cortex-m4/float-abi-hard/fpuv4-sp-d16/libc.a(lib_a-printf.o)
 .debug_loc     0x00000000000027a6       0xc2 /home/dl0/sat/lib/gcc/arm-none-eabi/5.3.0/../../../../arm-none-eabi/lib/thumb/cortex-m4/float-abi-hard/fpuv4-sp-d16/libc.a(lib_a-puts.o)
 .debug_loc     0x0000000000002868       0x21 /home/dl0/sat/lib/gcc/arm-none-eabi/5.3.0/../../../../arm-none-eabi/lib/thumb/cortex-m4/float-abi-hard/fpuv4-sp-d16/libc.a(lib_a-strlen.o)
 .debug_loc     0x0000000000002889     0x2c16 /home/dl0/sat/lib/gcc/arm-none-eabi/5.3.0/../../../../arm-none-eabi/lib/thumb/cortex-m4/float-abi-hard/fpuv4-sp-d16/libc.a(lib_a-vfprintf.o)
 .debug_loc     0x000000000000549f       0xa2 /home/dl0/sat/lib/gcc/arm-none-eabi/5.3.0/../../../../arm-none-eabi/lib/thumb/cortex-m4/float-abi-hard/fpuv4-sp-d16/libc.a(lib_a-wsetup.o)
 .debug_loc     0x0000000000005541     0x29da /home/dl0/sat/lib/gcc/arm-none-eabi/5.3.0/../../../../arm-none-eabi/lib/thumb/cortex-m4/float-abi-hard/fpuv4-sp-d16/libc.a(lib_a-dtoa.o)
 .debug_loc     0x0000000000007f1b      0x2ac /home/dl0/sat/lib/gcc/arm-none-eabi/5.3.0/../../../../arm-none-eabi/lib/thumb/cortex-m4/float-abi-hard/fpuv4-sp-d16/libc.a(lib_a-fflush.o)
 .debug_loc     0x00000000000081c7      0x2f4 /home/dl0/sat/lib/gcc/arm-none-eabi/5.3.0/../../../../arm-none-eabi/lib/thumb/cortex-m4/float-abi-hard/fpuv4-sp-d16/libc.a(lib_a-findfp.o)
 .debug_loc     0x00000000000084bb      0x525 /home/dl0/sat/lib/gcc/arm-none-eabi/5.3.0/../../../../arm-none-eabi/lib/thumb/cortex-m4/float-abi-hard/fpuv4-sp-d16/libc.a(lib_a-freer.o)
 .debug_loc     0x00000000000089e0      0x6af /home/dl0/sat/lib/gcc/arm-none-eabi/5.3.0/../../../../arm-none-eabi/lib/thumb/cortex-m4/float-abi-hard/fpuv4-sp-d16/libc.a(lib_a-fvwrite.o)
 .debug_loc     0x000000000000908f      0x207 /home/dl0/sat/lib/gcc/arm-none-eabi/5.3.0/../../../../arm-none-eabi/lib/thumb/cortex-m4/float-abi-hard/fpuv4-sp-d16/libc.a(lib_a-fwalk.o)
 .debug_loc     0x0000000000009296      0x147 /home/dl0/sat/lib/gcc/arm-none-eabi/5.3.0/../../../../arm-none-eabi/lib/thumb/cortex-m4/float-abi-hard/fpuv4-sp-d16/libc.a(lib_a-locale.o)
 .debug_loc     0x00000000000093dd      0x10c /home/dl0/sat/lib/gcc/arm-none-eabi/5.3.0/../../../../arm-none-eabi/lib/thumb/cortex-m4/float-abi-hard/fpuv4-sp-d16/libc.a(lib_a-makebuf.o)
 .debug_loc     0x00000000000094e9      0xcdf /home/dl0/sat/lib/gcc/arm-none-eabi/5.3.0/../../../../arm-none-eabi/lib/thumb/cortex-m4/float-abi-hard/fpuv4-sp-d16/libc.a(lib_a-mallocr.o)
 .debug_loc     0x000000000000a1c8      0x15c /home/dl0/sat/lib/gcc/arm-none-eabi/5.3.0/../../../../arm-none-eabi/lib/thumb/cortex-m4/float-abi-hard/fpuv4-sp-d16/libc.a(lib_a-memchr.o)
 .debug_loc     0x000000000000a324      0x292 /home/dl0/sat/lib/gcc/arm-none-eabi/5.3.0/../../../../arm-none-eabi/lib/thumb/cortex-m4/float-abi-hard/fpuv4-sp-d16/libc.a(lib_a-memmove.o)
 .debug_loc     0x000000000000a5b6     0x1f33 /home/dl0/sat/lib/gcc/arm-none-eabi/5.3.0/../../../../arm-none-eabi/lib/thumb/cortex-m4/float-abi-hard/fpuv4-sp-d16/libc.a(lib_a-mprec.o)
 .debug_loc     0x000000000000c4e9     0x1201 /home/dl0/sat/lib/gcc/arm-none-eabi/5.3.0/../../../../arm-none-eabi/lib/thumb/cortex-m4/float-abi-hard/fpuv4-sp-d16/libc.a(lib_a-reallocr.o)
 .debug_loc     0x000000000000d6ea       0x4d /home/dl0/sat/lib/gcc/arm-none-eabi/5.3.0/../../../../arm-none-eabi/lib/thumb/cortex-m4/float-abi-hard/fpuv4-sp-d16/libc.a(lib_a-sbrkr.o)
 .debug_loc     0x000000000000d737      0x2bf /home/dl0/sat/lib/gcc/arm-none-eabi/5.3.0/../../../../arm-none-eabi/lib/thumb/cortex-m4/float-abi-hard/fpuv4-sp-d16/libc.a(lib_a-stdio.o)
 .debug_loc     0x000000000000d9f6     0x1ba8 /home/dl0/sat/lib/gcc/arm-none-eabi/5.3.0/../../../../arm-none-eabi/lib/thumb/cortex-m4/float-abi-hard/fpuv4-sp-d16/libc.a(lib_a-vfiprintf.o)
 .debug_loc     0x000000000000f59e       0xb0 /home/dl0/sat/lib/gcc/arm-none-eabi/5.3.0/../../../../arm-none-eabi/lib/thumb/cortex-m4/float-abi-hard/fpuv4-sp-d16/libc.a(lib_a-writer.o)
 .debug_loc     0x000000000000f64e      0x291 /home/dl0/sat/lib/gcc/arm-none-eabi/5.3.0/../../../../arm-none-eabi/lib/thumb/cortex-m4/float-abi-hard/fpuv4-sp-d16/libc.a(lib_a-callocr.o)
 .debug_loc     0x000000000000f8df       0x4d /home/dl0/sat/lib/gcc/arm-none-eabi/5.3.0/../../../../arm-none-eabi/lib/thumb/cortex-m4/float-abi-hard/fpuv4-sp-d16/libc.a(lib_a-closer.o)
 .debug_loc     0x000000000000f92c      0x151 /home/dl0/sat/lib/gcc/arm-none-eabi/5.3.0/../../../../arm-none-eabi/lib/thumb/cortex-m4/float-abi-hard/fpuv4-sp-d16/libc.a(lib_a-fclose.o)
 .debug_loc     0x000000000000fa7d      0x2ac /home/dl0/sat/lib/gcc/arm-none-eabi/5.3.0/../../../../arm-none-eabi/lib/thumb/cortex-m4/float-abi-hard/fpuv4-sp-d16/libc.a(lib_a-fputwc.o)
 .debug_loc     0x000000000000fd29       0x84 /home/dl0/sat/lib/gcc/arm-none-eabi/5.3.0/../../../../arm-none-eabi/lib/thumb/cortex-m4/float-abi-hard/fpuv4-sp-d16/libc.a(lib_a-fstatr.o)
 .debug_loc     0x000000000000fdad       0x4d /home/dl0/sat/lib/gcc/arm-none-eabi/5.3.0/../../../../arm-none-eabi/lib/thumb/cortex-m4/float-abi-hard/fpuv4-sp-d16/libc.a(lib_a-isattyr.o)
 .debug_loc     0x000000000000fdfa       0xb0 /home/dl0/sat/lib/gcc/arm-none-eabi/5.3.0/../../../../arm-none-eabi/lib/thumb/cortex-m4/float-abi-hard/fpuv4-sp-d16/libc.a(lib_a-lseekr.o)
 .debug_loc     0x000000000000feaa       0xb0 /home/dl0/sat/lib/gcc/arm-none-eabi/5.3.0/../../../../arm-none-eabi/lib/thumb/cortex-m4/float-abi-hard/fpuv4-sp-d16/libc.a(lib_a-readr.o)
 .debug_loc     0x000000000000ff5a      0x11d /home/dl0/sat/lib/gcc/arm-none-eabi/5.3.0/../../../../arm-none-eabi/lib/thumb/cortex-m4/float-abi-hard/fpuv4-sp-d16/libc.a(lib_a-reent.o)
 .debug_loc     0x0000000000010077      0x128 /home/dl0/sat/lib/gcc/arm-none-eabi/5.3.0/../../../../arm-none-eabi/lib/thumb/cortex-m4/float-abi-hard/fpuv4-sp-d16/libc.a(lib_a-wbuf.o)
 .debug_loc     0x000000000001019f      0x1fa /home/dl0/sat/lib/gcc/arm-none-eabi/5.3.0/../../../../arm-none-eabi/lib/thumb/cortex-m4/float-abi-hard/fpuv4-sp-d16/libc.a(lib_a-wcrtomb.o)
 .debug_loc     0x0000000000010399      0x124 /home/dl0/sat/lib/gcc/arm-none-eabi/5.3.0/../../../../arm-none-eabi/lib/thumb/cortex-m4/float-abi-hard/fpuv4-sp-d16/libc.a(lib_a-wctomb_r.o)

.debug_aranges  0x0000000000000000      0xc10
 .debug_aranges
                0x0000000000000000       0x28 /home/dl0/Documents/Stage_Recherche/Prog_/c-uart_stm32_integ/c-uart-interface_scheduler__/testing__/atomthreads_custom/ports/cortex-m/build/tests-main.o
 .debug_aranges
                0x0000000000000028       0x28 /home/dl0/Documents/Stage_Recherche/Prog_/c-uart_stm32_integ/c-uart-interface_scheduler__/testing__/atomthreads_custom/ports/cortex-m/build/board_setup.o
 .debug_aranges